Archive member included to satisfy reference by file (symbol)

C:/ProgramData/MATLAB/SupportPackages/R2020a/3P.instrset/cmsis.instrset/CMSIS/RTOS/RTX/LIB/GCC/libRTX_CM4.a(rt_cmsis.o)
                              RTX_Conf_CM.o (osKernelInitialize)
C:/ProgramData/MATLAB/SupportPackages/R2020a/3P.instrset/cmsis.instrset/CMSIS/RTOS/RTX/LIB/GCC/libRTX_CM4.a(hal_cm.o)
                              C:/ProgramData/MATLAB/SupportPackages/R2020a/3P.instrset/cmsis.instrset/CMSIS/RTOS/RTX/LIB/GCC/libRTX_CM4.a(rt_cmsis.o) (rt_ret_val)
C:/ProgramData/MATLAB/SupportPackages/R2020a/3P.instrset/cmsis.instrset/CMSIS/RTOS/RTX/LIB/GCC/libRTX_CM4.a(rt_memory.o)
                              C:/ProgramData/MATLAB/SupportPackages/R2020a/3P.instrset/cmsis.instrset/CMSIS/RTOS/RTX/LIB/GCC/libRTX_CM4.a(rt_cmsis.o) (rt_init_mem)
C:/ProgramData/MATLAB/SupportPackages/R2020a/3P.instrset/cmsis.instrset/CMSIS/RTOS/RTX/LIB/GCC/libRTX_CM4.a(rt_membox.o)
                              C:/ProgramData/MATLAB/SupportPackages/R2020a/3P.instrset/cmsis.instrset/CMSIS/RTOS/RTX/LIB/GCC/libRTX_CM4.a(rt_cmsis.o) (_init_box)
C:/ProgramData/MATLAB/SupportPackages/R2020a/3P.instrset/cmsis.instrset/CMSIS/RTOS/RTX/LIB/GCC/libRTX_CM4.a(rt_mutex.o)
                              C:/ProgramData/MATLAB/SupportPackages/R2020a/3P.instrset/cmsis.instrset/CMSIS/RTOS/RTX/LIB/GCC/libRTX_CM4.a(rt_cmsis.o) (rt_mut_init)
C:/ProgramData/MATLAB/SupportPackages/R2020a/3P.instrset/cmsis.instrset/CMSIS/RTOS/RTX/LIB/GCC/libRTX_CM4.a(rt_time.o)
                              C:/ProgramData/MATLAB/SupportPackages/R2020a/3P.instrset/cmsis.instrset/CMSIS/RTOS/RTX/LIB/GCC/libRTX_CM4.a(rt_cmsis.o) (os_time)
C:/ProgramData/MATLAB/SupportPackages/R2020a/3P.instrset/cmsis.instrset/CMSIS/RTOS/RTX/LIB/GCC/libRTX_CM4.a(rt_semaphore.o)
                              C:/ProgramData/MATLAB/SupportPackages/R2020a/3P.instrset/cmsis.instrset/CMSIS/RTOS/RTX/LIB/GCC/libRTX_CM4.a(rt_cmsis.o) (rt_sem_init)
C:/ProgramData/MATLAB/SupportPackages/R2020a/3P.instrset/cmsis.instrset/CMSIS/RTOS/RTX/LIB/GCC/libRTX_CM4.a(rt_mailbox.o)
                              C:/ProgramData/MATLAB/SupportPackages/R2020a/3P.instrset/cmsis.instrset/CMSIS/RTOS/RTX/LIB/GCC/libRTX_CM4.a(rt_cmsis.o) (rt_mbx_init)
C:/ProgramData/MATLAB/SupportPackages/R2020a/3P.instrset/cmsis.instrset/CMSIS/RTOS/RTX/LIB/GCC/libRTX_CM4.a(rt_list.o)
                              C:/ProgramData/MATLAB/SupportPackages/R2020a/3P.instrset/cmsis.instrset/CMSIS/RTOS/RTX/LIB/GCC/libRTX_CM4.a(rt_cmsis.o) (rt_put_prio)
C:/ProgramData/MATLAB/SupportPackages/R2020a/3P.instrset/cmsis.instrset/CMSIS/RTOS/RTX/LIB/GCC/libRTX_CM4.a(rt_event.o)
                              C:/ProgramData/MATLAB/SupportPackages/R2020a/3P.instrset/cmsis.instrset/CMSIS/RTOS/RTX/LIB/GCC/libRTX_CM4.a(rt_cmsis.o) (rt_evt_wait)
C:/ProgramData/MATLAB/SupportPackages/R2020a/3P.instrset/cmsis.instrset/CMSIS/RTOS/RTX/LIB/GCC/libRTX_CM4.a(rt_system.o)
                              C:/ProgramData/MATLAB/SupportPackages/R2020a/3P.instrset/cmsis.instrset/CMSIS/RTOS/RTX/LIB/GCC/libRTX_CM4.a(rt_cmsis.o) (rt_suspend)
C:/ProgramData/MATLAB/SupportPackages/R2020a/3P.instrset/cmsis.instrset/CMSIS/RTOS/RTX/LIB/GCC/libRTX_CM4.a(rt_task.o)
                              C:/ProgramData/MATLAB/SupportPackages/R2020a/3P.instrset/cmsis.instrset/CMSIS/RTOS/RTX/LIB/GCC/libRTX_CM4.a(rt_system.o) (rt_switch_req)
C:/ProgramData/MATLAB/SupportPackages/R2020a/3P.instrset/cmsis.instrset/CMSIS/RTOS/RTX/LIB/GCC/libRTX_CM4.a(hal_cm4.o)
                              C:/ProgramData/MATLAB/SupportPackages/R2020a/3P.instrset/cmsis.instrset/CMSIS/RTOS/RTX/LIB/GCC/libRTX_CM4.a(rt_task.o) (rt_get_PSP)
C:/ProgramData/MATLAB/SupportPackages/R2020a/3P.instrset/cmsis.instrset/CMSIS/RTOS/RTX/LIB/GCC/libRTX_CM4.a(svc_table.o)
                              C:/ProgramData/MATLAB/SupportPackages/R2020a/3P.instrset/cmsis.instrset/CMSIS/RTOS/RTX/LIB/GCC/libRTX_CM4.a(hal_cm4.o) (SVC_Table)
C:/ProgramData/MATLAB/SupportPackages/R2020a/3P.instrset/cmsis.instrset/CMSIS/RTOS/RTX/LIB/GCC/libRTX_CM4.a(rt_robin.o)
                              C:/ProgramData/MATLAB/SupportPackages/R2020a/3P.instrset/cmsis.instrset/CMSIS/RTOS/RTX/LIB/GCC/libRTX_CM4.a(rt_system.o) (os_robin)
C:/ProgramData/MATLAB/SupportPackages/R2020a/toolbox/target/supportpackages/freedomk64f/src/ksdk_armgcc_lib/bm/libksdk_platform.a(fsl_os_abstraction_bm.o)
                              hardware_init.o (OSA_Init)
C:/ProgramData/MATLAB/SupportPackages/R2020a/toolbox/target/supportpackages/freedomk64f/src/ksdk_armgcc_lib/bm/libksdk_platform.a(fsl_clock_manager.o)
                              board.o (CLOCK_SYS_OscInit)
C:/ProgramData/MATLAB/SupportPackages/R2020a/toolbox/target/supportpackages/freedomk64f/src/ksdk_armgcc_lib/bm/libksdk_platform.a(fsl_clock_manager_common.o)
                              C:/ProgramData/MATLAB/SupportPackages/R2020a/toolbox/target/supportpackages/freedomk64f/src/ksdk_armgcc_lib/bm/libksdk_platform.a(fsl_clock_manager.o) (g_oscBase)
[...]
Memory Configuration

Name             Origin             Length             Attributes
m_interrupts     0x00000000         0x00000400         xr
m_flash_config   0x00000400         0x00000010         xr
m_text           0x00000410         0x000ffbf0         xr
m_data_2         0x1fff0000         0x00010000         rw
m_data           0x20000000         0x00030000         rw
*default*        0x00000000         0xffffffff

Linker script and memory map

LOAD c:/progra~3/matlab/suppor~1/r2020a/3p778c~1.ins/gnuarm~1.ins/win/bin/../lib/gcc/arm-none-eabi/7.2.1/thumb/v7e-m/fpv4-sp/hard/crti.o
LOAD c:/progra~3/matlab/suppor~1/r2020a/3p778c~1.ins/gnuarm~1.ins/win/bin/../lib/gcc/arm-none-eabi/7.2.1/thumb/v7e-m/fpv4-sp/hard/crtbegin.o
LOAD c:/progra~3/matlab/suppor~1/r2020a/3p778c~1.ins/gnuarm~1.ins/win/bin/../lib/gcc/arm-none-eabi/7.2.1/../../../../arm-none-eabi/lib/thumb/v7e-m/fpv4-sp/hard/crt0.o
LOAD MW_PWM.o
LOAD MW_digitalIO.o
LOAD RTX_Conf_CM.o
LOAD board.o
LOAD cmsis_rtos_init.o
LOAD ert_main.o
LOAD fsl_edma_irq.o
LOAD fsl_misc_utilities.o
LOAD fsl_uart_irq.o
LOAD hardware_init.o
LOAD irq_stub.o
LOAD mw_sdk_interface.o
LOAD mw_semaphore.o
LOAD mw_signal.o
LOAD mw_thread.o
LOAD mw_timer.o
LOAD pacemaker_simulink.o
LOAD pacemaker_simulink_data.o
LOAD pin_mux.o
LOAD sbrk.o
LOAD startup.o
LOAD startup_MK64F12.o
LOAD system_MK64F12.o
LOAD C:/ProgramData/MATLAB/SupportPackages/R2020a/3P.instrset/cmsis.instrset/CMSIS/Lib/GCC/libarm_cortexM4lf_math.a
LOAD C:/ProgramData/MATLAB/SupportPackages/R2020a/3P.instrset/cmsis.instrset/CMSIS/RTOS/RTX/LIB/GCC/libRTX_CM4.a
LOAD C:/ProgramData/MATLAB/SupportPackages/R2020a/toolbox/target/supportpackages/freedomk64f/src/ksdk_armgcc_lib/bm/libksdk_platform.a
LOAD c:/progra~3/matlab/suppor~1/r2020a/3p778c~1.ins/gnuarm~1.ins/win/bin/../lib/gcc/arm-none-eabi/7.2.1/../../../../arm-none-eabi/lib/thumb/v7e-m/fpv4-sp/hard\libstdc++.a
LOAD c:/progra~3/matlab/suppor~1/r2020a/3p778c~1.ins/gnuarm~1.ins/win/bin/../lib/gcc/arm-none-eabi/7.2.1/../../../../arm-none-eabi/lib/thumb/v7e-m/fpv4-sp/hard\libm.a
START GROUP
LOAD c:/progra~3/matlab/suppor~1/r2020a/3p778c~1.ins/gnuarm~1.ins/win/bin/../lib/gcc/arm-none-eabi/7.2.1/thumb/v7e-m/fpv4-sp/hard\libgcc.a
LOAD c:/progra~3/matlab/suppor~1/r2020a/3p778c~1.ins/gnuarm~1.ins/win/bin/../lib/gcc/arm-none-eabi/7.2.1/../../../../arm-none-eabi/lib/thumb/v7e-m/fpv4-sp/hard\libg.a
LOAD c:/progra~3/matlab/suppor~1/r2020a/3p778c~1.ins/gnuarm~1.ins/win/bin/../lib/gcc/arm-none-eabi/7.2.1/../../../../arm-none-eabi/lib/thumb/v7e-m/fpv4-sp/hard\libc.a
END GROUP
START GROUP
LOAD c:/progra~3/matlab/suppor~1/r2020a/3p778c~1.ins/gnuarm~1.ins/win/bin/../lib/gcc/arm-none-eabi/7.2.1/thumb/v7e-m/fpv4-sp/hard\libgcc.a
LOAD c:/progra~3/matlab/suppor~1/r2020a/3p778c~1.ins/gnuarm~1.ins/win/bin/../lib/gcc/arm-none-eabi/7.2.1/../../../../arm-none-eabi/lib/thumb/v7e-m/fpv4-sp/hard\libc.a
LOAD c:/progra~3/matlab/suppor~1/r2020a/3p778c~1.ins/gnuarm~1.ins/win/bin/../lib/gcc/arm-none-eabi/7.2.1/../../../../arm-none-eabi/lib/thumb/v7e-m/fpv4-sp/hard\libnosys.a
END GROUP
LOAD c:/progra~3/matlab/suppor~1/r2020a/3p778c~1.ins/gnuarm~1.ins/win/bin/../lib/gcc/arm-none-eabi/7.2.1/thumb/v7e-m/fpv4-sp/hard/crtend.o
LOAD c:/progra~3/matlab/suppor~1/r2020a/3p778c~1.ins/gnuarm~1.ins/win/bin/../lib/gcc/arm-none-eabi/7.2.1/thumb/v7e-m/fpv4-sp/hard/crtn.o
                0x00000400                HEAP_SIZE = DEFINED (__heap_size__)?__heap_size__:0x400
                0x00000400                STACK_SIZE = DEFINED (__stack_size__)?__stack_size__:0x400
                0x00000000                M_VECTOR_RAM_SIZE = DEFINED (__ram_vector_table__)?0x400:0x0

.interrupts     0x00000000      0x400
                0x00000000                __VECTOR_TABLE = .
                0x00000000                . = ALIGN (0x4)
 *(.isr_vector)
 .isr_vector    0x00000000      0x400 startup_MK64F12.o
                0x00000000                __isr_vector
                0x00000400                . = ALIGN (0x4)

.flash_config   0x00000400       0x10
                0x00000400                . = ALIGN (0x4)
 *(.FlashConfig)
 .FlashConfig   0x00000400       0x10 startup_MK64F12.o
                0x00000410                . = ALIGN (0x4)

.text           0x00000440     0xb9a4
                0x00000440                . = ALIGN (0x4)
 *(.text)
 .text          0x00000440       0x40 c:/progra~3/matlab/suppor~1/r2020a/3p778c~1.ins/gnuarm~1.ins/win/bin/../lib/gcc/arm-none-eabi/7.2.1/thumb/v7e-m/fpv4-sp/hard/crtbegin.o
 .text          0x00000480       0x74 c:/progra~3/matlab/suppor~1/r2020a/3p778c~1.ins/gnuarm~1.ins/win/bin/../lib/gcc/arm-none-eabi/7.2.1/../../../../arm-none-eabi/lib/thumb/v7e-m/fpv4-sp/hard/crt0.o
                0x00000480                _start
                0x00000480                _mainCRTStartup
 .text          0x000004f4       0x14 startup_MK64F12.o
                0x000004f4                Reset_Handler
                0x00000504                ENET_Receive_IRQHandler
                0x00000504                ENET_1588_Timer_IRQHandler
                0x00000504                DefaultISR
                0x00000504                PIT2_IRQHandler
                0x00000504                PIT0_IRQHandler
                0x00000504                ENET_Error_IRQHandler
                0x00000504                PIT3_IRQHandler
                0x00000504                SDHC_IRQHandler
                0x00000504                ENET_Transmit_IRQHandler
                0x00000504                PIT1_IRQHandler
 .text          0x00000508      0x198 C:/ProgramData/MATLAB/SupportPackages/R2020a/3P.instrset/cmsis.instrset/CMSIS/RTOS/RTX/LIB/GCC/libRTX_CM4.a(hal_cm4.o)
                0x00000508                rt_set_PSP
                0x0000050e                rt_get_PSP
                0x00000514                os_set_env
                0x0000052c                _alloc_box
                0x00000548                _free_box
                0x00000564                SVC_Handler
                0x0000060a                PendSV_Handler
                0x00000610                Sys_Switch
                0x0000066a                SysTick_Handler
                0x00000674                OS_Tick_Handler
 .text          0x000006a0      0x378 c:/progra~3/matlab/suppor~1/r2020a/3p778c~1.ins/gnuarm~1.ins/win/bin/../lib/gcc/arm-none-eabi/7.2.1/thumb/v7e-m/fpv4-sp/hard\libgcc.a(_arm_addsubdf3.o)
                0x000006a0                __aeabi_drsub
                0x000006a8                __aeabi_dsub
                0x000006a8                __subdf3
                0x000006ac                __aeabi_dadd
                0x000006ac                __adddf3
                0x00000924                __floatunsidf
                0x00000924                __aeabi_ui2d
                0x00000944                __floatsidf
                0x00000944                __aeabi_i2d
                0x00000968                __aeabi_f2d
                0x00000968                __extendsfdf2
                0x000009ac                __floatundidf
                0x000009ac                __aeabi_ul2d
                0x000009bc                __floatdidf
                0x000009bc                __aeabi_l2d
 .text          0x00000a18      0x424 c:/progra~3/matlab/suppor~1/r2020a/3p778c~1.ins/gnuarm~1.ins/win/bin/../lib/gcc/arm-none-eabi/7.2.1/thumb/v7e-m/fpv4-sp/hard\libgcc.a(_arm_muldivdf3.o)
                0x00000a18                __aeabi_dmul
                0x00000a18                __muldf3
                0x00000c6c                __divdf3
                0x00000c6c                __aeabi_ddiv
 .text          0x00000e3c      0x110 c:/progra~3/matlab/suppor~1/r2020a/3p778c~1.ins/gnuarm~1.ins/win/bin/../lib/gcc/arm-none-eabi/7.2.1/thumb/v7e-m/fpv4-sp/hard\libgcc.a(_arm_cmpdf2.o)
                0x00000e3c                __gtdf2
                0x00000e3c                __gedf2
                0x00000e44                __ltdf2
                0x00000e44                __ledf2
                0x00000e4c                __nedf2
                0x00000e4c                __eqdf2
                0x00000e4c                __cmpdf2
                0x00000ec8                __aeabi_cdrcmple
                0x00000ed8                __aeabi_cdcmpeq
                0x00000ed8                __aeabi_cdcmple
                0x00000ee8                __aeabi_dcmpeq
                0x00000efc                __aeabi_dcmplt
                0x00000f10                __aeabi_dcmple
                0x00000f24                __aeabi_dcmpge
                0x00000f38                __aeabi_dcmpgt
 .text          0x00000f4c       0x50 c:/progra~3/matlab/suppor~1/r2020a/3p778c~1.ins/gnuarm~1.ins/win/bin/../lib/gcc/arm-none-eabi/7.2.1/thumb/v7e-m/fpv4-sp/hard\libgcc.a(_arm_fixdfsi.o)
                0x00000f4c                __aeabi_d2iz
                0x00000f4c                __fixdfsi
 .text          0x00000f9c       0x40 c:/progra~3/matlab/suppor~1/r2020a/3p778c~1.ins/gnuarm~1.ins/win/bin/../lib/gcc/arm-none-eabi/7.2.1/thumb/v7e-m/fpv4-sp/hard\libgcc.a(_arm_fixunsdfsi.o)
                0x00000f9c                __aeabi_d2uiz
                0x00000f9c                __fixunsdfsi
 .text          0x00000fdc       0x30 c:/progra~3/matlab/suppor~1/r2020a/3p778c~1.ins/gnuarm~1.ins/win/bin/../lib/gcc/arm-none-eabi/7.2.1/thumb/v7e-m/fpv4-sp/hard\libgcc.a(_aeabi_uldivmod.o)
                0x00000fdc                __aeabi_uldivmod
 .text          0x0000100c      0x2cc c:/progra~3/matlab/suppor~1/r2020a/3p778c~1.ins/gnuarm~1.ins/win/bin/../lib/gcc/arm-none-eabi/7.2.1/thumb/v7e-m/fpv4-sp/hard\libgcc.a(_udivmoddi4.o)
                0x0000100c                __udivmoddi4
 .text          0x000012d8      0x9ec c:/progra~3/matlab/suppor~1/r2020a/3p778c~1.ins/gnuarm~1.ins/win/bin/../lib/gcc/arm-none-eabi/7.2.1/thumb/v7e-m/fpv4-sp/hard\libgcc.a(unwind-arm.o)
                0x0000158c                _Unwind_GetCFA
                0x00001590                __gnu_Unwind_RaiseException
                0x000015f0                __gnu_Unwind_ForcedUnwind
                0x00001604                __gnu_Unwind_Resume
                0x00001648                __gnu_Unwind_Resume_or_Rethrow
                0x00001658                _Unwind_Complete
                0x0000165c                _Unwind_DeleteException
                0x00001668                _Unwind_VRS_Get
                0x000016ac                _Unwind_VRS_Set
                0x000016f4                __gnu_Unwind_Backtrace
                0x00001a38                __aeabi_unwind_cpp_pr0
                0x00001a3c                __aeabi_unwind_cpp_pr1
                0x00001a40                __aeabi_unwind_cpp_pr2
                0x00001a44                _Unwind_VRS_Pop
 .text          0x00001cc4      0x1ac c:/progra~3/matlab/suppor~1/r2020a/3p778c~1.ins/gnuarm~1.ins/win/bin/../lib/gcc/arm-none-eabi/7.2.1/thumb/v7e-m/fpv4-sp/hard\libgcc.a(libunwind.o)
                0x00001cc4                __restore_core_regs
                0x00001cc4                restore_core_regs
                0x00001cdc                __gnu_Unwind_Restore_VFP
                0x00001ce4                __gnu_Unwind_Save_VFP
                0x00001cec                __gnu_Unwind_Restore_VFP_D
                0x00001cf4                __gnu_Unwind_Save_VFP_D
                0x00001cfc                __gnu_Unwind_Restore_VFP_D_16_to_31
                0x00001d04                __gnu_Unwind_Save_VFP_D_16_to_31
                0x00001d0c                __gnu_Unwind_Restore_WMMXD
                0x00001d50                __gnu_Unwind_Save_WMMXD
                0x00001d94                __gnu_Unwind_Restore_WMMXC
                0x00001da8                __gnu_Unwind_Save_WMMXC
                0x00001dbc                ___Unwind_RaiseException
                0x00001dbc                _Unwind_RaiseException
                0x00001de0                _Unwind_Resume
                0x00001de0                ___Unwind_Resume
                0x00001e04                _Unwind_Resume_or_Rethrow
                0x00001e04                ___Unwind_Resume_or_Rethrow
                0x00001e28                _Unwind_ForcedUnwind
                0x00001e28                ___Unwind_ForcedUnwind
                0x00001e4c                ___Unwind_Backtrace
                0x00001e4c                _Unwind_Backtrace
 .text          0x00001e70      0x374 c:/progra~3/matlab/suppor~1/r2020a/3p778c~1.ins/gnuarm~1.ins/win/bin/../lib/gcc/arm-none-eabi/7.2.1/thumb/v7e-m/fpv4-sp/hard\libgcc.a(pr-support.o)
                0x00001ec8                __gnu_unwind_execute
                0x0000218c                __gnu_unwind_frame
                0x000021b4                _Unwind_GetRegionStart
                0x000021c0                _Unwind_GetLanguageSpecificData
                0x000021d4                _Unwind_GetDataRelBase
                0x000021dc                _Unwind_GetTextRelBase
 .text          0x000021e4        0x4 c:/progra~3/matlab/suppor~1/r2020a/3p778c~1.ins/gnuarm~1.ins/win/bin/../lib/gcc/arm-none-eabi/7.2.1/thumb/v7e-m/fpv4-sp/hard\libgcc.a(_dvmd_tls.o)
                0x000021e4                __aeabi_idiv0
                0x000021e4                __aeabi_ldiv0
 .text          0x000021e8      0x134 c:/progra~3/matlab/suppor~1/r2020a/3p778c~1.ins/gnuarm~1.ins/win/bin/../lib/gcc/arm-none-eabi/7.2.1/../../../../arm-none-eabi/lib/thumb/v7e-m/fpv4-sp/hard\libg.a(lib_a-memcpy.o)
                0x000021e8                memcpy
 *fill*         0x0000231c        0x4 
 .text          0x00002320       0xa0 c:/progra~3/matlab/suppor~1/r2020a/3p778c~1.ins/gnuarm~1.ins/win/bin/../lib/gcc/arm-none-eabi/7.2.1/../../../../arm-none-eabi/lib/thumb/v7e-m/fpv4-sp/hard\libg.a(lib_a-memchr.o)
                0x00002320                memchr
 .text          0x000023c0       0xdc c:/progra~3/matlab/suppor~1/r2020a/3p778c~1.ins/gnuarm~1.ins/win/bin/../lib/gcc/arm-none-eabi/7.2.1/../../../../arm-none-eabi/lib/thumb/v7e-m/fpv4-sp/hard\libg.a(lib_a-strlen.o)
                0x000023c0                strlen
 *(.text*)
 .text.PORT_HAL_SetMuxMode
                0x0000249c       0x58 MW_PWM.o
 .text.FTM_HAL_SetClockSource
                0x000024f4       0x2e MW_PWM.o
 *fill*         0x00002522        0x2 
 .text.MW_PWM_Open
                0x00002524      0x164 MW_PWM.o
                0x00002524                MW_PWM_Open
 .text.MW_PWM_Start
                0x00002688       0x14 MW_PWM.o
                0x00002688                MW_PWM_Start
 .text.MW_PWM_SetDutyCycle
                0x0000269c       0x7c MW_PWM.o
                0x0000269c                MW_PWM_SetDutyCycle
 .text.MW_PWM_Stop
                0x00002718       0x2c MW_PWM.o
                0x00002718                MW_PWM_Stop
 .text.MW_PWM_Close
                0x00002744       0x14 MW_PWM.o
                0x00002744                MW_PWM_Close
 .text.MW_digitalIO_open
                0x00002758       0xe0 MW_digitalIO.o
                0x00002758                MW_digitalIO_open
 .text.MW_digitalIO_read
                0x00002838       0x70 MW_digitalIO.o
                0x00002838                MW_digitalIO_read
 .text.MW_digitalIO_write
                0x000028a8       0x7e MW_digitalIO.o
                0x000028a8                MW_digitalIO_write
 .text.MW_digitalIO_close
                0x00002926       0x3c MW_digitalIO.o
                0x00002926                MW_digitalIO_close
 .text.os_idle_demon
                0x00002962        0x6 RTX_Conf_CM.o
                0x00002962                os_idle_demon
 .text.os_error
                0x00002968       0x2c RTX_Conf_CM.o
                0x00002968                os_error
 .text.rt_init_robin
                0x00002994        0x2 RTX_Conf_CM.o
                0x00002994                rt_init_robin
 .text.rt_chk_robin
                0x00002996        0x2 RTX_Conf_CM.o
                0x00002996                rt_chk_robin
 .text.software_init_hook
                0x00002998       0x34 RTX_Conf_CM.o
                0x00002998                software_init_hook
 .text.PORT_HAL_SetMuxMode
                0x000029cc       0x58 board.o
 .text.SMC_HAL_SetProtection
                0x00002a24       0x1e board.o
 *fill*         0x00002a42        0x2 
 .text.BOARD_InitOsc0
                0x00002a44       0x30 board.o
                0x00002a44                BOARD_InitOsc0
 .text.BOARD_InitRtcOsc
                0x00002a74       0x28 board.o
                0x00002a74                BOARD_InitRtcOsc
 .text.BOARD_ClockInit
                0x00002a9c       0x34 board.o
                0x00002a9c                BOARD_ClockInit
 .text.schedulerTask
                0x00002ad0       0x1c cmsis_rtos_init.o
                0x00002ad0                schedulerTask
 .text.mw_initSignalEvents
                0x00002aec       0x40 cmsis_rtos_init.o
                0x00002aec                mw_initSignalEvents
 .text.mw_RTOSInit
                0x00002b2c       0x8c cmsis_rtos_init.o
                0x00002b2c                mw_RTOSInit
 .text.baseRateTask
                0x00002bb8       0x7c ert_main.o
                0x00002bb8                baseRateTask
 .text.terminateTask
                0x00002c34       0x34 ert_main.o
                0x00002c34                terminateTask
 .text.main     0x00002c68       0x48 ert_main.o
                0x00002c68                main
 .text.DMA0_IRQHandler
                0x00002cb0        0xe fsl_edma_irq.o
                0x00002cb0                DMA0_IRQHandler
 .text.DMA1_IRQHandler
                0x00002cbe        0xe fsl_edma_irq.o
                0x00002cbe                DMA1_IRQHandler
 .text.DMA2_IRQHandler
                0x00002ccc        0xe fsl_edma_irq.o
                0x00002ccc                DMA2_IRQHandler
 .text.DMA3_IRQHandler
                0x00002cda        0xe fsl_edma_irq.o
                0x00002cda                DMA3_IRQHandler
 .text.DMA4_IRQHandler
                0x00002ce8        0xe fsl_edma_irq.o
                0x00002ce8                DMA4_IRQHandler
 .text.DMA5_IRQHandler
                0x00002cf6        0xe fsl_edma_irq.o
                0x00002cf6                DMA5_IRQHandler
 .text.DMA6_IRQHandler
                0x00002d04        0xe fsl_edma_irq.o
                0x00002d04                DMA6_IRQHandler
 .text.DMA7_IRQHandler
                0x00002d12        0xe fsl_edma_irq.o
                0x00002d12                DMA7_IRQHandler
 .text.DMA8_IRQHandler
                0x00002d20        0xe fsl_edma_irq.o
                0x00002d20                DMA8_IRQHandler
 .text.DMA9_IRQHandler
                0x00002d2e        0xe fsl_edma_irq.o
                0x00002d2e                DMA9_IRQHandler
 .text.DMA10_IRQHandler
                0x00002d3c        0xe fsl_edma_irq.o
                0x00002d3c                DMA10_IRQHandler
 .text.DMA11_IRQHandler
                0x00002d4a        0xe fsl_edma_irq.o
                0x00002d4a                DMA11_IRQHandler
 .text.DMA12_IRQHandler
                0x00002d58        0xe fsl_edma_irq.o
                0x00002d58                DMA12_IRQHandler
 .text.DMA13_IRQHandler
                0x00002d66        0xe fsl_edma_irq.o
                0x00002d66                DMA13_IRQHandler
 .text.DMA14_IRQHandler
                0x00002d74        0xe fsl_edma_irq.o
                0x00002d74                DMA14_IRQHandler
 .text.DMA15_IRQHandler
                0x00002d82        0xe fsl_edma_irq.o
                0x00002d82                DMA15_IRQHandler
 .text.DMA_Error_IRQHandler
                0x00002d90        0xe fsl_edma_irq.o
                0x00002d90                DMA_Error_IRQHandler
 .text.UART0_RX_TX_IRQHandler
                0x00002d9e        0xe fsl_uart_irq.o
                0x00002d9e                UART0_RX_TX_IRQHandler
 .text.UART1_RX_TX_IRQHandler
                0x00002dac        0xe fsl_uart_irq.o
                0x00002dac                UART1_RX_TX_IRQHandler
 .text.UART2_RX_TX_IRQHandler
                0x00002dba        0xe fsl_uart_irq.o
                0x00002dba                UART2_RX_TX_IRQHandler
 .text.UART3_RX_TX_IRQHandler
                0x00002dc8        0xe fsl_uart_irq.o
                0x00002dc8                UART3_RX_TX_IRQHandler
 .text.UART4_RX_TX_IRQHandler
                0x00002dd6        0xe fsl_uart_irq.o
                0x00002dd6                UART4_RX_TX_IRQHandler
 .text.UART5_RX_TX_IRQHandler
                0x00002de4        0xe fsl_uart_irq.o
                0x00002de4                UART5_RX_TX_IRQHandler
 .text.hardware_init
                0x00002df2       0x30 hardware_init.o
                0x00002df2                hardware_init
 .text.NMI_Handler
                0x00002e22        0x6 irq_stub.o
                0x00002e22                NMI_Handler
 .text.HardFault_Handler
                0x00002e28        0x6 irq_stub.o
                0x00002e28                HardFault_Handler
 .text.MemManage_Handler
                0x00002e2e        0x6 irq_stub.o
                0x00002e2e                MemManage_Handler
 .text.BusFault_Handler
                0x00002e34        0x6 irq_stub.o
                0x00002e34                BusFault_Handler
 .text.UsageFault_Handler
                0x00002e3a        0x6 irq_stub.o
                0x00002e3a                UsageFault_Handler
 .text.DebugMon_Handler
                0x00002e40        0x6 irq_stub.o
                0x00002e40                DebugMon_Handler
 .text.MCM_IRQHandler
                0x00002e46        0x6 irq_stub.o
                0x00002e46                MCM_IRQHandler
 .text.FTFE_IRQHandler
                0x00002e4c        0x6 irq_stub.o
                0x00002e4c                FTFE_IRQHandler
 .text.Read_Collision_IRQHandler
                0x00002e52        0x6 irq_stub.o
                0x00002e52                Read_Collision_IRQHandler
 .text.LVD_LVW_IRQHandler
                0x00002e58        0x6 irq_stub.o
                0x00002e58                LVD_LVW_IRQHandler
 .text.LLWU_IRQHandler
                0x00002e5e        0x6 irq_stub.o
                0x00002e5e                LLWU_IRQHandler
 .text.WDOG_EWM_IRQHandler
                0x00002e64        0x6 irq_stub.o
                0x00002e64                WDOG_EWM_IRQHandler
 .text.RNG_IRQHandler
                0x00002e6a        0x6 irq_stub.o
                0x00002e6a                RNG_IRQHandler
 .text.I2C0_IRQHandler
                0x00002e70        0x6 irq_stub.o
                0x00002e70                I2C0_IRQHandler
 .text.I2C1_IRQHandler
                0x00002e76        0x6 irq_stub.o
                0x00002e76                I2C1_IRQHandler
 .text.SPI0_IRQHandler
                0x00002e7c        0x6 irq_stub.o
                0x00002e7c                SPI0_IRQHandler
 .text.SPI1_IRQHandler
                0x00002e82        0x6 irq_stub.o
                0x00002e82                SPI1_IRQHandler
 .text.I2S0_Tx_IRQHandler
                0x00002e88        0x6 irq_stub.o
                0x00002e88                I2S0_Tx_IRQHandler
 .text.I2S0_Rx_IRQHandler
                0x00002e8e        0x6 irq_stub.o
                0x00002e8e                I2S0_Rx_IRQHandler
 .text.UART0_LON_IRQHandler
                0x00002e94        0x6 irq_stub.o
                0x00002e94                UART0_LON_IRQHandler
 .text.UART0_ERR_IRQHandler
                0x00002e9a        0x6 irq_stub.o
                0x00002e9a                UART0_ERR_IRQHandler
 .text.UART1_ERR_IRQHandler
                0x00002ea0        0x6 irq_stub.o
                0x00002ea0                UART1_ERR_IRQHandler
 .text.UART2_ERR_IRQHandler
                0x00002ea6        0x6 irq_stub.o
                0x00002ea6                UART2_ERR_IRQHandler
 .text.UART3_ERR_IRQHandler
                0x00002eac        0x6 irq_stub.o
                0x00002eac                UART3_ERR_IRQHandler
 .text.ADC0_IRQHandler
                0x00002eb2        0x6 irq_stub.o
                0x00002eb2                ADC0_IRQHandler
 .text.CMP0_IRQHandler
                0x00002eb8        0x6 irq_stub.o
                0x00002eb8                CMP0_IRQHandler
 .text.CMP1_IRQHandler
                0x00002ebe        0x6 irq_stub.o
                0x00002ebe                CMP1_IRQHandler
 .text.FTM0_IRQHandler
                0x00002ec4        0x6 irq_stub.o
                0x00002ec4                FTM0_IRQHandler
 .text.FTM1_IRQHandler
                0x00002eca        0x6 irq_stub.o
                0x00002eca                FTM1_IRQHandler
 .text.FTM2_IRQHandler
                0x00002ed0        0x6 irq_stub.o
                0x00002ed0                FTM2_IRQHandler
 .text.CMT_IRQHandler
                0x00002ed6        0x6 irq_stub.o
                0x00002ed6                CMT_IRQHandler
 .text.RTC_IRQHandler
                0x00002edc        0x6 irq_stub.o
                0x00002edc                RTC_IRQHandler
 .text.RTC_Seconds_IRQHandler
                0x00002ee2        0x6 irq_stub.o
                0x00002ee2                RTC_Seconds_IRQHandler
 .text.PDB0_IRQHandler
                0x00002ee8        0x6 irq_stub.o
                0x00002ee8                PDB0_IRQHandler
 .text.USB0_IRQHandler
                0x00002eee        0x6 irq_stub.o
                0x00002eee                USB0_IRQHandler
 .text.USBDCD_IRQHandler
                0x00002ef4        0x6 irq_stub.o
                0x00002ef4                USBDCD_IRQHandler
 .text.Reserved71_IRQHandler
                0x00002efa        0x6 irq_stub.o
                0x00002efa                Reserved71_IRQHandler
 .text.DAC0_IRQHandler
                0x00002f00        0x6 irq_stub.o
                0x00002f00                DAC0_IRQHandler
 .text.MCG_IRQHandler
                0x00002f06        0x6 irq_stub.o
                0x00002f06                MCG_IRQHandler
 .text.LPTMR0_IRQHandler
                0x00002f0c        0x6 irq_stub.o
                0x00002f0c                LPTMR0_IRQHandler
 .text.PORTA_IRQHandler
                0x00002f12        0x6 irq_stub.o
                0x00002f12                PORTA_IRQHandler
 .text.PORTB_IRQHandler
                0x00002f18        0x6 irq_stub.o
                0x00002f18                PORTB_IRQHandler
 .text.PORTC_IRQHandler
                0x00002f1e        0x6 irq_stub.o
                0x00002f1e                PORTC_IRQHandler
 .text.PORTD_IRQHandler
                0x00002f24        0x6 irq_stub.o
                0x00002f24                PORTD_IRQHandler
 .text.PORTE_IRQHandler
                0x00002f2a        0x6 irq_stub.o
                0x00002f2a                PORTE_IRQHandler
 .text.SWI_IRQHandler
                0x00002f30        0x6 irq_stub.o
                0x00002f30                SWI_IRQHandler
 .text.SPI2_IRQHandler
                0x00002f36        0x6 irq_stub.o
                0x00002f36                SPI2_IRQHandler
 .text.UART4_ERR_IRQHandler
                0x00002f3c        0x6 irq_stub.o
                0x00002f3c                UART4_ERR_IRQHandler
 .text.UART5_ERR_IRQHandler
                0x00002f42        0x6 irq_stub.o
                0x00002f42                UART5_ERR_IRQHandler
 .text.CMP2_IRQHandler
                0x00002f48        0x6 irq_stub.o
                0x00002f48                CMP2_IRQHandler
 .text.FTM3_IRQHandler
                0x00002f4e        0x6 irq_stub.o
                0x00002f4e                FTM3_IRQHandler
 .text.DAC1_IRQHandler
                0x00002f54        0x6 irq_stub.o
                0x00002f54                DAC1_IRQHandler
 .text.ADC1_IRQHandler
                0x00002f5a        0x6 irq_stub.o
                0x00002f5a                ADC1_IRQHandler
 .text.I2C2_IRQHandler
                0x00002f60        0x6 irq_stub.o
                0x00002f60                I2C2_IRQHandler
 .text.CAN0_ORed_Message_buffer_IRQHandler
                0x00002f66        0x6 irq_stub.o
                0x00002f66                CAN0_ORed_Message_buffer_IRQHandler
 .text.CAN0_Bus_Off_IRQHandler
                0x00002f6c        0x6 irq_stub.o
                0x00002f6c                CAN0_Bus_Off_IRQHandler
 .text.CAN0_Error_IRQHandler
                0x00002f72        0x6 irq_stub.o
                0x00002f72                CAN0_Error_IRQHandler
 .text.CAN0_Tx_Warning_IRQHandler
                0x00002f78        0x6 irq_stub.o
                0x00002f78                CAN0_Tx_Warning_IRQHandler
 .text.CAN0_Rx_Warning_IRQHandler
                0x00002f7e        0x6 irq_stub.o
                0x00002f7e                CAN0_Rx_Warning_IRQHandler
 .text.CAN0_Wake_Up_IRQHandler
                0x00002f84        0x6 irq_stub.o
                0x00002f84                CAN0_Wake_Up_IRQHandler
 .text.mw_osSignalSet
                0x00002f8a       0x2e mw_signal.o
                0x00002f8a                mw_osSignalSet
 .text.mw_osSignalClear
                0x00002fb8       0x26 mw_signal.o
                0x00002fb8                mw_osSignalClear
 .text.mw_osSignalWaitEver
                0x00002fde       0x20 mw_signal.o
                0x00002fde                mw_osSignalWaitEver
 .text.mw_osSignalEventCreate
                0x00002ffe       0x20 mw_signal.o
                0x00002ffe                mw_osSignalEventCreate
 .text.mw_osSignalEventRelease
                0x0000301e       0x26 mw_signal.o
                0x0000301e                mw_osSignalEventRelease
 .text.mw_osSignalEventWaitEver
                0x00003044       0x34 mw_signal.o
                0x00003044                mw_osSignalEventWaitEver
 .text.mw_osThreadCreate
                0x00003078       0x52 mw_thread.o
                0x00003078                mw_osThreadCreate
 .text.mw_osThreadGetId
                0x000030ca        0xe mw_thread.o
                0x000030ca                mw_osThreadGetId
 .text.mw_osThreadExit
                0x000030d8       0x22 mw_thread.o
                0x000030d8                mw_osThreadExit
 .text.mw_osTimerCreate
                0x000030fa       0x4e mw_timer.o
                0x000030fa                mw_osTimerCreate
 .text.mw_osTimerStart
                0x00003148       0x24 mw_timer.o
                0x00003148                mw_osTimerStart
 .text.enter_atomic_Charging_and_Sen_m
                0x0000316c       0xac pacemaker_simulink.o
 .text.rt_roundd_snf
                0x00003218       0xf4 pacemaker_simulink.o
                0x00003218                rt_roundd_snf
 .text.enter_atomic_Charging_and_S_mil
                0x0000330c       0xac pacemaker_simulink.o
 .text.pacemaker_simulink_AAI
                0x000033b8      0x5b4 pacemaker_simulink.o
 .text.enter_atomic_Charging_and_Sensi
                0x0000396c       0x90 pacemaker_simulink.o
 .text.enter_atomic_Charging_and_Se_mi
                0x000039fc       0x90 pacemaker_simulink.o
 .text.pacemaker_si_SystemCore_release
                0x00003a8c       0x2a pacemaker_simulink.o
 .text.pacemaker_sim_SystemCore_delete
                0x00003ab6       0x16 pacemaker_simulink.o
 .text.matlabCodegenHandle_matlabCodeg
                0x00003acc       0x24 pacemaker_simulink.o
 .text.pacemaker_SystemCore_release_o3
                0x00003af0       0x2a pacemaker_simulink.o
 .text.pacemaker__SystemCore_delete_o3
                0x00003b1a       0x16 pacemaker_simulink.o
 .text.matlabCodegenHandle_matlabCo_o3
                0x00003b30       0x24 pacemaker_simulink.o
 .text.pa_SystemCore_release_o3x4x4sg3
                0x00003b54       0x34 pacemaker_simulink.o
 .text.pac_SystemCore_delete_o3x4x4sg3
                0x00003b88       0x16 pacemaker_simulink.o
 .text.matlabCodegenHandle_m_o3x4x4sg3
                0x00003b9e       0x24 pacemaker_simulink.o
 *fill*         0x00003bc2        0x6 
 .text.pacemaker_simulink_step
                0x00003bc8      0xe8c pacemaker_simulink.o
                0x00003bc8                pacemaker_simulink_step
 *fill*         0x00004a54        0x4 
 .text.pacemaker_simulink_initialize
                0x00004a58      0x44c pacemaker_simulink.o
                0x00004a58                pacemaker_simulink_initialize
 .text.pacemaker_simulink_terminate
                0x00004ea4       0x94 pacemaker_simulink.o
                0x00004ea4                pacemaker_simulink_terminate
 .text._sbrk    0x00004f38       0x5c sbrk.o
                0x00004f38                _sbrk
 .text.init_data_bss
                0x00004f94       0xcc startup.o
                0x00004f94                init_data_bss
 .text.SystemInit
                0x00005060      0x1dc system_MK64F12.o
                0x00005060                SystemInit
 .text.SystemCoreClockUpdate
                0x0000523c      0x278 system_MK64F12.o
                0x0000523c                SystemCoreClockUpdate
 .text.osThreadExit
                0x000054b4       0x18 C:/ProgramData/MATLAB/SupportPackages/R2020a/3P.instrset/cmsis.instrset/CMSIS/RTOS/RTX/LIB/GCC/libRTX_CM4.a(rt_cmsis.o)
                0x000054b4                osThreadExit
 .text.svcKernelInitialize
                0x000054cc      0x100 C:/ProgramData/MATLAB/SupportPackages/R2020a/3P.instrset/cmsis.instrset/CMSIS/RTOS/RTX/LIB/GCC/libRTX_CM4.a(rt_cmsis.o)
                0x000054cc                svcKernelInitialize
 .text.svcKernelStart
                0x000055cc       0x4c C:/ProgramData/MATLAB/SupportPackages/R2020a/3P.instrset/cmsis.instrset/CMSIS/RTOS/RTX/LIB/GCC/libRTX_CM4.a(rt_cmsis.o)
                0x000055cc                svcKernelStart
 .text.osKernelInitialize
                0x00005618      0x120 C:/ProgramData/MATLAB/SupportPackages/R2020a/3P.instrset/cmsis.instrset/CMSIS/RTOS/RTX/LIB/GCC/libRTX_CM4.a(rt_cmsis.o)
                0x00005618                osKernelInitialize
 .text.osKernelStart
                0x00005738       0x70 C:/ProgramData/MATLAB/SupportPackages/R2020a/3P.instrset/cmsis.instrset/CMSIS/RTOS/RTX/LIB/GCC/libRTX_CM4.a(rt_cmsis.o)
                0x00005738                osKernelStart
 .text.svcThreadCreate
                0x000057a8       0x7c C:/ProgramData/MATLAB/SupportPackages/R2020a/3P.instrset/cmsis.instrset/CMSIS/RTOS/RTX/LIB/GCC/libRTX_CM4.a(rt_cmsis.o)
                0x000057a8                svcThreadCreate
 .text.svcThreadGetId
                0x00005824       0x18 C:/ProgramData/MATLAB/SupportPackages/R2020a/3P.instrset/cmsis.instrset/CMSIS/RTOS/RTX/LIB/GCC/libRTX_CM4.a(rt_cmsis.o)
                0x00005824                svcThreadGetId
 .text.svcThreadTerminate
                0x0000583c       0x44 C:/ProgramData/MATLAB/SupportPackages/R2020a/3P.instrset/cmsis.instrset/CMSIS/RTOS/RTX/LIB/GCC/libRTX_CM4.a(rt_cmsis.o)
                0x0000583c                svcThreadTerminate
 .text.osThreadCreate
                0x00005880       0x9c C:/ProgramData/MATLAB/SupportPackages/R2020a/3P.instrset/cmsis.instrset/CMSIS/RTOS/RTX/LIB/GCC/libRTX_CM4.a(rt_cmsis.o)
                0x00005880                osThreadCreate
 .text.osThreadGetId
                0x0000591c       0x18 C:/ProgramData/MATLAB/SupportPackages/R2020a/3P.instrset/cmsis.instrset/CMSIS/RTOS/RTX/LIB/GCC/libRTX_CM4.a(rt_cmsis.o)
                0x0000591c                osThreadGetId
 .text.osThreadTerminate
                0x00005934       0x18 C:/ProgramData/MATLAB/SupportPackages/R2020a/3P.instrset/cmsis.instrset/CMSIS/RTOS/RTX/LIB/GCC/libRTX_CM4.a(rt_cmsis.o)
                0x00005934                osThreadTerminate
 .text.svcTimerCreate
                0x0000594c       0x3c C:/ProgramData/MATLAB/SupportPackages/R2020a/3P.instrset/cmsis.instrset/CMSIS/RTOS/RTX/LIB/GCC/libRTX_CM4.a(rt_cmsis.o)
                0x0000594c                svcTimerCreate
 .text.svcTimerStart
                0x00005988       0xc8 C:/ProgramData/MATLAB/SupportPackages/R2020a/3P.instrset/cmsis.instrset/CMSIS/RTOS/RTX/LIB/GCC/libRTX_CM4.a(rt_cmsis.o)
                0x00005988                svcTimerStart
 .text.svcTimerCall
                0x00005a50       0x18 C:/ProgramData/MATLAB/SupportPackages/R2020a/3P.instrset/cmsis.instrset/CMSIS/RTOS/RTX/LIB/GCC/libRTX_CM4.a(rt_cmsis.o)
                0x00005a50                svcTimerCall
 .text.sysTimerTick
                0x00005a68       0xb4 C:/ProgramData/MATLAB/SupportPackages/R2020a/3P.instrset/cmsis.instrset/CMSIS/RTOS/RTX/LIB/GCC/libRTX_CM4.a(rt_cmsis.o)
                0x00005a68                sysTimerTick
 .text.osTimerCreate
                0x00005b1c       0x64 C:/ProgramData/MATLAB/SupportPackages/R2020a/3P.instrset/cmsis.instrset/CMSIS/RTOS/RTX/LIB/GCC/libRTX_CM4.a(rt_cmsis.o)
                0x00005b1c                osTimerCreate
 .text.osTimerStart
                0x00005b80       0x18 C:/ProgramData/MATLAB/SupportPackages/R2020a/3P.instrset/cmsis.instrset/CMSIS/RTOS/RTX/LIB/GCC/libRTX_CM4.a(rt_cmsis.o)
                0x00005b80                osTimerStart
 .text.osTimerThread
                0x00005b98       0x40 C:/ProgramData/MATLAB/SupportPackages/R2020a/3P.instrset/cmsis.instrset/CMSIS/RTOS/RTX/LIB/GCC/libRTX_CM4.a(rt_cmsis.o)
                0x00005b98                osTimerThread
 .text.svcSignalSet
                0x00005bd8       0x28 C:/ProgramData/MATLAB/SupportPackages/R2020a/3P.instrset/cmsis.instrset/CMSIS/RTOS/RTX/LIB/GCC/libRTX_CM4.a(rt_cmsis.o)
                0x00005bd8                svcSignalSet
 .text.svcSignalClear
                0x00005c00       0x28 C:/ProgramData/MATLAB/SupportPackages/R2020a/3P.instrset/cmsis.instrset/CMSIS/RTOS/RTX/LIB/GCC/libRTX_CM4.a(rt_cmsis.o)
                0x00005c00                svcSignalClear
 .text.svcSignalWait
                0x00005c28       0xfc C:/ProgramData/MATLAB/SupportPackages/R2020a/3P.instrset/cmsis.instrset/CMSIS/RTOS/RTX/LIB/GCC/libRTX_CM4.a(rt_cmsis.o)
                0x00005c28                svcSignalWait
 .text.osSignalSet
                0x00005d24       0x40 C:/ProgramData/MATLAB/SupportPackages/R2020a/3P.instrset/cmsis.instrset/CMSIS/RTOS/RTX/LIB/GCC/libRTX_CM4.a(rt_cmsis.o)
                0x00005d24                osSignalSet
 .text.osSignalClear
                0x00005d64       0x1c C:/ProgramData/MATLAB/SupportPackages/R2020a/3P.instrset/cmsis.instrset/CMSIS/RTOS/RTX/LIB/GCC/libRTX_CM4.a(rt_cmsis.o)
                0x00005d64                osSignalClear
 .text.osSignalWait
                0x00005d80       0x28 C:/ProgramData/MATLAB/SupportPackages/R2020a/3P.instrset/cmsis.instrset/CMSIS/RTOS/RTX/LIB/GCC/libRTX_CM4.a(rt_cmsis.o)
                0x00005d80                osSignalWait
 .text.svcMessageGet
                0x00005da8       0xa8 C:/ProgramData/MATLAB/SupportPackages/R2020a/3P.instrset/cmsis.instrset/CMSIS/RTOS/RTX/LIB/GCC/libRTX_CM4.a(rt_cmsis.o)
                0x00005da8                svcMessageGet
 .text.rt_init_stack
                0x00005e50       0xa4 C:/ProgramData/MATLAB/SupportPackages/R2020a/3P.instrset/cmsis.instrset/CMSIS/RTOS/RTX/LIB/GCC/libRTX_CM4.a(hal_cm.o)
                0x00005e50                rt_init_stack
 .text.rt_ret_val
                0x00005ef4       0x14 C:/ProgramData/MATLAB/SupportPackages/R2020a/3P.instrset/cmsis.instrset/CMSIS/RTOS/RTX/LIB/GCC/libRTX_CM4.a(hal_cm.o)
                0x00005ef4                rt_ret_val
 .text.rt_ret_val2
                0x00005f08       0x24 C:/ProgramData/MATLAB/SupportPackages/R2020a/3P.instrset/cmsis.instrset/CMSIS/RTOS/RTX/LIB/GCC/libRTX_CM4.a(hal_cm.o)
                0x00005f08                rt_ret_val2
 .text.dbg_init
                0x00005f2c       0x34 C:/ProgramData/MATLAB/SupportPackages/R2020a/3P.instrset/cmsis.instrset/CMSIS/RTOS/RTX/LIB/GCC/libRTX_CM4.a(hal_cm.o)
                0x00005f2c                dbg_init
 .text.dbg_task_notify
                0x00005f60       0x2c C:/ProgramData/MATLAB/SupportPackages/R2020a/3P.instrset/cmsis.instrset/CMSIS/RTOS/RTX/LIB/GCC/libRTX_CM4.a(hal_cm.o)
                0x00005f60                dbg_task_notify
 .text.dbg_task_switch
                0x00005f8c       0x14 C:/ProgramData/MATLAB/SupportPackages/R2020a/3P.instrset/cmsis.instrset/CMSIS/RTOS/RTX/LIB/GCC/libRTX_CM4.a(hal_cm.o)
                0x00005f8c                dbg_task_switch
 .text.rt_init_mem
                0x00005fa0       0x1c C:/ProgramData/MATLAB/SupportPackages/R2020a/3P.instrset/cmsis.instrset/CMSIS/RTOS/RTX/LIB/GCC/libRTX_CM4.a(rt_memory.o)
                0x00005fa0                rt_init_mem
 .text.rt_alloc_mem
                0x00005fbc       0x50 C:/ProgramData/MATLAB/SupportPackages/R2020a/3P.instrset/cmsis.instrset/CMSIS/RTOS/RTX/LIB/GCC/libRTX_CM4.a(rt_memory.o)
                0x00005fbc                rt_alloc_mem
 .text.rt_free_mem
                0x0000600c       0x44 C:/ProgramData/MATLAB/SupportPackages/R2020a/3P.instrset/cmsis.instrset/CMSIS/RTOS/RTX/LIB/GCC/libRTX_CM4.a(rt_memory.o)
                0x0000600c                rt_free_mem
 .text._init_box
                0x00006050       0x58 C:/ProgramData/MATLAB/SupportPackages/R2020a/3P.instrset/cmsis.instrset/CMSIS/RTOS/RTX/LIB/GCC/libRTX_CM4.a(rt_membox.o)
                0x00006050                _init_box
 .text.rt_alloc_box
                0x000060a8       0x1c C:/ProgramData/MATLAB/SupportPackages/R2020a/3P.instrset/cmsis.instrset/CMSIS/RTOS/RTX/LIB/GCC/libRTX_CM4.a(rt_membox.o)
                0x000060a8                rt_alloc_box
 .text.rt_free_box
                0x000060c4       0x28 C:/ProgramData/MATLAB/SupportPackages/R2020a/3P.instrset/cmsis.instrset/CMSIS/RTOS/RTX/LIB/GCC/libRTX_CM4.a(rt_membox.o)
                0x000060c4                rt_free_box
 .text.rt_sem_psh
                0x000060ec       0x34 C:/ProgramData/MATLAB/SupportPackages/R2020a/3P.instrset/cmsis.instrset/CMSIS/RTOS/RTX/LIB/GCC/libRTX_CM4.a(rt_semaphore.o)
                0x000060ec                rt_sem_psh
 .text.rt_mbx_init
                0x00006120       0x1c C:/ProgramData/MATLAB/SupportPackages/R2020a/3P.instrset/cmsis.instrset/CMSIS/RTOS/RTX/LIB/GCC/libRTX_CM4.a(rt_mailbox.o)
                0x00006120                rt_mbx_init
 .text.rt_mbx_wait
                0x0000613c       0xa8 C:/ProgramData/MATLAB/SupportPackages/R2020a/3P.instrset/cmsis.instrset/CMSIS/RTOS/RTX/LIB/GCC/libRTX_CM4.a(rt_mailbox.o)
                0x0000613c                rt_mbx_wait
 .text.rt_mbx_check
                0x000061e4        0x8 C:/ProgramData/MATLAB/SupportPackages/R2020a/3P.instrset/cmsis.instrset/CMSIS/RTOS/RTX/LIB/GCC/libRTX_CM4.a(rt_mailbox.o)
                0x000061e4                rt_mbx_check
 .text.isr_mbx_send
                0x000061ec       0x10 C:/ProgramData/MATLAB/SupportPackages/R2020a/3P.instrset/cmsis.instrset/CMSIS/RTOS/RTX/LIB/GCC/libRTX_CM4.a(rt_mailbox.o)
                0x000061ec                isr_mbx_send
 .text.rt_mbx_psh
                0x000061fc       0xe4 C:/ProgramData/MATLAB/SupportPackages/R2020a/3P.instrset/cmsis.instrset/CMSIS/RTOS/RTX/LIB/GCC/libRTX_CM4.a(rt_mailbox.o)
                0x000061fc                rt_mbx_psh
 .text.rt_put_prio
                0x000062e0       0x50 C:/ProgramData/MATLAB/SupportPackages/R2020a/3P.instrset/cmsis.instrset/CMSIS/RTOS/RTX/LIB/GCC/libRTX_CM4.a(rt_list.o)
                0x000062e0                rt_put_prio
 .text.rt_get_first
                0x00006330       0x28 C:/ProgramData/MATLAB/SupportPackages/R2020a/3P.instrset/cmsis.instrset/CMSIS/RTOS/RTX/LIB/GCC/libRTX_CM4.a(rt_list.o)
                0x00006330                rt_get_first
 .text.rt_put_rdy_first
                0x00006358       0x14 C:/ProgramData/MATLAB/SupportPackages/R2020a/3P.instrset/cmsis.instrset/CMSIS/RTOS/RTX/LIB/GCC/libRTX_CM4.a(rt_list.o)
                0x00006358                rt_put_rdy_first
 .text.rt_resort_prio
                0x0000636c       0x94 C:/ProgramData/MATLAB/SupportPackages/R2020a/3P.instrset/cmsis.instrset/CMSIS/RTOS/RTX/LIB/GCC/libRTX_CM4.a(rt_list.o)
                0x0000636c                rt_resort_prio
 .text.rt_put_dly
                0x00006400       0x60 C:/ProgramData/MATLAB/SupportPackages/R2020a/3P.instrset/cmsis.instrset/CMSIS/RTOS/RTX/LIB/GCC/libRTX_CM4.a(rt_list.o)
                0x00006400                rt_put_dly
 .text.rt_dec_dly
                0x00006460       0xd8 C:/ProgramData/MATLAB/SupportPackages/R2020a/3P.instrset/cmsis.instrset/CMSIS/RTOS/RTX/LIB/GCC/libRTX_CM4.a(rt_list.o)
                0x00006460                rt_dec_dly
 .text.rt_rmv_list
                0x00006538       0x2c C:/ProgramData/MATLAB/SupportPackages/R2020a/3P.instrset/cmsis.instrset/CMSIS/RTOS/RTX/LIB/GCC/libRTX_CM4.a(rt_list.o)
                0x00006538                rt_rmv_list
 .text.rt_rmv_dly
                0x00006564       0x2c C:/ProgramData/MATLAB/SupportPackages/R2020a/3P.instrset/cmsis.instrset/CMSIS/RTOS/RTX/LIB/GCC/libRTX_CM4.a(rt_list.o)
                0x00006564                rt_rmv_dly
 .text.rt_psq_enq
                0x00006590       0x44 C:/ProgramData/MATLAB/SupportPackages/R2020a/3P.instrset/cmsis.instrset/CMSIS/RTOS/RTX/LIB/GCC/libRTX_CM4.a(rt_list.o)
                0x00006590                rt_psq_enq
 .text.rt_evt_wait
                0x000065d4       0x4c C:/ProgramData/MATLAB/SupportPackages/R2020a/3P.instrset/cmsis.instrset/CMSIS/RTOS/RTX/LIB/GCC/libRTX_CM4.a(rt_event.o)
                0x000065d4                rt_evt_wait
 .text.rt_evt_set
                0x00006620       0x58 C:/ProgramData/MATLAB/SupportPackages/R2020a/3P.instrset/cmsis.instrset/CMSIS/RTOS/RTX/LIB/GCC/libRTX_CM4.a(rt_event.o)
                0x00006620                rt_evt_set
 .text.rt_evt_clr
                0x00006678       0x18 C:/ProgramData/MATLAB/SupportPackages/R2020a/3P.instrset/cmsis.instrset/CMSIS/RTOS/RTX/LIB/GCC/libRTX_CM4.a(rt_event.o)
                0x00006678                rt_evt_clr
 .text.isr_evt_set
                0x00006690       0x24 C:/ProgramData/MATLAB/SupportPackages/R2020a/3P.instrset/cmsis.instrset/CMSIS/RTOS/RTX/LIB/GCC/libRTX_CM4.a(rt_event.o)
                0x00006690                isr_evt_set
 .text.rt_evt_psh
                0x000066b4       0x50 C:/ProgramData/MATLAB/SupportPackages/R2020a/3P.instrset/cmsis.instrset/CMSIS/RTOS/RTX/LIB/GCC/libRTX_CM4.a(rt_event.o)
                0x000066b4                rt_evt_psh
 .text.rt_psh_req
                0x00006704       0x20 C:/ProgramData/MATLAB/SupportPackages/R2020a/3P.instrset/cmsis.instrset/CMSIS/RTOS/RTX/LIB/GCC/libRTX_CM4.a(rt_system.o)
                0x00006704                rt_psh_req
 .text.rt_pop_req
                0x00006724       0x78 C:/ProgramData/MATLAB/SupportPackages/R2020a/3P.instrset/cmsis.instrset/CMSIS/RTOS/RTX/LIB/GCC/libRTX_CM4.a(rt_system.o)
                0x00006724                rt_pop_req
 .text.os_tick_init
                0x0000679c       0x40 C:/ProgramData/MATLAB/SupportPackages/R2020a/3P.instrset/cmsis.instrset/CMSIS/RTOS/RTX/LIB/GCC/libRTX_CM4.a(rt_system.o)
                0x0000679c                os_tick_init
 .text.os_tick_irqack
                0x000067dc        0x4 C:/ProgramData/MATLAB/SupportPackages/R2020a/3P.instrset/cmsis.instrset/CMSIS/RTOS/RTX/LIB/GCC/libRTX_CM4.a(rt_system.o)
                0x000067dc                os_tick_irqack
 .text.rt_systick
                0x000067e0       0x3c C:/ProgramData/MATLAB/SupportPackages/R2020a/3P.instrset/cmsis.instrset/CMSIS/RTOS/RTX/LIB/GCC/libRTX_CM4.a(rt_system.o)
                0x000067e0                rt_systick
 .text.rt_stk_check
                0x0000681c       0x24 C:/ProgramData/MATLAB/SupportPackages/R2020a/3P.instrset/cmsis.instrset/CMSIS/RTOS/RTX/LIB/GCC/libRTX_CM4.a(rt_system.o)
                0x0000681c                rt_stk_check
 .text.rt_switch_req
                0x00006840       0x24 C:/ProgramData/MATLAB/SupportPackages/R2020a/3P.instrset/cmsis.instrset/CMSIS/RTOS/RTX/LIB/GCC/libRTX_CM4.a(rt_task.o)
                0x00006840                rt_switch_req
 .text.rt_dispatch
                0x00006864       0x7c C:/ProgramData/MATLAB/SupportPackages/R2020a/3P.instrset/cmsis.instrset/CMSIS/RTOS/RTX/LIB/GCC/libRTX_CM4.a(rt_task.o)
                0x00006864                rt_dispatch
 .text.rt_block
                0x000068e0       0x50 C:/ProgramData/MATLAB/SupportPackages/R2020a/3P.instrset/cmsis.instrset/CMSIS/RTOS/RTX/LIB/GCC/libRTX_CM4.a(rt_task.o)
                0x000068e0                rt_block
 .text.rt_tsk_self
                0x00006930       0x10 C:/ProgramData/MATLAB/SupportPackages/R2020a/3P.instrset/cmsis.instrset/CMSIS/RTOS/RTX/LIB/GCC/libRTX_CM4.a(rt_task.o)
                0x00006930                rt_tsk_self
 .text.rt_tsk_prio
                0x00006940       0xf8 C:/ProgramData/MATLAB/SupportPackages/R2020a/3P.instrset/cmsis.instrset/CMSIS/RTOS/RTX/LIB/GCC/libRTX_CM4.a(rt_task.o)
                0x00006940                rt_tsk_prio
 .text.rt_tsk_create
                0x00006a38      0x110 C:/ProgramData/MATLAB/SupportPackages/R2020a/3P.instrset/cmsis.instrset/CMSIS/RTOS/RTX/LIB/GCC/libRTX_CM4.a(rt_task.o)
                0x00006a38                rt_tsk_create
 .text.rt_tsk_delete
                0x00006b48      0x1c4 C:/ProgramData/MATLAB/SupportPackages/R2020a/3P.instrset/cmsis.instrset/CMSIS/RTOS/RTX/LIB/GCC/libRTX_CM4.a(rt_task.o)
                0x00006b48                rt_tsk_delete
 .text.rt_sys_init
                0x00006d0c       0xec C:/ProgramData/MATLAB/SupportPackages/R2020a/3P.instrset/cmsis.instrset/CMSIS/RTOS/RTX/LIB/GCC/libRTX_CM4.a(rt_task.o)
                0x00006d0c                rt_sys_init
 .text.rt_sys_start
                0x00006df8       0x8c C:/ProgramData/MATLAB/SupportPackages/R2020a/3P.instrset/cmsis.instrset/CMSIS/RTOS/RTX/LIB/GCC/libRTX_CM4.a(rt_task.o)
                0x00006df8                rt_sys_start
 .text.OSA_TimeInit
                0x00006e84       0x44 C:/ProgramData/MATLAB/SupportPackages/R2020a/toolbox/target/supportpackages/freedomk64f/src/ksdk_armgcc_lib/bm/libksdk_platform.a(fsl_os_abstraction_bm.o)
                0x00006e84                OSA_TimeInit
 .text.OSA_SemaPost
                0x00006ec8       0x3c C:/ProgramData/MATLAB/SupportPackages/R2020a/toolbox/target/supportpackages/freedomk64f/src/ksdk_armgcc_lib/bm/libksdk_platform.a(fsl_os_abstraction_bm.o)
                0x00006ec8                OSA_SemaPost
 .text.task_init
                0x00006f04       0x38 C:/ProgramData/MATLAB/SupportPackages/R2020a/toolbox/target/supportpackages/freedomk64f/src/ksdk_armgcc_lib/bm/libksdk_platform.a(fsl_os_abstraction_bm.o)
                0x00006f04                task_init
 .text.OSA_Init
                0x00006f3c        0xe C:/ProgramData/MATLAB/SupportPackages/R2020a/toolbox/target/supportpackages/freedomk64f/src/ksdk_armgcc_lib/bm/libksdk_platform.a(fsl_os_abstraction_bm.o)
                0x00006f3c                OSA_Init
 *fill*         0x00006f4a        0x2 
 .text.CLOCK_SYS_SetMcgPeeToFbe
                0x00006f4c       0x34 C:/ProgramData/MATLAB/SupportPackages/R2020a/toolbox/target/supportpackages/freedomk64f/src/ksdk_armgcc_lib/bm/libksdk_platform.a(fsl_clock_manager.o)
 .text.CLOCK_SYS_SetMcgMode
                0x00006f80      0x124 C:/ProgramData/MATLAB/SupportPackages/R2020a/toolbox/target/supportpackages/freedomk64f/src/ksdk_armgcc_lib/bm/libksdk_platform.a(fsl_clock_manager.o)
                0x00006f80                CLOCK_SYS_SetMcgMode
 .text.CLOCK_SYS_SetOscerConfigration
                0x000070a4       0x1c C:/ProgramData/MATLAB/SupportPackages/R2020a/toolbox/target/supportpackages/freedomk64f/src/ksdk_armgcc_lib/bm/libksdk_platform.a(fsl_clock_manager.o)
                0x000070a4                CLOCK_SYS_SetOscerConfigration
 .text.CLOCK_SYS_OscInit
                0x000070c0       0x9c C:/ProgramData/MATLAB/SupportPackages/R2020a/toolbox/target/supportpackages/freedomk64f/src/ksdk_armgcc_lib/bm/libksdk_platform.a(fsl_clock_manager.o)
                0x000070c0                CLOCK_SYS_OscInit
 .text.CLOCK_SYS_RtcOscInit
                0x0000715c       0x68 C:/ProgramData/MATLAB/SupportPackages/R2020a/toolbox/target/supportpackages/freedomk64f/src/ksdk_armgcc_lib/bm/libksdk_platform.a(fsl_clock_manager.o)
                0x0000715c                CLOCK_SYS_RtcOscInit
 .text.SIM_HAL_EnableClock.constprop.10
                0x000071c4       0x1c C:/ProgramData/MATLAB/SupportPackages/R2020a/toolbox/target/supportpackages/freedomk64f/src/ksdk_armgcc_lib/bm/libksdk_platform.a(fsl_clock_MK64F12.o)
 .text.CLOCK_SYS_GetCoreClockFreq
                0x000071e0       0x24 C:/ProgramData/MATLAB/SupportPackages/R2020a/toolbox/target/supportpackages/freedomk64f/src/ksdk_armgcc_lib/bm/libksdk_platform.a(fsl_clock_MK64F12.o)
                0x000071e0                CLOCK_SYS_GetCoreClockFreq
 .text.CLOCK_SYS_SetConfiguration
                0x00007204       0x94 C:/ProgramData/MATLAB/SupportPackages/R2020a/toolbox/target/supportpackages/freedomk64f/src/ksdk_armgcc_lib/bm/libksdk_platform.a(fsl_clock_MK64F12.o)
                0x00007204                CLOCK_SYS_SetConfiguration
 .text.CLOCK_SYS_FllStableDelay
                0x00007298       0x1a C:/ProgramData/MATLAB/SupportPackages/R2020a/toolbox/target/supportpackages/freedomk64f/src/ksdk_armgcc_lib/bm/libksdk_platform.a(fsl_clock_MK64F12.o)
 *fill*         0x000072b2        0x2 
 .text.CLOCK_SYS_GetBusClockFreq
                0x000072b4       0x24 C:/ProgramData/MATLAB/SupportPackages/R2020a/toolbox/target/supportpackages/freedomk64f/src/ksdk_armgcc_lib/bm/libksdk_platform.a(fsl_clock_MK64F12.o)
                0x000072b4                CLOCK_SYS_GetBusClockFreq
 .text.CLOCK_SYS_GetFtmExternalFreq
                0x000072d8       0x20 C:/ProgramData/MATLAB/SupportPackages/R2020a/toolbox/target/supportpackages/freedomk64f/src/ksdk_armgcc_lib/bm/libksdk_platform.a(fsl_clock_MK64F12.o)
                0x000072d8                CLOCK_SYS_GetFtmExternalFreq
 .text.CLOCK_SYS_EnablePortClock
                0x000072f8       0x30 C:/ProgramData/MATLAB/SupportPackages/R2020a/toolbox/target/supportpackages/freedomk64f/src/ksdk_armgcc_lib/bm/libksdk_platform.a(fsl_clock_MK64F12.o)
                0x000072f8                CLOCK_SYS_EnablePortClock
 .text.CLOCK_SYS_EnableFtmClock
                0x00007328       0x30 C:/ProgramData/MATLAB/SupportPackages/R2020a/toolbox/target/supportpackages/freedomk64f/src/ksdk_armgcc_lib/bm/libksdk_platform.a(fsl_clock_MK64F12.o)
                0x00007328                CLOCK_SYS_EnableFtmClock
 .text.INT_SYS_EnableIRQGlobal
                0x00007358       0x14 C:/ProgramData/MATLAB/SupportPackages/R2020a/toolbox/target/supportpackages/freedomk64f/src/ksdk_armgcc_lib/bm/libksdk_platform.a(fsl_interrupt_manager.o)
                0x00007358                INT_SYS_EnableIRQGlobal
 .text.INT_SYS_DisableIRQGlobal
                0x0000736c       0x10 C:/ProgramData/MATLAB/SupportPackages/R2020a/toolbox/target/supportpackages/freedomk64f/src/ksdk_armgcc_lib/bm/libksdk_platform.a(fsl_interrupt_manager.o)
                0x0000736c                INT_SYS_DisableIRQGlobal
 .text.EDMA_DRV_IRQHandler
                0x0000737c       0x30 C:/ProgramData/MATLAB/SupportPackages/R2020a/toolbox/target/supportpackages/freedomk64f/src/ksdk_armgcc_lib/bm/libksdk_platform.a(fsl_edma_driver.o)
                0x0000737c                EDMA_DRV_IRQHandler
 .text.EDMA_DRV_ErrorIRQHandler
                0x000073ac       0x88 C:/ProgramData/MATLAB/SupportPackages/R2020a/toolbox/target/supportpackages/freedomk64f/src/ksdk_armgcc_lib/bm/libksdk_platform.a(fsl_edma_driver.o)
                0x000073ac                EDMA_DRV_ErrorIRQHandler
 .text.FTM_HAL_SetClockSource
                0x00007434       0x12 C:/ProgramData/MATLAB/SupportPackages/R2020a/toolbox/target/supportpackages/freedomk64f/src/ksdk_armgcc_lib/bm/libksdk_platform.a(fsl_ftm_driver.o)
 *fill*         0x00007446        0x2 
 .text.unlikely.FTM_HAL_SetChnCountVal.part.2
                0x00007448       0x1c C:/ProgramData/MATLAB/SupportPackages/R2020a/toolbox/target/supportpackages/freedomk64f/src/ksdk_armgcc_lib/bm/libksdk_platform.a(fsl_ftm_driver.o)
 .text.FTM_DRV_Init
                0x00007464      0x108 C:/ProgramData/MATLAB/SupportPackages/R2020a/toolbox/target/supportpackages/freedomk64f/src/ksdk_armgcc_lib/bm/libksdk_platform.a(fsl_ftm_driver.o)
                0x00007464                FTM_DRV_Init
 .text.FTM_DRV_SetClock
                0x0000756c       0x54 C:/ProgramData/MATLAB/SupportPackages/R2020a/toolbox/target/supportpackages/freedomk64f/src/ksdk_armgcc_lib/bm/libksdk_platform.a(fsl_ftm_driver.o)
                0x0000756c                FTM_DRV_SetClock
 .text.FTM_DRV_GetClock
                0x000075c0       0x68 C:/ProgramData/MATLAB/SupportPackages/R2020a/toolbox/target/supportpackages/freedomk64f/src/ksdk_armgcc_lib/bm/libksdk_platform.a(fsl_ftm_driver.o)
                0x000075c0                FTM_DRV_GetClock
 .text.FTM_DRV_PwmStart
                0x00007628      0x1c8 C:/ProgramData/MATLAB/SupportPackages/R2020a/toolbox/target/supportpackages/freedomk64f/src/ksdk_armgcc_lib/bm/libksdk_platform.a(fsl_ftm_driver.o)
                0x00007628                FTM_DRV_PwmStart
 .text.unlikely.PORT_HAL_SetMuxMode.part.0
                0x000077f0       0x1c C:/ProgramData/MATLAB/SupportPackages/R2020a/toolbox/target/supportpackages/freedomk64f/src/ksdk_armgcc_lib/bm/libksdk_platform.a(fsl_gpio_driver.o)
 .text.GPIO_DRV_InputPinInit
                0x0000780c       0xe0 C:/ProgramData/MATLAB/SupportPackages/R2020a/toolbox/target/supportpackages/freedomk64f/src/ksdk_armgcc_lib/bm/libksdk_platform.a(fsl_gpio_driver.o)
                0x0000780c                GPIO_DRV_InputPinInit
 .text.GPIO_DRV_OutputPinInit
                0x000078ec       0x70 C:/ProgramData/MATLAB/SupportPackages/R2020a/toolbox/target/supportpackages/freedomk64f/src/ksdk_armgcc_lib/bm/libksdk_platform.a(fsl_gpio_driver.o)
                0x000078ec                GPIO_DRV_OutputPinInit
 .text.GPIO_DRV_WritePinOutput
                0x0000795c       0x1c C:/ProgramData/MATLAB/SupportPackages/R2020a/toolbox/target/supportpackages/freedomk64f/src/ksdk_armgcc_lib/bm/libksdk_platform.a(fsl_gpio_driver.o)
                0x0000795c                GPIO_DRV_WritePinOutput
 .text.GPIO_DRV_ReadPinInput
                0x00007978       0x3c C:/ProgramData/MATLAB/SupportPackages/R2020a/toolbox/target/supportpackages/freedomk64f/src/ksdk_armgcc_lib/bm/libksdk_platform.a(fsl_gpio_driver.o)
                0x00007978                GPIO_DRV_ReadPinInput
 .text.LPTMR_HAL_SetTimerWorkingMode
                0x000079b4       0x3c C:/ProgramData/MATLAB/SupportPackages/R2020a/toolbox/target/supportpackages/freedomk64f/src/ksdk_armgcc_lib/bm/libksdk_platform.a(fsl_lptmr_hal.o)
                0x000079b4                LPTMR_HAL_SetTimerWorkingMode
 .text.LPTMR_HAL_SetPrescalerMode
                0x000079f0       0x1a C:/ProgramData/MATLAB/SupportPackages/R2020a/toolbox/target/supportpackages/freedomk64f/src/ksdk_armgcc_lib/bm/libksdk_platform.a(fsl_lptmr_hal.o)
                0x000079f0                LPTMR_HAL_SetPrescalerMode
 *fill*         0x00007a0a        0x2 
 .text.CLOCK_HAL_TestOscFreq
                0x00007a0c       0x28 C:/ProgramData/MATLAB/SupportPackages/R2020a/toolbox/target/supportpackages/freedomk64f/src/ksdk_armgcc_lib/bm/libksdk_platform.a(fsl_mcg_hal.o)
                0x00007a0c                CLOCK_HAL_TestOscFreq
 .text.CLOCK_HAL_GetMcgExternalClkFreq
                0x00007a34        0xa C:/ProgramData/MATLAB/SupportPackages/R2020a/toolbox/target/supportpackages/freedomk64f/src/ksdk_armgcc_lib/bm/libksdk_platform.a(fsl_mcg_hal.o)
 .text.CLOCK_HAL_TestFllExternalRefFreq
                0x00007a3e       0x32 C:/ProgramData/MATLAB/SupportPackages/R2020a/toolbox/target/supportpackages/freedomk64f/src/ksdk_armgcc_lib/bm/libksdk_platform.a(fsl_mcg_hal.o)
                0x00007a3e                CLOCK_HAL_TestFllExternalRefFreq
 .text.CLOCK_HAL_GetFllRefClk
                0x00007a70       0x3c C:/ProgramData/MATLAB/SupportPackages/R2020a/toolbox/target/supportpackages/freedomk64f/src/ksdk_armgcc_lib/bm/libksdk_platform.a(fsl_mcg_hal.o)
                0x00007a70                CLOCK_HAL_GetFllRefClk
 .text.CLOCK_HAL_TestFllFreq
                0x00007aac       0x34 C:/ProgramData/MATLAB/SupportPackages/R2020a/toolbox/target/supportpackages/freedomk64f/src/ksdk_armgcc_lib/bm/libksdk_platform.a(fsl_mcg_hal.o)
                0x00007aac                CLOCK_HAL_TestFllFreq
 .text.CLOCK_HAL_GetFllClk
                0x00007ae0       0x36 C:/ProgramData/MATLAB/SupportPackages/R2020a/toolbox/target/supportpackages/freedomk64f/src/ksdk_armgcc_lib/bm/libksdk_platform.a(fsl_mcg_hal.o)
                0x00007ae0                CLOCK_HAL_GetFllClk
 .text.CLOCK_HAL_UpdateFastClkInternalRefDiv
                0x00007b16       0x52 C:/ProgramData/MATLAB/SupportPackages/R2020a/toolbox/target/supportpackages/freedomk64f/src/ksdk_armgcc_lib/bm/libksdk_platform.a(fsl_mcg_hal.o)
                0x00007b16                CLOCK_HAL_UpdateFastClkInternalRefDiv
 .text.CLOCK_HAL_GetPll0Clk
                0x00007b68       0x3e C:/ProgramData/MATLAB/SupportPackages/R2020a/toolbox/target/supportpackages/freedomk64f/src/ksdk_armgcc_lib/bm/libksdk_platform.a(fsl_mcg_hal.o)
                0x00007b68                CLOCK_HAL_GetPll0Clk
 .text.CLOCK_HAL_EnablePll0InFllMode
                0x00007ba6       0x38 C:/ProgramData/MATLAB/SupportPackages/R2020a/toolbox/target/supportpackages/freedomk64f/src/ksdk_armgcc_lib/bm/libksdk_platform.a(fsl_mcg_hal.o)
                0x00007ba6                CLOCK_HAL_EnablePll0InFllMode
 *fill*         0x00007bde        0x2 
 .text.CLOCK_HAL_GetInternalRefClk
                0x00007be0       0x3c C:/ProgramData/MATLAB/SupportPackages/R2020a/toolbox/target/supportpackages/freedomk64f/src/ksdk_armgcc_lib/bm/libksdk_platform.a(fsl_mcg_hal.o)
                0x00007be0                CLOCK_HAL_GetInternalRefClk
 .text.CLOCK_HAL_GetOutClk
                0x00007c1c       0x22 C:/ProgramData/MATLAB/SupportPackages/R2020a/toolbox/target/supportpackages/freedomk64f/src/ksdk_armgcc_lib/bm/libksdk_platform.a(fsl_mcg_hal.o)
                0x00007c1c                CLOCK_HAL_GetOutClk
 .text.CLOCK_HAL_GetFixedFreqClk
                0x00007c3e       0x20 C:/ProgramData/MATLAB/SupportPackages/R2020a/toolbox/target/supportpackages/freedomk64f/src/ksdk_armgcc_lib/bm/libksdk_platform.a(fsl_mcg_hal.o)
                0x00007c3e                CLOCK_HAL_GetFixedFreqClk
 .text.CLOCK_HAL_SetOsc0Mode
                0x00007c5e       0x24 C:/ProgramData/MATLAB/SupportPackages/R2020a/toolbox/target/supportpackages/freedomk64f/src/ksdk_armgcc_lib/bm/libksdk_platform.a(fsl_mcg_hal.o)
                0x00007c5e                CLOCK_HAL_SetOsc0Mode
 .text.CLOCK_HAL_PrepareOsc
                0x00007c82       0x2c C:/ProgramData/MATLAB/SupportPackages/R2020a/toolbox/target/supportpackages/freedomk64f/src/ksdk_armgcc_lib/bm/libksdk_platform.a(fsl_mcg_hal_modes.o)
 .text.CLOCK_HAL_GetMcgMode
                0x00007cae       0x72 C:/ProgramData/MATLAB/SupportPackages/R2020a/toolbox/target/supportpackages/freedomk64f/src/ksdk_armgcc_lib/bm/libksdk_platform.a(fsl_mcg_hal_modes.o)
                0x00007cae                CLOCK_HAL_GetMcgMode
 .text.CLOCK_HAL_SetFbiMode
                0x00007d20       0xb8 C:/ProgramData/MATLAB/SupportPackages/R2020a/toolbox/target/supportpackages/freedomk64f/src/ksdk_armgcc_lib/bm/libksdk_platform.a(fsl_mcg_hal_modes.o)
                0x00007d20                CLOCK_HAL_SetFbiMode
 .text.CLOCK_HAL_SetFbeMode
                0x00007dd8       0xea C:/ProgramData/MATLAB/SupportPackages/R2020a/toolbox/target/supportpackages/freedomk64f/src/ksdk_armgcc_lib/bm/libksdk_platform.a(fsl_mcg_hal_modes.o)
                0x00007dd8                CLOCK_HAL_SetFbeMode
 *fill*         0x00007ec2        0x2 
 .text.CLOCK_HAL_SetPbeMode
                0x00007ec4       0xd0 C:/ProgramData/MATLAB/SupportPackages/R2020a/toolbox/target/supportpackages/freedomk64f/src/ksdk_armgcc_lib/bm/libksdk_platform.a(fsl_mcg_hal_modes.o)
                0x00007ec4                CLOCK_HAL_SetPbeMode
 .text.OSC_HAL_SetCapacitor
                0x00007f94        0xe C:/ProgramData/MATLAB/SupportPackages/R2020a/toolbox/target/supportpackages/freedomk64f/src/ksdk_armgcc_lib/bm/libksdk_platform.a(fsl_osc_hal.o)
                0x00007f94                OSC_HAL_SetCapacitor
 .text.CLOCK_HAL_SetOutDiv
                0x00007fa2       0x28 C:/ProgramData/MATLAB/SupportPackages/R2020a/toolbox/target/supportpackages/freedomk64f/src/ksdk_armgcc_lib/bm/libksdk_platform.a(fsl_sim_hal_MK64F12.o)
                0x00007fa2                CLOCK_HAL_SetOutDiv
 *fill*         0x00007fca        0x2 
 .text.SIM_HAL_GetFtmExternalClkPinMode
                0x00007fcc       0x50 C:/ProgramData/MATLAB/SupportPackages/R2020a/toolbox/target/supportpackages/freedomk64f/src/ksdk_armgcc_lib/bm/libksdk_platform.a(fsl_sim_hal_MK64F12.o)
                0x00007fcc                SIM_HAL_GetFtmExternalClkPinMode
 .text.UART_DRV_CompleteSendData
                0x0000801c       0x54 C:/ProgramData/MATLAB/SupportPackages/R2020a/toolbox/target/supportpackages/freedomk64f/src/ksdk_armgcc_lib/bm/libksdk_platform.a(fsl_uart_driver.o)
 .text.UART_DRV_CompleteReceiveData
                0x00008070       0x5c C:/ProgramData/MATLAB/SupportPackages/R2020a/toolbox/target/supportpackages/freedomk64f/src/ksdk_armgcc_lib/bm/libksdk_platform.a(fsl_uart_driver.o)
 .text.UART_DRV_IRQHandler
                0x000080cc       0xdc C:/ProgramData/MATLAB/SupportPackages/R2020a/toolbox/target/supportpackages/freedomk64f/src/ksdk_armgcc_lib/bm/libksdk_platform.a(fsl_uart_driver.o)
                0x000080cc                UART_DRV_IRQHandler
 .text.EDMA_HAL_SetDmaRequestCmd
                0x000081a8        0xa C:/ProgramData/MATLAB/SupportPackages/R2020a/toolbox/target/supportpackages/freedomk64f/src/ksdk_armgcc_lib/bm/libksdk_platform.a(fsl_edma_hal.o)
                0x000081a8                EDMA_HAL_SetDmaRequestCmd
 *fill*         0x000081b2        0x2 
 .text.unlikely.FTM_HAL_SetChnEdgeLevel.part.0
                0x000081b4       0x1c C:/ProgramData/MATLAB/SupportPackages/R2020a/toolbox/target/supportpackages/freedomk64f/src/ksdk_armgcc_lib/bm/libksdk_platform.a(fsl_ftm_hal.o)
 .text.FTM_HAL_Init
                0x000081d0       0x38 C:/ProgramData/MATLAB/SupportPackages/R2020a/toolbox/target/supportpackages/freedomk64f/src/ksdk_armgcc_lib/bm/libksdk_platform.a(fsl_ftm_hal.o)
                0x000081d0                FTM_HAL_Init
 .text.FTM_HAL_SetSyncMode
                0x00008208       0x94 C:/ProgramData/MATLAB/SupportPackages/R2020a/toolbox/target/supportpackages/freedomk64f/src/ksdk_armgcc_lib/bm/libksdk_platform.a(fsl_ftm_hal.o)
                0x00008208                FTM_HAL_SetSyncMode
 .text.FTM_HAL_Reset
                0x0000829c       0x3e C:/ProgramData/MATLAB/SupportPackages/R2020a/toolbox/target/supportpackages/freedomk64f/src/ksdk_armgcc_lib/bm/libksdk_platform.a(fsl_ftm_hal.o)
                0x0000829c                FTM_HAL_Reset
 .text.FTM_HAL_GetChnPairIndex
                0x000082da       0x1e C:/ProgramData/MATLAB/SupportPackages/R2020a/toolbox/target/supportpackages/freedomk64f/src/ksdk_armgcc_lib/bm/libksdk_platform.a(fsl_ftm_hal.o)
                0x000082da                FTM_HAL_GetChnPairIndex
 .text.FTM_HAL_EnablePwmMode
                0x000082f8       0xcc C:/ProgramData/MATLAB/SupportPackages/R2020a/toolbox/target/supportpackages/freedomk64f/src/ksdk_armgcc_lib/bm/libksdk_platform.a(fsl_ftm_hal.o)
                0x000082f8                FTM_HAL_EnablePwmMode
 .text.GPIO_HAL_SetPinDir
                0x000083c4       0x34 C:/ProgramData/MATLAB/SupportPackages/R2020a/toolbox/target/supportpackages/freedomk64f/src/ksdk_armgcc_lib/bm/libksdk_platform.a(fsl_gpio_hal.o)
                0x000083c4                GPIO_HAL_SetPinDir
 .text.GPIO_HAL_WritePinOutput
                0x000083f8       0x30 C:/ProgramData/MATLAB/SupportPackages/R2020a/toolbox/target/supportpackages/freedomk64f/src/ksdk_armgcc_lib/bm/libksdk_platform.a(fsl_gpio_hal.o)
                0x000083f8                GPIO_HAL_WritePinOutput
 .text.UART_HAL_Putchar
                0x00008428        0x6 C:/ProgramData/MATLAB/SupportPackages/R2020a/toolbox/target/supportpackages/freedomk64f/src/ksdk_armgcc_lib/bm/libksdk_platform.a(fsl_uart_hal.o)
                0x00008428                UART_HAL_Putchar
 .text.UART_HAL_Getchar
                0x0000842e        0x8 C:/ProgramData/MATLAB/SupportPackages/R2020a/toolbox/target/supportpackages/freedomk64f/src/ksdk_armgcc_lib/bm/libksdk_platform.a(fsl_uart_hal.o)
                0x0000842e                UART_HAL_Getchar
 .text.UART_HAL_SetIntMode
                0x00008436       0x66 C:/ProgramData/MATLAB/SupportPackages/R2020a/toolbox/target/supportpackages/freedomk64f/src/ksdk_armgcc_lib/bm/libksdk_platform.a(fsl_uart_hal.o)
                0x00008436                UART_HAL_SetIntMode
 .text.UART_HAL_GetStatusFlag
                0x0000849c       0x2a C:/ProgramData/MATLAB/SupportPackages/R2020a/toolbox/target/supportpackages/freedomk64f/src/ksdk_armgcc_lib/bm/libksdk_platform.a(fsl_uart_hal.o)
                0x0000849c                UART_HAL_GetStatusFlag
 .text.UART_HAL_ClearStatusFlag
                0x000084c6       0x64 C:/ProgramData/MATLAB/SupportPackages/R2020a/toolbox/target/supportpackages/freedomk64f/src/ksdk_armgcc_lib/bm/libksdk_platform.a(fsl_uart_hal.o)
                0x000084c6                UART_HAL_ClearStatusFlag
 *fill*         0x0000852a        0x6 
 .text.ceil     0x00008530      0x110 c:/progra~3/matlab/suppor~1/r2020a/3p778c~1.ins/gnuarm~1.ins/win/bin/../lib/gcc/arm-none-eabi/7.2.1/../../../../arm-none-eabi/lib/thumb/v7e-m/fpv4-sp/hard\libm.a(lib_a-s_ceil.o)
                0x00008530                ceil
 .text.fabs     0x00008640       0x14 c:/progra~3/matlab/suppor~1/r2020a/3p778c~1.ins/gnuarm~1.ins/win/bin/../lib/gcc/arm-none-eabi/7.2.1/../../../../arm-none-eabi/lib/thumb/v7e-m/fpv4-sp/hard\libm.a(lib_a-s_fabs.o)
                0x00008640                fabs
 *fill*         0x00008654        0x4 
 .text.floor    0x00008658      0x110 c:/progra~3/matlab/suppor~1/r2020a/3p778c~1.ins/gnuarm~1.ins/win/bin/../lib/gcc/arm-none-eabi/7.2.1/../../../../arm-none-eabi/lib/thumb/v7e-m/fpv4-sp/hard\libm.a(lib_a-s_floor.o)
                0x00008658                floor
 .text.abort    0x00008768       0x10 c:/progra~3/matlab/suppor~1/r2020a/3p778c~1.ins/gnuarm~1.ins/win/bin/../lib/gcc/arm-none-eabi/7.2.1/../../../../arm-none-eabi/lib/thumb/v7e-m/fpv4-sp/hard\libg.a(lib_a-abort.o)
                0x00008768                abort
 .text.__assert_func
                0x00008778       0x3c c:/progra~3/matlab/suppor~1/r2020a/3p778c~1.ins/gnuarm~1.ins/win/bin/../lib/gcc/arm-none-eabi/7.2.1/../../../../arm-none-eabi/lib/thumb/v7e-m/fpv4-sp/hard\libg.a(lib_a-assert.o)
                0x00008778                __assert_func
 .text.atexit   0x000087b4        0xc c:/progra~3/matlab/suppor~1/r2020a/3p778c~1.ins/gnuarm~1.ins/win/bin/../lib/gcc/arm-none-eabi/7.2.1/../../../../arm-none-eabi/lib/thumb/v7e-m/fpv4-sp/hard\libg.a(lib_a-atexit.o)
                0x000087b4                atexit
 .text.__errno  0x000087c0        0xc c:/progra~3/matlab/suppor~1/r2020a/3p778c~1.ins/gnuarm~1.ins/win/bin/../lib/gcc/arm-none-eabi/7.2.1/../../../../arm-none-eabi/lib/thumb/v7e-m/fpv4-sp/hard\libg.a(lib_a-errno.o)
                0x000087c0                __errno
 .text.exit     0x000087cc       0x20 c:/progra~3/matlab/suppor~1/r2020a/3p778c~1.ins/gnuarm~1.ins/win/bin/../lib/gcc/arm-none-eabi/7.2.1/../../../../arm-none-eabi/lib/thumb/v7e-m/fpv4-sp/hard\libg.a(lib_a-exit.o)
                0x000087cc                exit
 .text.__libc_fini_array
                0x000087ec       0x34 c:/progra~3/matlab/suppor~1/r2020a/3p778c~1.ins/gnuarm~1.ins/win/bin/../lib/gcc/arm-none-eabi/7.2.1/../../../../arm-none-eabi/lib/thumb/v7e-m/fpv4-sp/hard\libg.a(lib_a-fini.o)
                0x000087ec                __libc_fini_array
 .text.fiprintf
                0x00008820       0x28 c:/progra~3/matlab/suppor~1/r2020a/3p778c~1.ins/gnuarm~1.ins/win/bin/../lib/gcc/arm-none-eabi/7.2.1/../../../../arm-none-eabi/lib/thumb/v7e-m/fpv4-sp/hard\libg.a(lib_a-fiprintf.o)
                0x00008820                fiprintf
 .text.__libc_init_array
                0x00008848       0x48 c:/progra~3/matlab/suppor~1/r2020a/3p778c~1.ins/gnuarm~1.ins/win/bin/../lib/gcc/arm-none-eabi/7.2.1/../../../../arm-none-eabi/lib/thumb/v7e-m/fpv4-sp/hard\libg.a(lib_a-init.o)
                0x00008848                __libc_init_array
 .text.malloc   0x00008890       0x10 c:/progra~3/matlab/suppor~1/r2020a/3p778c~1.ins/gnuarm~1.ins/win/bin/../lib/gcc/arm-none-eabi/7.2.1/../../../../arm-none-eabi/lib/thumb/v7e-m/fpv4-sp/hard\libg.a(lib_a-malloc.o)
                0x00008890                malloc
 .text.free     0x000088a0       0x10 c:/progra~3/matlab/suppor~1/r2020a/3p778c~1.ins/gnuarm~1.ins/win/bin/../lib/gcc/arm-none-eabi/7.2.1/../../../../arm-none-eabi/lib/thumb/v7e-m/fpv4-sp/hard\libg.a(lib_a-malloc.o)
                0x000088a0                free
 .text._malloc_r
                0x000088b0      0x548 c:/progra~3/matlab/suppor~1/r2020a/3p778c~1.ins/gnuarm~1.ins/win/bin/../lib/gcc/arm-none-eabi/7.2.1/../../../../arm-none-eabi/lib/thumb/v7e-m/fpv4-sp/hard\libg.a(lib_a-mallocr.o)
                0x000088b0                _malloc_r
 .text.memset   0x00008df8       0x94 c:/progra~3/matlab/suppor~1/r2020a/3p778c~1.ins/gnuarm~1.ins/win/bin/../lib/gcc/arm-none-eabi/7.2.1/../../../../arm-none-eabi/lib/thumb/v7e-m/fpv4-sp/hard\libg.a(lib_a-memset.o)
                0x00008df8                memset
 .text.__malloc_lock
                0x00008e8c        0xc c:/progra~3/matlab/suppor~1/r2020a/3p778c~1.ins/gnuarm~1.ins/win/bin/../lib/gcc/arm-none-eabi/7.2.1/../../../../arm-none-eabi/lib/thumb/v7e-m/fpv4-sp/hard\libg.a(lib_a-mlock.o)
                0x00008e8c                __malloc_lock
 .text.__malloc_unlock
                0x00008e98        0xc c:/progra~3/matlab/suppor~1/r2020a/3p778c~1.ins/gnuarm~1.ins/win/bin/../lib/gcc/arm-none-eabi/7.2.1/../../../../arm-none-eabi/lib/thumb/v7e-m/fpv4-sp/hard\libg.a(lib_a-mlock.o)
                0x00008e98                __malloc_unlock
 .text._sbrk_r  0x00008ea4       0x24 c:/progra~3/matlab/suppor~1/r2020a/3p778c~1.ins/gnuarm~1.ins/win/bin/../lib/gcc/arm-none-eabi/7.2.1/../../../../arm-none-eabi/lib/thumb/v7e-m/fpv4-sp/hard\libg.a(lib_a-sbrkr.o)
                0x00008ea4                _sbrk_r
 .text._raise_r
                0x00008ec8       0x58 c:/progra~3/matlab/suppor~1/r2020a/3p778c~1.ins/gnuarm~1.ins/win/bin/../lib/gcc/arm-none-eabi/7.2.1/../../../../arm-none-eabi/lib/thumb/v7e-m/fpv4-sp/hard\libg.a(lib_a-signal.o)
                0x00008ec8                _raise_r
 .text.raise    0x00008f20       0x10 c:/progra~3/matlab/suppor~1/r2020a/3p778c~1.ins/gnuarm~1.ins/win/bin/../lib/gcc/arm-none-eabi/7.2.1/../../../../arm-none-eabi/lib/thumb/v7e-m/fpv4-sp/hard\libg.a(lib_a-signal.o)
                0x00008f20                raise
 .text._kill_r  0x00008f30       0x28 c:/progra~3/matlab/suppor~1/r2020a/3p778c~1.ins/gnuarm~1.ins/win/bin/../lib/gcc/arm-none-eabi/7.2.1/../../../../arm-none-eabi/lib/thumb/v7e-m/fpv4-sp/hard\libg.a(lib_a-signalr.o)
                0x00008f30                _kill_r
 .text._getpid_r
                0x00008f58        0x4 c:/progra~3/matlab/suppor~1/r2020a/3p778c~1.ins/gnuarm~1.ins/win/bin/../lib/gcc/arm-none-eabi/7.2.1/../../../../arm-none-eabi/lib/thumb/v7e-m/fpv4-sp/hard\libg.a(lib_a-signalr.o)
                0x00008f58                _getpid_r
 .text.__sprint_r.part.0
                0x00008f5c       0x78 c:/progra~3/matlab/suppor~1/r2020a/3p778c~1.ins/gnuarm~1.ins/win/bin/../lib/gcc/arm-none-eabi/7.2.1/../../../../arm-none-eabi/lib/thumb/v7e-m/fpv4-sp/hard\libg.a(lib_a-vfiprintf.o)
 .text._vfiprintf_r
                0x00008fd4      0xc24 c:/progra~3/matlab/suppor~1/r2020a/3p778c~1.ins/gnuarm~1.ins/win/bin/../lib/gcc/arm-none-eabi/7.2.1/../../../../arm-none-eabi/lib/thumb/v7e-m/fpv4-sp/hard\libg.a(lib_a-vfiprintf.o)
                0x00008fd4                _vfiprintf_r
 .text.__sbprintf
                0x00009bf8       0x84 c:/progra~3/matlab/suppor~1/r2020a/3p778c~1.ins/gnuarm~1.ins/win/bin/../lib/gcc/arm-none-eabi/7.2.1/../../../../arm-none-eabi/lib/thumb/v7e-m/fpv4-sp/hard\libg.a(lib_a-vfiprintf.o)
 .text.__swsetup_r
                0x00009c7c       0xcc c:/progra~3/matlab/suppor~1/r2020a/3p778c~1.ins/gnuarm~1.ins/win/bin/../lib/gcc/arm-none-eabi/7.2.1/../../../../arm-none-eabi/lib/thumb/v7e-m/fpv4-sp/hard\libg.a(lib_a-wsetup.o)
                0x00009c7c                __swsetup_r
 .text.__register_exitproc
                0x00009d48       0xc0 c:/progra~3/matlab/suppor~1/r2020a/3p778c~1.ins/gnuarm~1.ins/win/bin/../lib/gcc/arm-none-eabi/7.2.1/../../../../arm-none-eabi/lib/thumb/v7e-m/fpv4-sp/hard\libg.a(lib_a-__atexit.o)
                0x00009d48                __register_exitproc
 .text.startup.register_fini
                0x00009e08       0x14 c:/progra~3/matlab/suppor~1/r2020a/3p778c~1.ins/gnuarm~1.ins/win/bin/../lib/gcc/arm-none-eabi/7.2.1/../../../../arm-none-eabi/lib/thumb/v7e-m/fpv4-sp/hard\libg.a(lib_a-__call_atexit.o)
 .text.__call_exitprocs
                0x00009e1c       0xe8 c:/progra~3/matlab/suppor~1/r2020a/3p778c~1.ins/gnuarm~1.ins/win/bin/../lib/gcc/arm-none-eabi/7.2.1/../../../../arm-none-eabi/lib/thumb/v7e-m/fpv4-sp/hard\libg.a(lib_a-__call_atexit.o)
                0x00009e1c                __call_exitprocs
 .text.__sflush_r
                0x00009f04      0x154 c:/progra~3/matlab/suppor~1/r2020a/3p778c~1.ins/gnuarm~1.ins/win/bin/../lib/gcc/arm-none-eabi/7.2.1/../../../../arm-none-eabi/lib/thumb/v7e-m/fpv4-sp/hard\libg.a(lib_a-fflush.o)
                0x00009f04                __sflush_r
 .text._fflush_r
                0x0000a058       0x5c c:/progra~3/matlab/suppor~1/r2020a/3p778c~1.ins/gnuarm~1.ins/win/bin/../lib/gcc/arm-none-eabi/7.2.1/../../../../arm-none-eabi/lib/thumb/v7e-m/fpv4-sp/hard\libg.a(lib_a-fflush.o)
                0x0000a058                _fflush_r
 .text.std      0x0000a0b4       0x50 c:/progra~3/matlab/suppor~1/r2020a/3p778c~1.ins/gnuarm~1.ins/win/bin/../lib/gcc/arm-none-eabi/7.2.1/../../../../arm-none-eabi/lib/thumb/v7e-m/fpv4-sp/hard\libg.a(lib_a-findfp.o)
 .text._cleanup_r
                0x0000a104        0xc c:/progra~3/matlab/suppor~1/r2020a/3p778c~1.ins/gnuarm~1.ins/win/bin/../lib/gcc/arm-none-eabi/7.2.1/../../../../arm-none-eabi/lib/thumb/v7e-m/fpv4-sp/hard\libg.a(lib_a-findfp.o)
                0x0000a104                _cleanup_r
 .text.__sinit  0x0000a110       0x58 c:/progra~3/matlab/suppor~1/r2020a/3p778c~1.ins/gnuarm~1.ins/win/bin/../lib/gcc/arm-none-eabi/7.2.1/../../../../arm-none-eabi/lib/thumb/v7e-m/fpv4-sp/hard\libg.a(lib_a-findfp.o)
                0x0000a110                __sinit
 .text.__sfp_lock_acquire
                0x0000a168        0xc c:/progra~3/matlab/suppor~1/r2020a/3p778c~1.ins/gnuarm~1.ins/win/bin/../lib/gcc/arm-none-eabi/7.2.1/../../../../arm-none-eabi/lib/thumb/v7e-m/fpv4-sp/hard\libg.a(lib_a-findfp.o)
                0x0000a168                __sfp_lock_acquire
 .text.__sfp_lock_release
                0x0000a174        0xc c:/progra~3/matlab/suppor~1/r2020a/3p778c~1.ins/gnuarm~1.ins/win/bin/../lib/gcc/arm-none-eabi/7.2.1/../../../../arm-none-eabi/lib/thumb/v7e-m/fpv4-sp/hard\libg.a(lib_a-findfp.o)
                0x0000a174                __sfp_lock_release
 .text.__fputwc
                0x0000a180       0xa0 c:/progra~3/matlab/suppor~1/r2020a/3p778c~1.ins/gnuarm~1.ins/win/bin/../lib/gcc/arm-none-eabi/7.2.1/../../../../arm-none-eabi/lib/thumb/v7e-m/fpv4-sp/hard\libg.a(lib_a-fputwc.o)
                0x0000a180                __fputwc
 .text._fputwc_r
                0x0000a220       0x64 c:/progra~3/matlab/suppor~1/r2020a/3p778c~1.ins/gnuarm~1.ins/win/bin/../lib/gcc/arm-none-eabi/7.2.1/../../../../arm-none-eabi/lib/thumb/v7e-m/fpv4-sp/hard\libg.a(lib_a-fputwc.o)
                0x0000a220                _fputwc_r
 .text._malloc_trim_r
                0x0000a284       0xa0 c:/progra~3/matlab/suppor~1/r2020a/3p778c~1.ins/gnuarm~1.ins/win/bin/../lib/gcc/arm-none-eabi/7.2.1/../../../../arm-none-eabi/lib/thumb/v7e-m/fpv4-sp/hard\libg.a(lib_a-freer.o)
                0x0000a284                _malloc_trim_r
 .text._free_r  0x0000a324      0x1e8 c:/progra~3/matlab/suppor~1/r2020a/3p778c~1.ins/gnuarm~1.ins/win/bin/../lib/gcc/arm-none-eabi/7.2.1/../../../../arm-none-eabi/lib/thumb/v7e-m/fpv4-sp/hard\libg.a(lib_a-freer.o)
                0x0000a324                _free_r
 .text.__sfvwrite_r
                0x0000a50c      0x2fc c:/progra~3/matlab/suppor~1/r2020a/3p778c~1.ins/gnuarm~1.ins/win/bin/../lib/gcc/arm-none-eabi/7.2.1/../../../../arm-none-eabi/lib/thumb/v7e-m/fpv4-sp/hard\libg.a(lib_a-fvwrite.o)
                0x0000a50c                __sfvwrite_r
 .text._fwalk_reent
                0x0000a808       0x54 c:/progra~3/matlab/suppor~1/r2020a/3p778c~1.ins/gnuarm~1.ins/win/bin/../lib/gcc/arm-none-eabi/7.2.1/../../../../arm-none-eabi/lib/thumb/v7e-m/fpv4-sp/hard\libg.a(lib_a-fwalk.o)
                0x0000a808                _fwalk_reent
 .text.__locale_mb_cur_max
                0x0000a85c       0x1c c:/progra~3/matlab/suppor~1/r2020a/3p778c~1.ins/gnuarm~1.ins/win/bin/../lib/gcc/arm-none-eabi/7.2.1/../../../../arm-none-eabi/lib/thumb/v7e-m/fpv4-sp/hard\libg.a(lib_a-locale.o)
                0x0000a85c                __locale_mb_cur_max
 .text.__retarget_lock_init_recursive
                0x0000a878        0x4 c:/progra~3/matlab/suppor~1/r2020a/3p778c~1.ins/gnuarm~1.ins/win/bin/../lib/gcc/arm-none-eabi/7.2.1/../../../../arm-none-eabi/lib/thumb/v7e-m/fpv4-sp/hard\libg.a(lib_a-lock.o)
                0x0000a878                __retarget_lock_init_recursive
 .text.__retarget_lock_close_recursive
                0x0000a87c        0x4 c:/progra~3/matlab/suppor~1/r2020a/3p778c~1.ins/gnuarm~1.ins/win/bin/../lib/gcc/arm-none-eabi/7.2.1/../../../../arm-none-eabi/lib/thumb/v7e-m/fpv4-sp/hard\libg.a(lib_a-lock.o)
                0x0000a87c                __retarget_lock_close_recursive
 .text.__retarget_lock_acquire_recursive
                0x0000a880        0x4 c:/progra~3/matlab/suppor~1/r2020a/3p778c~1.ins/gnuarm~1.ins/win/bin/../lib/gcc/arm-none-eabi/7.2.1/../../../../arm-none-eabi/lib/thumb/v7e-m/fpv4-sp/hard\libg.a(lib_a-lock.o)
                0x0000a880                __retarget_lock_acquire_recursive
 .text.__retarget_lock_release_recursive
                0x0000a884        0x4 c:/progra~3/matlab/suppor~1/r2020a/3p778c~1.ins/gnuarm~1.ins/win/bin/../lib/gcc/arm-none-eabi/7.2.1/../../../../arm-none-eabi/lib/thumb/v7e-m/fpv4-sp/hard\libg.a(lib_a-lock.o)
                0x0000a884                __retarget_lock_release_recursive
 .text.__swhatbuf_r
                0x0000a888       0x5c c:/progra~3/matlab/suppor~1/r2020a/3p778c~1.ins/gnuarm~1.ins/win/bin/../lib/gcc/arm-none-eabi/7.2.1/../../../../arm-none-eabi/lib/thumb/v7e-m/fpv4-sp/hard\libg.a(lib_a-makebuf.o)
                0x0000a888                __swhatbuf_r
 .text.__smakebuf_r
                0x0000a8e4       0x94 c:/progra~3/matlab/suppor~1/r2020a/3p778c~1.ins/gnuarm~1.ins/win/bin/../lib/gcc/arm-none-eabi/7.2.1/../../../../arm-none-eabi/lib/thumb/v7e-m/fpv4-sp/hard\libg.a(lib_a-makebuf.o)
                0x0000a8e4                __smakebuf_r
 .text.__ascii_mbtowc
                0x0000a978       0x2c c:/progra~3/matlab/suppor~1/r2020a/3p778c~1.ins/gnuarm~1.ins/win/bin/../lib/gcc/arm-none-eabi/7.2.1/../../../../arm-none-eabi/lib/thumb/v7e-m/fpv4-sp/hard\libg.a(lib_a-mbtowc_r.o)
                0x0000a978                __ascii_mbtowc
 .text.memmove  0x0000a9a4       0xc8 c:/progra~3/matlab/suppor~1/r2020a/3p778c~1.ins/gnuarm~1.ins/win/bin/../lib/gcc/arm-none-eabi/7.2.1/../../../../arm-none-eabi/lib/thumb/v7e-m/fpv4-sp/hard\libg.a(lib_a-memmove.o)
                0x0000a9a4                memmove
 .text._realloc_r
                0x0000aa6c      0x35c c:/progra~3/matlab/suppor~1/r2020a/3p778c~1.ins/gnuarm~1.ins/win/bin/../lib/gcc/arm-none-eabi/7.2.1/../../../../arm-none-eabi/lib/thumb/v7e-m/fpv4-sp/hard\libg.a(lib_a-reallocr.o)
                0x0000aa6c                _realloc_r
 .text.__sread  0x0000adc8       0x24 c:/progra~3/matlab/suppor~1/r2020a/3p778c~1.ins/gnuarm~1.ins/win/bin/../lib/gcc/arm-none-eabi/7.2.1/../../../../arm-none-eabi/lib/thumb/v7e-m/fpv4-sp/hard\libg.a(lib_a-stdio.o)
                0x0000adc8                __sread
 .text.__swrite
                0x0000adec       0x3c c:/progra~3/matlab/suppor~1/r2020a/3p778c~1.ins/gnuarm~1.ins/win/bin/../lib/gcc/arm-none-eabi/7.2.1/../../../../arm-none-eabi/lib/thumb/v7e-m/fpv4-sp/hard\libg.a(lib_a-stdio.o)
                0x0000adec                __swrite
 .text.__sseek  0x0000ae28       0x20 c:/progra~3/matlab/suppor~1/r2020a/3p778c~1.ins/gnuarm~1.ins/win/bin/../lib/gcc/arm-none-eabi/7.2.1/../../../../arm-none-eabi/lib/thumb/v7e-m/fpv4-sp/hard\libg.a(lib_a-stdio.o)
                0x0000ae28                __sseek
 .text.__sclose
                0x0000ae48        0x8 c:/progra~3/matlab/suppor~1/r2020a/3p778c~1.ins/gnuarm~1.ins/win/bin/../lib/gcc/arm-none-eabi/7.2.1/../../../../arm-none-eabi/lib/thumb/v7e-m/fpv4-sp/hard\libg.a(lib_a-stdio.o)
                0x0000ae48                __sclose
 .text.__swbuf_r
                0x0000ae50       0xb0 c:/progra~3/matlab/suppor~1/r2020a/3p778c~1.ins/gnuarm~1.ins/win/bin/../lib/gcc/arm-none-eabi/7.2.1/../../../../arm-none-eabi/lib/thumb/v7e-m/fpv4-sp/hard\libg.a(lib_a-wbuf.o)
                0x0000ae50                __swbuf_r
 .text._wcrtomb_r
                0x0000af00       0x50 c:/progra~3/matlab/suppor~1/r2020a/3p778c~1.ins/gnuarm~1.ins/win/bin/../lib/gcc/arm-none-eabi/7.2.1/../../../../arm-none-eabi/lib/thumb/v7e-m/fpv4-sp/hard\libg.a(lib_a-wcrtomb.o)
                0x0000af00                _wcrtomb_r
 .text.__ascii_wctomb
                0x0000af50       0x1c c:/progra~3/matlab/suppor~1/r2020a/3p778c~1.ins/gnuarm~1.ins/win/bin/../lib/gcc/arm-none-eabi/7.2.1/../../../../arm-none-eabi/lib/thumb/v7e-m/fpv4-sp/hard\libg.a(lib_a-wctomb_r.o)
                0x0000af50                __ascii_wctomb
 .text._write_r
                0x0000af6c       0x2c c:/progra~3/matlab/suppor~1/r2020a/3p778c~1.ins/gnuarm~1.ins/win/bin/../lib/gcc/arm-none-eabi/7.2.1/../../../../arm-none-eabi/lib/thumb/v7e-m/fpv4-sp/hard\libg.a(lib_a-writer.o)
                0x0000af6c                _write_r
 .text._close_r
                0x0000af98       0x24 c:/progra~3/matlab/suppor~1/r2020a/3p778c~1.ins/gnuarm~1.ins/win/bin/../lib/gcc/arm-none-eabi/7.2.1/../../../../arm-none-eabi/lib/thumb/v7e-m/fpv4-sp/hard\libg.a(lib_a-closer.o)
                0x0000af98                _close_r
 .text._fclose_r
                0x0000afbc       0xd0 c:/progra~3/matlab/suppor~1/r2020a/3p778c~1.ins/gnuarm~1.ins/win/bin/../lib/gcc/arm-none-eabi/7.2.1/../../../../arm-none-eabi/lib/thumb/v7e-m/fpv4-sp/hard\libg.a(lib_a-fclose.o)
                0x0000afbc                _fclose_r
 .text._fstat_r
                0x0000b08c       0x28 c:/progra~3/matlab/suppor~1/r2020a/3p778c~1.ins/gnuarm~1.ins/win/bin/../lib/gcc/arm-none-eabi/7.2.1/../../../../arm-none-eabi/lib/thumb/v7e-m/fpv4-sp/hard\libg.a(lib_a-fstatr.o)
                0x0000b08c                _fstat_r
 .text._isatty_r
                0x0000b0b4       0x24 c:/progra~3/matlab/suppor~1/r2020a/3p778c~1.ins/gnuarm~1.ins/win/bin/../lib/gcc/arm-none-eabi/7.2.1/../../../../arm-none-eabi/lib/thumb/v7e-m/fpv4-sp/hard\libg.a(lib_a-isattyr.o)
                0x0000b0b4                _isatty_r
 .text._lseek_r
                0x0000b0d8       0x2c c:/progra~3/matlab/suppor~1/r2020a/3p778c~1.ins/gnuarm~1.ins/win/bin/../lib/gcc/arm-none-eabi/7.2.1/../../../../arm-none-eabi/lib/thumb/v7e-m/fpv4-sp/hard\libg.a(lib_a-lseekr.o)
                0x0000b0d8                _lseek_r
 .text._read_r  0x0000b104       0x2c c:/progra~3/matlab/suppor~1/r2020a/3p778c~1.ins/gnuarm~1.ins/win/bin/../lib/gcc/arm-none-eabi/7.2.1/../../../../arm-none-eabi/lib/thumb/v7e-m/fpv4-sp/hard\libg.a(lib_a-readr.o)
                0x0000b104                _read_r
 .text._close   0x0000b130       0x10 c:/progra~3/matlab/suppor~1/r2020a/3p778c~1.ins/gnuarm~1.ins/win/bin/../lib/gcc/arm-none-eabi/7.2.1/../../../../arm-none-eabi/lib/thumb/v7e-m/fpv4-sp/hard\libnosys.a(close.o)
                0x0000b130                _close
 .text._fstat   0x0000b140       0x10 c:/progra~3/matlab/suppor~1/r2020a/3p778c~1.ins/gnuarm~1.ins/win/bin/../lib/gcc/arm-none-eabi/7.2.1/../../../../arm-none-eabi/lib/thumb/v7e-m/fpv4-sp/hard\libnosys.a(fstat.o)
                0x0000b140                _fstat
 .text._getpid  0x0000b150       0x10 c:/progra~3/matlab/suppor~1/r2020a/3p778c~1.ins/gnuarm~1.ins/win/bin/../lib/gcc/arm-none-eabi/7.2.1/../../../../arm-none-eabi/lib/thumb/v7e-m/fpv4-sp/hard\libnosys.a(getpid.o)
                0x0000b150                _getpid
 .text._isatty  0x0000b160       0x10 c:/progra~3/matlab/suppor~1/r2020a/3p778c~1.ins/gnuarm~1.ins/win/bin/../lib/gcc/arm-none-eabi/7.2.1/../../../../arm-none-eabi/lib/thumb/v7e-m/fpv4-sp/hard\libnosys.a(isatty.o)
                0x0000b160                _isatty
 .text._kill    0x0000b170       0x10 c:/progra~3/matlab/suppor~1/r2020a/3p778c~1.ins/gnuarm~1.ins/win/bin/../lib/gcc/arm-none-eabi/7.2.1/../../../../arm-none-eabi/lib/thumb/v7e-m/fpv4-sp/hard\libnosys.a(kill.o)
                0x0000b170                _kill
 .text._lseek   0x0000b180       0x10 c:/progra~3/matlab/suppor~1/r2020a/3p778c~1.ins/gnuarm~1.ins/win/bin/../lib/gcc/arm-none-eabi/7.2.1/../../../../arm-none-eabi/lib/thumb/v7e-m/fpv4-sp/hard\libnosys.a(lseek.o)
                0x0000b180                _lseek
 .text._read    0x0000b190       0x10 c:/progra~3/matlab/suppor~1/r2020a/3p778c~1.ins/gnuarm~1.ins/win/bin/../lib/gcc/arm-none-eabi/7.2.1/../../../../arm-none-eabi/lib/thumb/v7e-m/fpv4-sp/hard\libnosys.a(read.o)
                0x0000b190                _read
 .text._write   0x0000b1a0       0x10 c:/progra~3/matlab/suppor~1/r2020a/3p778c~1.ins/gnuarm~1.ins/win/bin/../lib/gcc/arm-none-eabi/7.2.1/../../../../arm-none-eabi/lib/thumb/v7e-m/fpv4-sp/hard\libnosys.a(write.o)
                0x0000b1a0                _write
 .text._exit    0x0000b1b0        0x4 c:/progra~3/matlab/suppor~1/r2020a/3p778c~1.ins/gnuarm~1.ins/win/bin/../lib/gcc/arm-none-eabi/7.2.1/../../../../arm-none-eabi/lib/thumb/v7e-m/fpv4-sp/hard\libnosys.a(_exit.o)
                0x0000b1b0                _exit
 *(.rodata)
 .rodata        0x0000b1b4       0x44 MW_PWM.o
 .rodata        0x0000b1f8       0x50 board.o
 *(.rodata*)
 .rodata.__func__.7519
                0x0000b248       0x14 MW_PWM.o
 .rodata.os_maxtaskrun
                0x0000b25c        0x2 RTX_Conf_CM.o
                0x0000b25c                os_maxtaskrun
 *fill*         0x0000b25e        0x2 
 .rodata.os_stackinfo
                0x0000b260        0x4 RTX_Conf_CM.o
                0x0000b260                os_stackinfo
 .rodata.os_trv
                0x0000b264        0x4 RTX_Conf_CM.o
                0x0000b264                os_trv
 .rodata.os_flags
                0x0000b268        0x1 RTX_Conf_CM.o
                0x0000b268                os_flags
 *fill*         0x0000b269        0x3 
 .rodata.os_clockrate
                0x0000b26c        0x4 RTX_Conf_CM.o
                0x0000b26c                os_clockrate
 .rodata.mp_tcb_size
                0x0000b270        0x2 RTX_Conf_CM.o
                0x0000b270                mp_tcb_size
 *fill*         0x0000b272        0x2 
 .rodata.mp_stk_size
                0x0000b274        0x4 RTX_Conf_CM.o
                0x0000b274                mp_stk_size
 .rodata.os_stack_sz
                0x0000b278        0x4 RTX_Conf_CM.o
                0x0000b278                os_stack_sz
 .rodata.os_fifo_size
                0x0000b27c        0x1 RTX_Conf_CM.o
                0x0000b27c                os_fifo_size
 *fill*         0x0000b27d        0x3 
 .rodata.os_thread_def_osTimerThread
                0x0000b280       0x10 RTX_Conf_CM.o
                0x0000b280                os_thread_def_osTimerThread
 .rodata.os_messageQ_def_osTimerMessageQ
                0x0000b290        0x8 RTX_Conf_CM.o
                0x0000b290                os_messageQ_def_osTimerMessageQ
 .rodata.mp_tmr_size
                0x0000b298        0x2 RTX_Conf_CM.o
                0x0000b298                mp_tmr_size
 *fill*         0x0000b29a        0x2 
 .rodata.os_thread_def_main
                0x0000b29c       0x10 RTX_Conf_CM.o
                0x0000b29c                os_thread_def_main
 .rodata.g_defaultClockConfigRun
                0x0000b2ac       0x16 board.o
                0x0000b2ac                g_defaultClockConfigRun
 *fill*         0x0000b2c2        0x2 
 .rodata.__func__.7439
                0x0000b2c4       0x14 board.o
 .rodata.pacemaker_simulink_M
                0x0000b2d8        0x4 pacemaker_simulink.o
                0x0000b2d8                pacemaker_simulink_M
 .rodata.OSA_SemaCreate.str1.1
                0x0000b2dc       0x45 C:/ProgramData/MATLAB/SupportPackages/R2020a/toolbox/target/supportpackages/freedomk64f/src/ksdk_armgcc_lib/bm/libksdk_platform.a(fsl_os_abstraction_bm.o)
 .rodata.__func__.9217
                0x0000b321        0xd C:/ProgramData/MATLAB/SupportPackages/R2020a/toolbox/target/supportpackages/freedomk64f/src/ksdk_armgcc_lib/bm/libksdk_platform.a(fsl_os_abstraction_bm.o)
 .rodata.CLOCK_SYS_Init.str1.1
                0x0000b32e       0x72 C:/ProgramData/MATLAB/SupportPackages/R2020a/toolbox/target/supportpackages/freedomk64f/src/ksdk_armgcc_lib/bm/libksdk_platform.a(fsl_clock_manager.o)
 .rodata.CLOCK_SYS_OscDeinit.str1.1
                0x0000b3a0       0x1e C:/ProgramData/MATLAB/SupportPackages/R2020a/toolbox/target/supportpackages/freedomk64f/src/ksdk_armgcc_lib/bm/libksdk_platform.a(fsl_clock_manager.o)
 .rodata.CLOCK_SYS_RtcOscInit.str1.1
                0x0000b3be       0x1e C:/ProgramData/MATLAB/SupportPackages/R2020a/toolbox/target/supportpackages/freedomk64f/src/ksdk_armgcc_lib/bm/libksdk_platform.a(fsl_clock_manager.o)
 .rodata.__func__.9313
                0x0000b3dc       0x12 C:/ProgramData/MATLAB/SupportPackages/R2020a/toolbox/target/supportpackages/freedomk64f/src/ksdk_armgcc_lib/bm/libksdk_platform.a(fsl_clock_manager.o)
 .rodata.__func__.9330
                0x0000b3ee       0x15 C:/ProgramData/MATLAB/SupportPackages/R2020a/toolbox/target/supportpackages/freedomk64f/src/ksdk_armgcc_lib/bm/libksdk_platform.a(fsl_clock_manager.o)
 *fill*         0x0000b403        0x1 
 .rodata.g_oscBase
                0x0000b404        0x4 C:/ProgramData/MATLAB/SupportPackages/R2020a/toolbox/target/supportpackages/freedomk64f/src/ksdk_armgcc_lib/bm/libksdk_platform.a(fsl_clock_manager_common.o)
                0x0000b404                g_oscBase