Archive member included to satisfy reference by file (symbol)

C:/ProgramData/MATLAB/SupportPackages/R2020a/3P.instrset/cmsis.instrset/CMSIS/RTOS/RTX/LIB/GCC/libRTX_CM4.a(rt_cmsis.o)
                              RTX_Conf_CM.o (osKernelInitialize)
C:/ProgramData/MATLAB/SupportPackages/R2020a/3P.instrset/cmsis.instrset/CMSIS/RTOS/RTX/LIB/GCC/libRTX_CM4.a(hal_cm.o)
                              C:/ProgramData/MATLAB/SupportPackages/R2020a/3P.instrset/cmsis.instrset/CMSIS/RTOS/RTX/LIB/GCC/libRTX_CM4.a(rt_cmsis.o) (rt_ret_val)
C:/ProgramData/MATLAB/SupportPackages/R2020a/3P.instrset/cmsis.instrset/CMSIS/RTOS/RTX/LIB/GCC/libRTX_CM4.a(rt_memory.o)
                              C:/ProgramData/MATLAB/SupportPackages/R2020a/3P.instrset/cmsis.instrset/CMSIS/RTOS/RTX/LIB/GCC/libRTX_CM4.a(rt_cmsis.o) (rt_init_mem)
C:/ProgramData/MATLAB/SupportPackages/R2020a/3P.instrset/cmsis.instrset/CMSIS/RTOS/RTX/LIB/GCC/libRTX_CM4.a(rt_membox.o)
                              C:/ProgramData/MATLAB/SupportPackages/R2020a/3P.instrset/cmsis.instrset/CMSIS/RTOS/RTX/LIB/GCC/libRTX_CM4.a(rt_cmsis.o) (_init_box)
C:/ProgramData/MATLAB/SupportPackages/R2020a/3P.instrset/cmsis.instrset/CMSIS/RTOS/RTX/LIB/GCC/libRTX_CM4.a(rt_mutex.o)
                              C:/ProgramData/MATLAB/SupportPackages/R2020a/3P.instrset/cmsis.instrset/CMSIS/RTOS/RTX/LIB/GCC/libRTX_CM4.a(rt_cmsis.o) (rt_mut_init)
C:/ProgramData/MATLAB/SupportPackages/R2020a/3P.instrset/cmsis.instrset/CMSIS/RTOS/RTX/LIB/GCC/libRTX_CM4.a(rt_time.o)
                              C:/ProgramData/MATLAB/SupportPackages/R2020a/3P.instrset/cmsis.instrset/CMSIS/RTOS/RTX/LIB/GCC/libRTX_CM4.a(rt_cmsis.o) (os_time)
C:/ProgramData/MATLAB/SupportPackages/R2020a/3P.instrset/cmsis.instrset/CMSIS/RTOS/RTX/LIB/GCC/libRTX_CM4.a(rt_semaphore.o)
                              C:/ProgramData/MATLAB/SupportPackages/R2020a/3P.instrset/cmsis.instrset/CMSIS/RTOS/RTX/LIB/GCC/libRTX_CM4.a(rt_cmsis.o) (rt_sem_init)
C:/ProgramData/MATLAB/SupportPackages/R2020a/3P.instrset/cmsis.instrset/CMSIS/RTOS/RTX/LIB/GCC/libRTX_CM4.a(rt_mailbox.o)
                              C:/ProgramData/MATLAB/SupportPackages/R2020a/3P.instrset/cmsis.instrset/CMSIS/RTOS/RTX/LIB/GCC/libRTX_CM4.a(rt_cmsis.o) (rt_mbx_init)
C:/ProgramData/MATLAB/SupportPackages/R2020a/3P.instrset/cmsis.instrset/CMSIS/RTOS/RTX/LIB/GCC/libRTX_CM4.a(rt_list.o)
                              C:/ProgramData/MATLAB/SupportPackages/R2020a/3P.instrset/cmsis.instrset/CMSIS/RTOS/RTX/LIB/GCC/libRTX_CM4.a(rt_cmsis.o) (rt_put_prio)
C:/ProgramData/MATLAB/SupportPackages/R2020a/3P.instrset/cmsis.instrset/CMSIS/RTOS/RTX/LIB/GCC/libRTX_CM4.a(rt_event.o)
                              C:/ProgramData/MATLAB/SupportPackages/R2020a/3P.instrset/cmsis.instrset/CMSIS/RTOS/RTX/LIB/GCC/libRTX_CM4.a(rt_cmsis.o) (rt_evt_wait)
C:/ProgramData/MATLAB/SupportPackages/R2020a/3P.instrset/cmsis.instrset/CMSIS/RTOS/RTX/LIB/GCC/libRTX_CM4.a(rt_system.o)
                              C:/ProgramData/MATLAB/SupportPackages/R2020a/3P.instrset/cmsis.instrset/CMSIS/RTOS/RTX/LIB/GCC/libRTX_CM4.a(rt_cmsis.o) (rt_suspend)
C:/ProgramData/MATLAB/SupportPackages/R2020a/3P.instrset/cmsis.instrset/CMSIS/RTOS/RTX/LIB/GCC/libRTX_CM4.a(rt_task.o)
                              C:/ProgramData/MATLAB/SupportPackages/R2020a/3P.instrset/cmsis.instrset/CMSIS/RTOS/RTX/LIB/GCC/libRTX_CM4.a(rt_system.o) (rt_switch_req)
C:/ProgramData/MATLAB/SupportPackages/R2020a/3P.instrset/cmsis.instrset/CMSIS/RTOS/RTX/LIB/GCC/libRTX_CM4.a(hal_cm4.o)
                              C:/ProgramData/MATLAB/SupportPackages/R2020a/3P.instrset/cmsis.instrset/CMSIS/RTOS/RTX/LIB/GCC/libRTX_CM4.a(rt_task.o) (rt_get_PSP)
C:/ProgramData/MATLAB/SupportPackages/R2020a/3P.instrset/cmsis.instrset/CMSIS/RTOS/RTX/LIB/GCC/libRTX_CM4.a(svc_table.o)
                              C:/ProgramData/MATLAB/SupportPackages/R2020a/3P.instrset/cmsis.instrset/CMSIS/RTOS/RTX/LIB/GCC/libRTX_CM4.a(hal_cm4.o) (SVC_Table)
C:/ProgramData/MATLAB/SupportPackages/R2020a/3P.instrset/cmsis.instrset/CMSIS/RTOS/RTX/LIB/GCC/libRTX_CM4.a(rt_robin.o)
                              C:/ProgramData/MATLAB/SupportPackages/R2020a/3P.instrset/cmsis.instrset/CMSIS/RTOS/RTX/LIB/GCC/libRTX_CM4.a(rt_system.o) (os_robin)
C:/ProgramData/MATLAB/SupportPackages/R2020a/toolbox/target/supportpackages/freedomk64f/src/ksdk_armgcc_lib/bm/libksdk_platform.a(fsl_os_abstraction_bm.o)
                              MW_SCI.o (OSA_SemaPost)
C:/ProgramData/MATLAB/SupportPackages/R2020a/toolbox/target/supportpackages/freedomk64f/src/ksdk_armgcc_lib/bm/libksdk_platform.a(fsl_clock_manager.o)
                              board.o (CLOCK_SYS_OscInit)
C:/ProgramData/MATLAB/SupportPackages/R2020a/toolbox/target/supportpackages/freedomk64f/src/ksdk_armgcc_lib/bm/libksdk_platform.a(fsl_clock_manager_common.o)
                              C:/ProgramData/MATLAB/SupportPackages/R2020a/toolbox/target/supportpackages/freedomk64f/src/ksdk_armgcc_lib/bm/libksdk_platform.a(fsl_clock_manager.o) (g_oscBase)
[...]
Memory Configuration

Name             Origin             Length             Attributes
m_interrupts     0x00000000         0x00000400         xr
m_flash_config   0x00000400         0x00000010         xr
m_text           0x00000410         0x000ffbf0         xr
m_data_2         0x1fff0000         0x00010000         rw
m_data           0x20000000         0x00030000         rw
*default*        0x00000000         0xffffffff

Linker script and memory map

LOAD c:/progra~3/matlab/suppor~1/r2020a/3p778c~1.ins/gnuarm~1.ins/win/bin/../lib/gcc/arm-none-eabi/7.2.1/thumb/v7e-m/fpv4-sp/hard/crti.o
LOAD c:/progra~3/matlab/suppor~1/r2020a/3p778c~1.ins/gnuarm~1.ins/win/bin/../lib/gcc/arm-none-eabi/7.2.1/thumb/v7e-m/fpv4-sp/hard/crtbegin.o
LOAD c:/progra~3/matlab/suppor~1/r2020a/3p778c~1.ins/gnuarm~1.ins/win/bin/../lib/gcc/arm-none-eabi/7.2.1/../../../../arm-none-eabi/lib/thumb/v7e-m/fpv4-sp/hard/crt0.o
LOAD MW_I2C.o
LOAD MW_PWM.o
LOAD MW_SCI.o
LOAD MW_digitalIO.o
LOAD RTX_Conf_CM.o
LOAD board.o
LOAD cmsis_rtos_init.o
LOAD ert_main.o
LOAD fsl_edma_irq.o
LOAD fsl_misc_utilities.o
LOAD fsl_uart_irq.o
LOAD hardware_init.o
LOAD i2c_api.o
LOAD irq_stub.o
LOAD mw_sdk_interface.o
LOAD mw_semaphore.o
LOAD mw_signal.o
LOAD mw_thread.o
LOAD mw_timer.o
LOAD pacemaker_simulink_old.o
LOAD pacemaker_simulink_old_data.o
LOAD pin_mux.o
LOAD sbrk.o
LOAD startup.o
LOAD startup_MK64F12.o
LOAD system_MK64F12.o
LOAD C:/ProgramData/MATLAB/SupportPackages/R2020a/3P.instrset/cmsis.instrset/CMSIS/Lib/GCC/libarm_cortexM4lf_math.a
LOAD C:/ProgramData/MATLAB/SupportPackages/R2020a/3P.instrset/cmsis.instrset/CMSIS/RTOS/RTX/LIB/GCC/libRTX_CM4.a
LOAD C:/ProgramData/MATLAB/SupportPackages/R2020a/toolbox/target/supportpackages/freedomk64f/src/ksdk_armgcc_lib/bm/libksdk_platform.a
LOAD c:/progra~3/matlab/suppor~1/r2020a/3p778c~1.ins/gnuarm~1.ins/win/bin/../lib/gcc/arm-none-eabi/7.2.1/../../../../arm-none-eabi/lib/thumb/v7e-m/fpv4-sp/hard\libstdc++.a
LOAD c:/progra~3/matlab/suppor~1/r2020a/3p778c~1.ins/gnuarm~1.ins/win/bin/../lib/gcc/arm-none-eabi/7.2.1/../../../../arm-none-eabi/lib/thumb/v7e-m/fpv4-sp/hard\libm.a
START GROUP
LOAD c:/progra~3/matlab/suppor~1/r2020a/3p778c~1.ins/gnuarm~1.ins/win/bin/../lib/gcc/arm-none-eabi/7.2.1/thumb/v7e-m/fpv4-sp/hard\libgcc.a
LOAD c:/progra~3/matlab/suppor~1/r2020a/3p778c~1.ins/gnuarm~1.ins/win/bin/../lib/gcc/arm-none-eabi/7.2.1/../../../../arm-none-eabi/lib/thumb/v7e-m/fpv4-sp/hard\libg.a
LOAD c:/progra~3/matlab/suppor~1/r2020a/3p778c~1.ins/gnuarm~1.ins/win/bin/../lib/gcc/arm-none-eabi/7.2.1/../../../../arm-none-eabi/lib/thumb/v7e-m/fpv4-sp/hard\libc.a
END GROUP
START GROUP
LOAD c:/progra~3/matlab/suppor~1/r2020a/3p778c~1.ins/gnuarm~1.ins/win/bin/../lib/gcc/arm-none-eabi/7.2.1/thumb/v7e-m/fpv4-sp/hard\libgcc.a
LOAD c:/progra~3/matlab/suppor~1/r2020a/3p778c~1.ins/gnuarm~1.ins/win/bin/../lib/gcc/arm-none-eabi/7.2.1/../../../../arm-none-eabi/lib/thumb/v7e-m/fpv4-sp/hard\libc.a
LOAD c:/progra~3/matlab/suppor~1/r2020a/3p778c~1.ins/gnuarm~1.ins/win/bin/../lib/gcc/arm-none-eabi/7.2.1/../../../../arm-none-eabi/lib/thumb/v7e-m/fpv4-sp/hard\libnosys.a
END GROUP
LOAD c:/progra~3/matlab/suppor~1/r2020a/3p778c~1.ins/gnuarm~1.ins/win/bin/../lib/gcc/arm-none-eabi/7.2.1/thumb/v7e-m/fpv4-sp/hard/crtend.o
LOAD c:/progra~3/matlab/suppor~1/r2020a/3p778c~1.ins/gnuarm~1.ins/win/bin/../lib/gcc/arm-none-eabi/7.2.1/thumb/v7e-m/fpv4-sp/hard/crtn.o
                0x00000400                HEAP_SIZE = DEFINED (__heap_size__)?__heap_size__:0x400
                0x00000400                STACK_SIZE = DEFINED (__stack_size__)?__stack_size__:0x400
                0x00000000                M_VECTOR_RAM_SIZE = DEFINED (__ram_vector_table__)?0x400:0x0

.interrupts     0x00000000      0x400
                0x00000000                __VECTOR_TABLE = .
                0x00000000                . = ALIGN (0x4)
 *(.isr_vector)
 .isr_vector    0x00000000      0x400 startup_MK64F12.o
                0x00000000                __isr_vector
                0x00000400                . = ALIGN (0x4)

.flash_config   0x00000400       0x10
                0x00000400                . = ALIGN (0x4)
 *(.FlashConfig)
 .FlashConfig   0x00000400       0x10 startup_MK64F12.o
                0x00000410                . = ALIGN (0x4)

.text           0x00000440     0xebe4
                0x00000440                . = ALIGN (0x4)
 *(.text)
 .text          0x00000440       0x40 c:/progra~3/matlab/suppor~1/r2020a/3p778c~1.ins/gnuarm~1.ins/win/bin/../lib/gcc/arm-none-eabi/7.2.1/thumb/v7e-m/fpv4-sp/hard/crtbegin.o
 .text          0x00000480       0x74 c:/progra~3/matlab/suppor~1/r2020a/3p778c~1.ins/gnuarm~1.ins/win/bin/../lib/gcc/arm-none-eabi/7.2.1/../../../../arm-none-eabi/lib/thumb/v7e-m/fpv4-sp/hard/crt0.o
                0x00000480                _start
                0x00000480                _mainCRTStartup
 .text          0x000004f4       0x14 startup_MK64F12.o
                0x000004f4                Reset_Handler
                0x00000504                ENET_Receive_IRQHandler
                0x00000504                ENET_1588_Timer_IRQHandler
                0x00000504                DefaultISR
                0x00000504                PIT2_IRQHandler
                0x00000504                PIT0_IRQHandler
                0x00000504                ENET_Error_IRQHandler
                0x00000504                PIT3_IRQHandler
                0x00000504                SDHC_IRQHandler
                0x00000504                ENET_Transmit_IRQHandler
                0x00000504                PIT1_IRQHandler
 .text          0x00000508      0x198 C:/ProgramData/MATLAB/SupportPackages/R2020a/3P.instrset/cmsis.instrset/CMSIS/RTOS/RTX/LIB/GCC/libRTX_CM4.a(hal_cm4.o)
                0x00000508                rt_set_PSP
                0x0000050e                rt_get_PSP
                0x00000514                os_set_env
                0x0000052c                _alloc_box
                0x00000548                _free_box
                0x00000564                SVC_Handler
                0x0000060a                PendSV_Handler
                0x00000610                Sys_Switch
                0x0000066a                SysTick_Handler
                0x00000674                OS_Tick_Handler
 .text          0x000006a0      0x378 c:/progra~3/matlab/suppor~1/r2020a/3p778c~1.ins/gnuarm~1.ins/win/bin/../lib/gcc/arm-none-eabi/7.2.1/thumb/v7e-m/fpv4-sp/hard\libgcc.a(_arm_addsubdf3.o)
                0x000006a0                __aeabi_drsub
                0x000006a8                __aeabi_dsub
                0x000006a8                __subdf3
                0x000006ac                __aeabi_dadd
                0x000006ac                __adddf3
                0x00000924                __floatunsidf
                0x00000924                __aeabi_ui2d
                0x00000944                __floatsidf
                0x00000944                __aeabi_i2d
                0x00000968                __aeabi_f2d
                0x00000968                __extendsfdf2
                0x000009ac                __floatundidf
                0x000009ac                __aeabi_ul2d
                0x000009bc                __floatdidf
                0x000009bc                __aeabi_l2d
 .text          0x00000a18      0x424 c:/progra~3/matlab/suppor~1/r2020a/3p778c~1.ins/gnuarm~1.ins/win/bin/../lib/gcc/arm-none-eabi/7.2.1/thumb/v7e-m/fpv4-sp/hard\libgcc.a(_arm_muldivdf3.o)
                0x00000a18                __aeabi_dmul
                0x00000a18                __muldf3
                0x00000c6c                __divdf3
                0x00000c6c                __aeabi_ddiv
 .text          0x00000e3c      0x110 c:/progra~3/matlab/suppor~1/r2020a/3p778c~1.ins/gnuarm~1.ins/win/bin/../lib/gcc/arm-none-eabi/7.2.1/thumb/v7e-m/fpv4-sp/hard\libgcc.a(_arm_cmpdf2.o)
                0x00000e3c                __gtdf2
                0x00000e3c                __gedf2
                0x00000e44                __ltdf2
                0x00000e44                __ledf2
                0x00000e4c                __nedf2
                0x00000e4c                __eqdf2
                0x00000e4c                __cmpdf2
                0x00000ec8                __aeabi_cdrcmple
                0x00000ed8                __aeabi_cdcmpeq
                0x00000ed8                __aeabi_cdcmple
                0x00000ee8                __aeabi_dcmpeq
                0x00000efc                __aeabi_dcmplt
                0x00000f10                __aeabi_dcmple
                0x00000f24                __aeabi_dcmpge
                0x00000f38                __aeabi_dcmpgt
 .text          0x00000f4c       0x40 c:/progra~3/matlab/suppor~1/r2020a/3p778c~1.ins/gnuarm~1.ins/win/bin/../lib/gcc/arm-none-eabi/7.2.1/thumb/v7e-m/fpv4-sp/hard\libgcc.a(_arm_fixunsdfsi.o)
                0x00000f4c                __aeabi_d2uiz
                0x00000f4c                __fixunsdfsi
 .text          0x00000f8c       0x30 c:/progra~3/matlab/suppor~1/r2020a/3p778c~1.ins/gnuarm~1.ins/win/bin/../lib/gcc/arm-none-eabi/7.2.1/thumb/v7e-m/fpv4-sp/hard\libgcc.a(_aeabi_uldivmod.o)
                0x00000f8c                __aeabi_uldivmod
 .text          0x00000fbc      0x2cc c:/progra~3/matlab/suppor~1/r2020a/3p778c~1.ins/gnuarm~1.ins/win/bin/../lib/gcc/arm-none-eabi/7.2.1/thumb/v7e-m/fpv4-sp/hard\libgcc.a(_udivmoddi4.o)
                0x00000fbc                __udivmoddi4
 .text          0x00001288      0x9ec c:/progra~3/matlab/suppor~1/r2020a/3p778c~1.ins/gnuarm~1.ins/win/bin/../lib/gcc/arm-none-eabi/7.2.1/thumb/v7e-m/fpv4-sp/hard\libgcc.a(unwind-arm.o)
                0x0000153c                _Unwind_GetCFA
                0x00001540                __gnu_Unwind_RaiseException
                0x000015a0                __gnu_Unwind_ForcedUnwind
                0x000015b4                __gnu_Unwind_Resume
                0x000015f8                __gnu_Unwind_Resume_or_Rethrow
                0x00001608                _Unwind_Complete
                0x0000160c                _Unwind_DeleteException
                0x00001618                _Unwind_VRS_Get
                0x0000165c                _Unwind_VRS_Set
                0x000016a4                __gnu_Unwind_Backtrace
                0x000019e8                __aeabi_unwind_cpp_pr0
                0x000019ec                __aeabi_unwind_cpp_pr1
                0x000019f0                __aeabi_unwind_cpp_pr2
                0x000019f4                _Unwind_VRS_Pop
 .text          0x00001c74      0x1ac c:/progra~3/matlab/suppor~1/r2020a/3p778c~1.ins/gnuarm~1.ins/win/bin/../lib/gcc/arm-none-eabi/7.2.1/thumb/v7e-m/fpv4-sp/hard\libgcc.a(libunwind.o)
                0x00001c74                __restore_core_regs
                0x00001c74                restore_core_regs
                0x00001c8c                __gnu_Unwind_Restore_VFP
                0x00001c94                __gnu_Unwind_Save_VFP
                0x00001c9c                __gnu_Unwind_Restore_VFP_D
                0x00001ca4                __gnu_Unwind_Save_VFP_D
                0x00001cac                __gnu_Unwind_Restore_VFP_D_16_to_31
                0x00001cb4                __gnu_Unwind_Save_VFP_D_16_to_31
                0x00001cbc                __gnu_Unwind_Restore_WMMXD
                0x00001d00                __gnu_Unwind_Save_WMMXD
                0x00001d44                __gnu_Unwind_Restore_WMMXC
                0x00001d58                __gnu_Unwind_Save_WMMXC
                0x00001d6c                ___Unwind_RaiseException
                0x00001d6c                _Unwind_RaiseException
                0x00001d90                _Unwind_Resume
                0x00001d90                ___Unwind_Resume
                0x00001db4                _Unwind_Resume_or_Rethrow
                0x00001db4                ___Unwind_Resume_or_Rethrow
                0x00001dd8                _Unwind_ForcedUnwind
                0x00001dd8                ___Unwind_ForcedUnwind
                0x00001dfc                ___Unwind_Backtrace
                0x00001dfc                _Unwind_Backtrace
 .text          0x00001e20      0x374 c:/progra~3/matlab/suppor~1/r2020a/3p778c~1.ins/gnuarm~1.ins/win/bin/../lib/gcc/arm-none-eabi/7.2.1/thumb/v7e-m/fpv4-sp/hard\libgcc.a(pr-support.o)
                0x00001e78                __gnu_unwind_execute
                0x0000213c                __gnu_unwind_frame
                0x00002164                _Unwind_GetRegionStart
                0x00002170                _Unwind_GetLanguageSpecificData
                0x00002184                _Unwind_GetDataRelBase
                0x0000218c                _Unwind_GetTextRelBase
 .text          0x00002194        0x4 c:/progra~3/matlab/suppor~1/r2020a/3p778c~1.ins/gnuarm~1.ins/win/bin/../lib/gcc/arm-none-eabi/7.2.1/thumb/v7e-m/fpv4-sp/hard\libgcc.a(_dvmd_tls.o)
                0x00002194                __aeabi_idiv0
                0x00002194                __aeabi_ldiv0
 .text          0x00002198      0x134 c:/progra~3/matlab/suppor~1/r2020a/3p778c~1.ins/gnuarm~1.ins/win/bin/../lib/gcc/arm-none-eabi/7.2.1/../../../../arm-none-eabi/lib/thumb/v7e-m/fpv4-sp/hard\libg.a(lib_a-memcpy.o)
                0x00002198                memcpy
 *fill*         0x000022cc        0x4 
 .text          0x000022d0       0xa0 c:/progra~3/matlab/suppor~1/r2020a/3p778c~1.ins/gnuarm~1.ins/win/bin/../lib/gcc/arm-none-eabi/7.2.1/../../../../arm-none-eabi/lib/thumb/v7e-m/fpv4-sp/hard\libg.a(lib_a-memchr.o)
                0x000022d0                memchr
 *fill*         0x00002370       0x10 
 .text          0x00002380       0xdc c:/progra~3/matlab/suppor~1/r2020a/3p778c~1.ins/gnuarm~1.ins/win/bin/../lib/gcc/arm-none-eabi/7.2.1/../../../../arm-none-eabi/lib/thumb/v7e-m/fpv4-sp/hard\libg.a(lib_a-strlen.o)
                0x00002380                strlen
 *(.text*)
 .text.MW_I2C_Open
                0x0000245c       0x48 MW_I2C.o
                0x0000245c                MW_I2C_Open
 .text.MW_I2C_SetBusSpeed
                0x000024a4       0x2e MW_I2C.o
                0x000024a4                MW_I2C_SetBusSpeed
 .text.MW_I2C_MasterRead
                0x000024d2       0x68 MW_I2C.o
                0x000024d2                MW_I2C_MasterRead
 .text.MW_I2C_MasterWrite
                0x0000253a       0x68 MW_I2C.o
                0x0000253a                MW_I2C_MasterWrite
 .text.MW_I2C_Close
                0x000025a2       0x14 MW_I2C.o
                0x000025a2                MW_I2C_Close
 *fill*         0x000025b6        0x2 
 .text.PORT_HAL_SetMuxMode
                0x000025b8       0x58 MW_PWM.o
 .text.FTM_HAL_SetClockSource
                0x00002610       0x2e MW_PWM.o
 *fill*         0x0000263e        0x2 
 .text.MW_PWM_Open
                0x00002640      0x164 MW_PWM.o
                0x00002640                MW_PWM_Open
 .text.MW_PWM_Start
                0x000027a4       0x14 MW_PWM.o
                0x000027a4                MW_PWM_Start
 .text.MW_PWM_SetDutyCycle
                0x000027b8       0x7c MW_PWM.o
                0x000027b8                MW_PWM_SetDutyCycle
 .text.MW_PWM_Stop
                0x00002834       0x2c MW_PWM.o
                0x00002834                MW_PWM_Stop
 .text.MW_PWM_Close
                0x00002860       0x14 MW_PWM.o
                0x00002860                MW_PWM_Close
 .text.EDMA_HAL_HTCDSetDestAddr
                0x00002874       0x48 MW_SCI.o
 .text.EDMA_HAL_HTCDSetIntCmd
                0x000028bc       0x54 MW_SCI.o
 .text.MW_SCI_Open
                0x00002910      0x5ac MW_SCI.o
                0x00002910                MW_SCI_Open
 .text.MW_SCI_SetBaudrate
                0x00002ebc       0x18 MW_SCI.o
                0x00002ebc                MW_SCI_SetBaudrate
 .text.MW_SCI_SetFrameFormat
                0x00002ed4       0x28 MW_SCI.o
                0x00002ed4                MW_SCI_SetFrameFormat
 .text.MW_SCI_Receive
                0x00002efc       0xa4 MW_SCI.o
                0x00002efc                MW_SCI_Receive
 .text.MW_SCI_Transmit
                0x00002fa0       0x80 MW_SCI.o
                0x00002fa0                MW_SCI_Transmit
 .text.MW_SCI_Close
                0x00003020       0x14 MW_SCI.o
                0x00003020                MW_SCI_Close
 .text.MW_UART_DRV_EdmaStartReceiveData
                0x00003034       0xac MW_SCI.o
 .text.MW_UART_DRV_EdmaRxCallback
                0x000030e0       0x1c MW_SCI.o
 .text.MW_UART_DRV_EdmaCompleteReceiveData
                0x000030fc      0x124 MW_SCI.o
 .text.MW_digitalIO_open
                0x00003220       0xe0 MW_digitalIO.o
                0x00003220                MW_digitalIO_open
 .text.MW_digitalIO_read
                0x00003300       0x70 MW_digitalIO.o
                0x00003300                MW_digitalIO_read
 .text.MW_digitalIO_write
                0x00003370       0x7e MW_digitalIO.o
                0x00003370                MW_digitalIO_write
 .text.MW_digitalIO_close
                0x000033ee       0x3c MW_digitalIO.o
                0x000033ee                MW_digitalIO_close
 .text.os_idle_demon
                0x0000342a        0x6 RTX_Conf_CM.o
                0x0000342a                os_idle_demon
 .text.os_error
                0x00003430       0x2c RTX_Conf_CM.o
                0x00003430                os_error
 .text.rt_init_robin
                0x0000345c        0x2 RTX_Conf_CM.o
                0x0000345c                rt_init_robin
 .text.rt_chk_robin
                0x0000345e        0x2 RTX_Conf_CM.o
                0x0000345e                rt_chk_robin
 .text.software_init_hook
                0x00003460       0x34 RTX_Conf_CM.o
                0x00003460                software_init_hook
 .text.PORT_HAL_SetMuxMode
                0x00003494       0x58 board.o
 .text.SMC_HAL_SetProtection
                0x000034ec       0x1e board.o
 *fill*         0x0000350a        0x2 
 .text.BOARD_InitOsc0
                0x0000350c       0x30 board.o
                0x0000350c                BOARD_InitOsc0
 .text.BOARD_InitRtcOsc
                0x0000353c       0x28 board.o
                0x0000353c                BOARD_InitRtcOsc
 .text.BOARD_ClockInit
                0x00003564       0x34 board.o
                0x00003564                BOARD_ClockInit
 .text.schedulerTask
                0x00003598       0x1c cmsis_rtos_init.o
                0x00003598                schedulerTask
 .text.mw_initSignalEvents
                0x000035b4       0x40 cmsis_rtos_init.o
                0x000035b4                mw_initSignalEvents
 .text.mw_RTOSInit
                0x000035f4       0x8c cmsis_rtos_init.o
                0x000035f4                mw_RTOSInit
 .text.baseRateTask
                0x00003680       0x7c ert_main.o
                0x00003680                baseRateTask
 .text.terminateTask
                0x000036fc       0x34 ert_main.o
                0x000036fc                terminateTask
 .text.main     0x00003730       0x48 ert_main.o
                0x00003730                main
 .text.DMA0_IRQHandler
                0x00003778        0xe fsl_edma_irq.o
                0x00003778                DMA0_IRQHandler
 .text.DMA1_IRQHandler
                0x00003786        0xe fsl_edma_irq.o
                0x00003786                DMA1_IRQHandler
 .text.DMA2_IRQHandler
                0x00003794        0xe fsl_edma_irq.o
                0x00003794                DMA2_IRQHandler
 .text.DMA3_IRQHandler
                0x000037a2        0xe fsl_edma_irq.o
                0x000037a2                DMA3_IRQHandler
 .text.DMA4_IRQHandler
                0x000037b0        0xe fsl_edma_irq.o
                0x000037b0                DMA4_IRQHandler
 .text.DMA5_IRQHandler
                0x000037be        0xe fsl_edma_irq.o
                0x000037be                DMA5_IRQHandler
 .text.DMA6_IRQHandler
                0x000037cc        0xe fsl_edma_irq.o
                0x000037cc                DMA6_IRQHandler
 .text.DMA7_IRQHandler
                0x000037da        0xe fsl_edma_irq.o
                0x000037da                DMA7_IRQHandler
 .text.DMA8_IRQHandler
                0x000037e8        0xe fsl_edma_irq.o
                0x000037e8                DMA8_IRQHandler
 .text.DMA9_IRQHandler
                0x000037f6        0xe fsl_edma_irq.o
                0x000037f6                DMA9_IRQHandler
 .text.DMA10_IRQHandler
                0x00003804        0xe fsl_edma_irq.o
                0x00003804                DMA10_IRQHandler
 .text.DMA11_IRQHandler
                0x00003812        0xe fsl_edma_irq.o
                0x00003812                DMA11_IRQHandler
 .text.DMA12_IRQHandler
                0x00003820        0xe fsl_edma_irq.o
                0x00003820                DMA12_IRQHandler
 .text.DMA13_IRQHandler
                0x0000382e        0xe fsl_edma_irq.o
                0x0000382e                DMA13_IRQHandler
 .text.DMA14_IRQHandler
                0x0000383c        0xe fsl_edma_irq.o
                0x0000383c                DMA14_IRQHandler
 .text.DMA15_IRQHandler
                0x0000384a        0xe fsl_edma_irq.o
                0x0000384a                DMA15_IRQHandler
 .text.DMA_Error_IRQHandler
                0x00003858        0xe fsl_edma_irq.o
                0x00003858                DMA_Error_IRQHandler
 .text.UART0_RX_TX_IRQHandler
                0x00003866        0xe fsl_uart_irq.o
                0x00003866                UART0_RX_TX_IRQHandler
 .text.UART1_RX_TX_IRQHandler
                0x00003874        0xe fsl_uart_irq.o
                0x00003874                UART1_RX_TX_IRQHandler
 .text.UART2_RX_TX_IRQHandler
                0x00003882        0xe fsl_uart_irq.o
                0x00003882                UART2_RX_TX_IRQHandler
 .text.UART3_RX_TX_IRQHandler
                0x00003890        0xe fsl_uart_irq.o
                0x00003890                UART3_RX_TX_IRQHandler
 .text.UART4_RX_TX_IRQHandler
                0x0000389e        0xe fsl_uart_irq.o
                0x0000389e                UART4_RX_TX_IRQHandler
 .text.UART5_RX_TX_IRQHandler
                0x000038ac        0xe fsl_uart_irq.o
                0x000038ac                UART5_RX_TX_IRQHandler
 .text.hardware_init
                0x000038ba       0x30 hardware_init.o
                0x000038ba                hardware_init
 .text.CLOCK_SYS_GetI2cFreq
                0x000038ea       0x16 i2c_api.o
 .text.I2C_HAL_Enable
                0x00003900       0x24 i2c_api.o
 .text.I2C_HAL_SendAck
                0x00003924       0x24 i2c_api.o
 .text.I2C_HAL_SendNak
                0x00003948       0x24 i2c_api.o
 .text.I2C_HAL_SetDirMode
                0x0000396c       0x2a i2c_api.o
 .text.I2C_HAL_ReadByte
                0x00003996       0x1a i2c_api.o
 .text.I2C_HAL_WriteByte
                0x000039b0       0x1e i2c_api.o
 .text.I2C_HAL_GetStatusFlag
                0x000039ce       0x34 i2c_api.o
 .text.I2C_HAL_IsMaster
                0x00003a02       0x2e i2c_api.o
 .text.I2C_HAL_SetIntCmd
                0x00003a30       0x28 i2c_api.o
 .text.I2C_HAL_ClearInt
                0x00003a58       0x1a i2c_api.o
 *fill*         0x00003a72        0x2 
 .text.PORT_HAL_SetOpenDrainCmd
                0x00003a74       0x4c i2c_api.o
 .text.PORT_HAL_SetMuxMode
                0x00003ac0       0x58 i2c_api.o
 .text.i2c_init
                0x00003b18       0x54 i2c_api.o
                0x00003b18                i2c_init
 .text.i2c_start
                0x00003b6c       0x28 i2c_api.o
                0x00003b6c                i2c_start
 .text.i2c_stop
                0x00003b94       0x4c i2c_api.o
                0x00003b94                i2c_stop
 .text.timeout_status_poll
                0x00003be0       0x58 i2c_api.o
 .text.i2c_wait_end_tx_transfer
                0x00003c38       0x54 i2c_api.o
 .text.i2c_wait_end_rx_transfer
                0x00003c8c       0x3c i2c_api.o
 .text.i2c_do_write
                0x00003cc8       0x38 i2c_api.o
 .text.i2c_do_read
                0x00003d00       0x50 i2c_api.o
 .text.i2c_frequency
                0x00003d50       0x50 i2c_api.o
                0x00003d50                i2c_frequency
 .text.i2c_read
                0x00003da0       0xe0 i2c_api.o
                0x00003da0                i2c_read
 .text.i2c_write
                0x00003e80       0x90 i2c_api.o
                0x00003e80                i2c_write
 .text.configure_i2c_pins
                0x00003f10       0x78 i2c_api.o
                0x00003f10                configure_i2c_pins
 .text.NMI_Handler
                0x00003f88        0x6 irq_stub.o
                0x00003f88                NMI_Handler
 .text.HardFault_Handler
                0x00003f8e        0x6 irq_stub.o
                0x00003f8e                HardFault_Handler
 .text.MemManage_Handler
                0x00003f94        0x6 irq_stub.o
                0x00003f94                MemManage_Handler
 .text.BusFault_Handler
                0x00003f9a        0x6 irq_stub.o
                0x00003f9a                BusFault_Handler
 .text.UsageFault_Handler
                0x00003fa0        0x6 irq_stub.o
                0x00003fa0                UsageFault_Handler
 .text.DebugMon_Handler
                0x00003fa6        0x6 irq_stub.o
                0x00003fa6                DebugMon_Handler
 .text.MCM_IRQHandler
                0x00003fac        0x6 irq_stub.o
                0x00003fac                MCM_IRQHandler
 .text.FTFE_IRQHandler
                0x00003fb2        0x6 irq_stub.o
                0x00003fb2                FTFE_IRQHandler
 .text.Read_Collision_IRQHandler
                0x00003fb8        0x6 irq_stub.o
                0x00003fb8                Read_Collision_IRQHandler
 .text.LVD_LVW_IRQHandler
                0x00003fbe        0x6 irq_stub.o
                0x00003fbe                LVD_LVW_IRQHandler
 .text.LLWU_IRQHandler
                0x00003fc4        0x6 irq_stub.o
                0x00003fc4                LLWU_IRQHandler
 .text.WDOG_EWM_IRQHandler
                0x00003fca        0x6 irq_stub.o
                0x00003fca                WDOG_EWM_IRQHandler
 .text.RNG_IRQHandler
                0x00003fd0        0x6 irq_stub.o
                0x00003fd0                RNG_IRQHandler
 .text.I2C0_IRQHandler
                0x00003fd6        0x6 irq_stub.o
                0x00003fd6                I2C0_IRQHandler
 .text.I2C1_IRQHandler
                0x00003fdc        0x6 irq_stub.o
                0x00003fdc                I2C1_IRQHandler
 .text.SPI0_IRQHandler
                0x00003fe2        0x6 irq_stub.o
                0x00003fe2                SPI0_IRQHandler
 .text.SPI1_IRQHandler
                0x00003fe8        0x6 irq_stub.o
                0x00003fe8                SPI1_IRQHandler
 .text.I2S0_Tx_IRQHandler
                0x00003fee        0x6 irq_stub.o
                0x00003fee                I2S0_Tx_IRQHandler
 .text.I2S0_Rx_IRQHandler
                0x00003ff4        0x6 irq_stub.o
                0x00003ff4                I2S0_Rx_IRQHandler
 .text.UART0_LON_IRQHandler
                0x00003ffa        0x6 irq_stub.o
                0x00003ffa                UART0_LON_IRQHandler
 .text.UART0_ERR_IRQHandler
                0x00004000        0x6 irq_stub.o
                0x00004000                UART0_ERR_IRQHandler
 .text.UART1_ERR_IRQHandler
                0x00004006        0x6 irq_stub.o
                0x00004006                UART1_ERR_IRQHandler
 .text.UART2_ERR_IRQHandler
                0x0000400c        0x6 irq_stub.o
                0x0000400c                UART2_ERR_IRQHandler
 .text.UART3_ERR_IRQHandler
                0x00004012        0x6 irq_stub.o
                0x00004012                UART3_ERR_IRQHandler
 .text.ADC0_IRQHandler
                0x00004018        0x6 irq_stub.o
                0x00004018                ADC0_IRQHandler
 .text.CMP0_IRQHandler
                0x0000401e        0x6 irq_stub.o
                0x0000401e                CMP0_IRQHandler
 .text.CMP1_IRQHandler
                0x00004024        0x6 irq_stub.o
                0x00004024                CMP1_IRQHandler
 .text.FTM0_IRQHandler
                0x0000402a        0x6 irq_stub.o
                0x0000402a                FTM0_IRQHandler
 .text.FTM1_IRQHandler
                0x00004030        0x6 irq_stub.o
                0x00004030                FTM1_IRQHandler
 .text.FTM2_IRQHandler
                0x00004036        0x6 irq_stub.o
                0x00004036                FTM2_IRQHandler
 .text.CMT_IRQHandler
                0x0000403c        0x6 irq_stub.o
                0x0000403c                CMT_IRQHandler
 .text.RTC_IRQHandler
                0x00004042        0x6 irq_stub.o
                0x00004042                RTC_IRQHandler
 .text.RTC_Seconds_IRQHandler
                0x00004048        0x6 irq_stub.o
                0x00004048                RTC_Seconds_IRQHandler
 .text.PDB0_IRQHandler
                0x0000404e        0x6 irq_stub.o
                0x0000404e                PDB0_IRQHandler
 .text.USB0_IRQHandler
                0x00004054        0x6 irq_stub.o
                0x00004054                USB0_IRQHandler
 .text.USBDCD_IRQHandler
                0x0000405a        0x6 irq_stub.o
                0x0000405a                USBDCD_IRQHandler
 .text.Reserved71_IRQHandler
                0x00004060        0x6 irq_stub.o
                0x00004060                Reserved71_IRQHandler
 .text.DAC0_IRQHandler
                0x00004066        0x6 irq_stub.o
                0x00004066                DAC0_IRQHandler
 .text.MCG_IRQHandler
                0x0000406c        0x6 irq_stub.o
                0x0000406c                MCG_IRQHandler
 .text.LPTMR0_IRQHandler
                0x00004072        0x6 irq_stub.o
                0x00004072                LPTMR0_IRQHandler
 .text.PORTA_IRQHandler
                0x00004078        0x6 irq_stub.o
                0x00004078                PORTA_IRQHandler
 .text.PORTB_IRQHandler
                0x0000407e        0x6 irq_stub.o
                0x0000407e                PORTB_IRQHandler
 .text.PORTC_IRQHandler
                0x00004084        0x6 irq_stub.o
                0x00004084                PORTC_IRQHandler
 .text.PORTD_IRQHandler
                0x0000408a        0x6 irq_stub.o
                0x0000408a                PORTD_IRQHandler
 .text.PORTE_IRQHandler
                0x00004090        0x6 irq_stub.o
                0x00004090                PORTE_IRQHandler
 .text.SWI_IRQHandler
                0x00004096        0x6 irq_stub.o
                0x00004096                SWI_IRQHandler
 .text.SPI2_IRQHandler
                0x0000409c        0x6 irq_stub.o
                0x0000409c                SPI2_IRQHandler
 .text.UART4_ERR_IRQHandler
                0x000040a2        0x6 irq_stub.o
                0x000040a2                UART4_ERR_IRQHandler
 .text.UART5_ERR_IRQHandler
                0x000040a8        0x6 irq_stub.o
                0x000040a8                UART5_ERR_IRQHandler
 .text.CMP2_IRQHandler
                0x000040ae        0x6 irq_stub.o
                0x000040ae                CMP2_IRQHandler
 .text.FTM3_IRQHandler
                0x000040b4        0x6 irq_stub.o
                0x000040b4                FTM3_IRQHandler
 .text.DAC1_IRQHandler
                0x000040ba        0x6 irq_stub.o
                0x000040ba                DAC1_IRQHandler
 .text.ADC1_IRQHandler
                0x000040c0        0x6 irq_stub.o
                0x000040c0                ADC1_IRQHandler
 .text.I2C2_IRQHandler
                0x000040c6        0x6 irq_stub.o
                0x000040c6                I2C2_IRQHandler
 .text.CAN0_ORed_Message_buffer_IRQHandler
                0x000040cc        0x6 irq_stub.o
                0x000040cc                CAN0_ORed_Message_buffer_IRQHandler
 .text.CAN0_Bus_Off_IRQHandler
                0x000040d2        0x6 irq_stub.o
                0x000040d2                CAN0_Bus_Off_IRQHandler
 .text.CAN0_Error_IRQHandler
                0x000040d8        0x6 irq_stub.o
                0x000040d8                CAN0_Error_IRQHandler
 .text.CAN0_Tx_Warning_IRQHandler
                0x000040de        0x6 irq_stub.o
                0x000040de                CAN0_Tx_Warning_IRQHandler
 .text.CAN0_Rx_Warning_IRQHandler
                0x000040e4        0x6 irq_stub.o
                0x000040e4                CAN0_Rx_Warning_IRQHandler
 .text.CAN0_Wake_Up_IRQHandler
                0x000040ea        0x6 irq_stub.o
                0x000040ea                CAN0_Wake_Up_IRQHandler
 .text.mw_osSignalSet
                0x000040f0       0x2e mw_signal.o
                0x000040f0                mw_osSignalSet
 .text.mw_osSignalClear
                0x0000411e       0x26 mw_signal.o
                0x0000411e                mw_osSignalClear
 .text.mw_osSignalWaitEver
                0x00004144       0x20 mw_signal.o
                0x00004144                mw_osSignalWaitEver
 .text.mw_osSignalEventCreate
                0x00004164       0x20 mw_signal.o
                0x00004164                mw_osSignalEventCreate
 .text.mw_osSignalEventRelease
                0x00004184       0x26 mw_signal.o
                0x00004184                mw_osSignalEventRelease
 .text.mw_osSignalEventWaitEver
                0x000041aa       0x34 mw_signal.o
                0x000041aa                mw_osSignalEventWaitEver
 .text.mw_osThreadCreate
                0x000041de       0x52 mw_thread.o
                0x000041de                mw_osThreadCreate
 .text.mw_osThreadGetId
                0x00004230        0xe mw_thread.o
                0x00004230                mw_osThreadGetId
 .text.mw_osThreadExit
                0x0000423e       0x22 mw_thread.o
                0x0000423e                mw_osThreadExit
 .text.mw_osTimerCreate
                0x00004260       0x4e mw_timer.o
                0x00004260                mw_osTimerCreate
 .text.mw_osTimerStart
                0x000042ae       0x24 mw_timer.o
                0x000042ae                mw_osTimerStart
 *fill*         0x000042d2        0x2 
 .text.rt_roundd_snf
                0x000042d4       0xf4 pacemaker_simulink_old.o
                0x000042d4                rt_roundd_snf
 .text.enter_atomic_Charging_and_Sen_m
                0x000043c8       0xa8 pacemaker_simulink_old.o
 .text.pacemaker_simulink_old_VVI
                0x00004470      0x42c pacemaker_simulink_old.o
 .text.enter_atomic_Charging_and_S_mil
                0x0000489c       0xa8 pacemaker_simulink_old.o
 .text.pacemaker_simulink_old_AAI
                0x00004944      0x42c pacemaker_simulink_old.o
 .text.enter_atomic_Charging_and_Sensi
                0x00004d70       0x90 pacemaker_simulink_old.o
 .text.enter_atomic_Charging_and_Se_mi
                0x00004e00       0x90 pacemaker_simulink_old.o
 .text.p_SystemCore_rele_h
                0x00004e90       0x2a pacemaker_simulink_old.o
 .text.p_SystemCore_dele_h
                0x00004eba       0x16 pacemaker_simulink_old.o
 .text.pacemaker_sim_matlabCodegenHa_h
                0x00004ed0       0x24 pacemaker_simulink_old.o
 .text.p_SystemCore_rele_n
                0x00004ef4       0x2a pacemaker_simulink_old.o
 .text.p_SystemCore_dele_n
                0x00004f1e       0x16 pacemaker_simulink_old.o
 .text.pacemaker_sim_matlabCodegenHa_n
                0x00004f34       0x24 pacemaker_simulink_old.o
 .text.SystemCore_relea_bwuptiarv0qumm
                0x00004f58       0x2a pacemaker_simulink_old.o
 .text.SystemCore_delet_bwuptiarv0qumm
                0x00004f82       0x16 pacemaker_simulink_old.o
 .text.matlabCodegenHan_bwuptiarv0qumm
                0x00004f98       0x24 pacemaker_simulink_old.o
 .text.SystemCore_release_bwuptiarv0qu
                0x00004fbc       0x2a pacemaker_simulink_old.o
 .text.SystemCore_delete_bwuptiarv0qu
                0x00004fe6       0x16 pacemaker_simulink_old.o
 .text.matlabCodegenHandl_bwuptiarv0qu
                0x00004ffc       0x24 pacemaker_simulink_old.o
 .text.SystemCore_releas_bwuptiarv0qum
                0x00005020       0x22 pacemaker_simulink_old.o
 .text.SystemCore_delete_bwuptiarv0qum
                0x00005042       0x16 pacemaker_simulink_old.o
 .text.matlabCodegenHand_bwuptiarv0qum
                0x00005058       0x24 pacemaker_simulink_old.o
 .text.pacemaker_si_SystemCore_release
                0x0000507c       0x2a pacemaker_simulink_old.o
 .text.pacemaker_sim_SystemCore_delete
                0x000050a6       0x16 pacemaker_simulink_old.o
 .text.matlabCodegenHandle_matlabCodeg
                0x000050bc       0x24 pacemaker_simulink_old.o
 .text.pace_SystemCore_release_bwuptia
                0x000050e0       0x34 pacemaker_simulink_old.o
 .text.pacem_SystemCore_delete_bwuptia
                0x00005114       0x16 pacemaker_simulink_old.o
 .text.matlabCodegenHandle_mat_bwuptia
                0x0000512a       0x24 pacemaker_simulink_old.o
 .text.pacemaker_s_SystemCore_setup_bw
                0x0000514e       0x64 pacemaker_simulink_old.o
 .text.pacemaker_si_SystemCore_setup_b
                0x000051b2       0x64 pacemaker_simulink_old.o
 *fill*         0x00005216        0x2 
 .text.pacemaker_simu_SystemCore_setup
                0x00005218      0x178 pacemaker_simulink_old.o
 .text.pacemaker_simulink_old_step
                0x00005390     0x13d8 pacemaker_simulink_old.o
                0x00005390                pacemaker_simulink_old_step
 .text.pacemaker_simulink_old_initialize
                0x00006768      0x50c pacemaker_simulink_old.o
                0x00006768                pacemaker_simulink_old_initialize
 .text.pacemaker_simulink_old_terminate
                0x00006c74       0xbc pacemaker_simulink_old.o
                0x00006c74                pacemaker_simulink_old_terminate
 .text.PORT_HAL_SetMuxMode
                0x00006d30       0x58 pin_mux.o
 .text.SIM_HAL_EnableClock
                0x00006d88       0x40 pin_mux.o
 .text.configure_uart_pins
                0x00006dc8      0x194 pin_mux.o
                0x00006dc8                configure_uart_pins
 .text._sbrk    0x00006f5c       0x5c sbrk.o
                0x00006f5c                _sbrk
 .text.init_data_bss
                0x00006fb8       0xcc startup.o
                0x00006fb8                init_data_bss
 .text.SystemInit
                0x00007084      0x1dc system_MK64F12.o
                0x00007084                SystemInit
 .text.SystemCoreClockUpdate
                0x00007260      0x278 system_MK64F12.o
                0x00007260                SystemCoreClockUpdate
 .text.osThreadExit
                0x000074d8       0x18 C:/ProgramData/MATLAB/SupportPackages/R2020a/3P.instrset/cmsis.instrset/CMSIS/RTOS/RTX/LIB/GCC/libRTX_CM4.a(rt_cmsis.o)
                0x000074d8                osThreadExit
 .text.svcKernelInitialize
                0x000074f0      0x100 C:/ProgramData/MATLAB/SupportPackages/R2020a/3P.instrset/cmsis.instrset/CMSIS/RTOS/RTX/LIB/GCC/libRTX_CM4.a(rt_cmsis.o)
                0x000074f0                svcKernelInitialize
 .text.svcKernelStart
                0x000075f0       0x4c C:/ProgramData/MATLAB/SupportPackages/R2020a/3P.instrset/cmsis.instrset/CMSIS/RTOS/RTX/LIB/GCC/libRTX_CM4.a(rt_cmsis.o)
                0x000075f0                svcKernelStart
 .text.osKernelInitialize
                0x0000763c      0x120 C:/ProgramData/MATLAB/SupportPackages/R2020a/3P.instrset/cmsis.instrset/CMSIS/RTOS/RTX/LIB/GCC/libRTX_CM4.a(rt_cmsis.o)
                0x0000763c                osKernelInitialize
 .text.osKernelStart
                0x0000775c       0x70 C:/ProgramData/MATLAB/SupportPackages/R2020a/3P.instrset/cmsis.instrset/CMSIS/RTOS/RTX/LIB/GCC/libRTX_CM4.a(rt_cmsis.o)
                0x0000775c                osKernelStart
 .text.svcThreadCreate
                0x000077cc       0x7c C:/ProgramData/MATLAB/SupportPackages/R2020a/3P.instrset/cmsis.instrset/CMSIS/RTOS/RTX/LIB/GCC/libRTX_CM4.a(rt_cmsis.o)
                0x000077cc                svcThreadCreate
 .text.svcThreadGetId
                0x00007848       0x18 C:/ProgramData/MATLAB/SupportPackages/R2020a/3P.instrset/cmsis.instrset/CMSIS/RTOS/RTX/LIB/GCC/libRTX_CM4.a(rt_cmsis.o)
                0x00007848                svcThreadGetId
 .text.svcThreadTerminate
                0x00007860       0x44 C:/ProgramData/MATLAB/SupportPackages/R2020a/3P.instrset/cmsis.instrset/CMSIS/RTOS/RTX/LIB/GCC/libRTX_CM4.a(rt_cmsis.o)
                0x00007860                svcThreadTerminate
 .text.osThreadCreate
                0x000078a4       0x9c C:/ProgramData/MATLAB/SupportPackages/R2020a/3P.instrset/cmsis.instrset/CMSIS/RTOS/RTX/LIB/GCC/libRTX_CM4.a(rt_cmsis.o)
                0x000078a4                osThreadCreate
 .text.osThreadGetId
                0x00007940       0x18 C:/ProgramData/MATLAB/SupportPackages/R2020a/3P.instrset/cmsis.instrset/CMSIS/RTOS/RTX/LIB/GCC/libRTX_CM4.a(rt_cmsis.o)
                0x00007940                osThreadGetId
 .text.osThreadTerminate
                0x00007958       0x18 C:/ProgramData/MATLAB/SupportPackages/R2020a/3P.instrset/cmsis.instrset/CMSIS/RTOS/RTX/LIB/GCC/libRTX_CM4.a(rt_cmsis.o)
                0x00007958                osThreadTerminate
 .text.svcTimerCreate
                0x00007970       0x3c C:/ProgramData/MATLAB/SupportPackages/R2020a/3P.instrset/cmsis.instrset/CMSIS/RTOS/RTX/LIB/GCC/libRTX_CM4.a(rt_cmsis.o)
                0x00007970                svcTimerCreate
 .text.svcTimerStart
                0x000079ac       0xc8 C:/ProgramData/MATLAB/SupportPackages/R2020a/3P.instrset/cmsis.instrset/CMSIS/RTOS/RTX/LIB/GCC/libRTX_CM4.a(rt_cmsis.o)
                0x000079ac                svcTimerStart
 .text.svcTimerCall
                0x00007a74       0x18 C:/ProgramData/MATLAB/SupportPackages/R2020a/3P.instrset/cmsis.instrset/CMSIS/RTOS/RTX/LIB/GCC/libRTX_CM4.a(rt_cmsis.o)
                0x00007a74                svcTimerCall
 .text.sysTimerTick
                0x00007a8c       0xb4 C:/ProgramData/MATLAB/SupportPackages/R2020a/3P.instrset/cmsis.instrset/CMSIS/RTOS/RTX/LIB/GCC/libRTX_CM4.a(rt_cmsis.o)
                0x00007a8c                sysTimerTick
 .text.osTimerCreate
                0x00007b40       0x64 C:/ProgramData/MATLAB/SupportPackages/R2020a/3P.instrset/cmsis.instrset/CMSIS/RTOS/RTX/LIB/GCC/libRTX_CM4.a(rt_cmsis.o)
                0x00007b40                osTimerCreate
 .text.osTimerStart
                0x00007ba4       0x18 C:/ProgramData/MATLAB/SupportPackages/R2020a/3P.instrset/cmsis.instrset/CMSIS/RTOS/RTX/LIB/GCC/libRTX_CM4.a(rt_cmsis.o)
                0x00007ba4                osTimerStart
 .text.osTimerThread
                0x00007bbc       0x40 C:/ProgramData/MATLAB/SupportPackages/R2020a/3P.instrset/cmsis.instrset/CMSIS/RTOS/RTX/LIB/GCC/libRTX_CM4.a(rt_cmsis.o)
                0x00007bbc                osTimerThread
 .text.svcSignalSet
                0x00007bfc       0x28 C:/ProgramData/MATLAB/SupportPackages/R2020a/3P.instrset/cmsis.instrset/CMSIS/RTOS/RTX/LIB/GCC/libRTX_CM4.a(rt_cmsis.o)
                0x00007bfc                svcSignalSet
 .text.svcSignalClear
                0x00007c24       0x28 C:/ProgramData/MATLAB/SupportPackages/R2020a/3P.instrset/cmsis.instrset/CMSIS/RTOS/RTX/LIB/GCC/libRTX_CM4.a(rt_cmsis.o)
                0x00007c24                svcSignalClear
 .text.svcSignalWait
                0x00007c4c       0xfc C:/ProgramData/MATLAB/SupportPackages/R2020a/3P.instrset/cmsis.instrset/CMSIS/RTOS/RTX/LIB/GCC/libRTX_CM4.a(rt_cmsis.o)
                0x00007c4c                svcSignalWait
 .text.osSignalSet
                0x00007d48       0x40 C:/ProgramData/MATLAB/SupportPackages/R2020a/3P.instrset/cmsis.instrset/CMSIS/RTOS/RTX/LIB/GCC/libRTX_CM4.a(rt_cmsis.o)
                0x00007d48                osSignalSet
 .text.osSignalClear
                0x00007d88       0x1c C:/ProgramData/MATLAB/SupportPackages/R2020a/3P.instrset/cmsis.instrset/CMSIS/RTOS/RTX/LIB/GCC/libRTX_CM4.a(rt_cmsis.o)
                0x00007d88                osSignalClear
 .text.osSignalWait
                0x00007da4       0x28 C:/ProgramData/MATLAB/SupportPackages/R2020a/3P.instrset/cmsis.instrset/CMSIS/RTOS/RTX/LIB/GCC/libRTX_CM4.a(rt_cmsis.o)
                0x00007da4                osSignalWait
 .text.svcMessageGet
                0x00007dcc       0xa8 C:/ProgramData/MATLAB/SupportPackages/R2020a/3P.instrset/cmsis.instrset/CMSIS/RTOS/RTX/LIB/GCC/libRTX_CM4.a(rt_cmsis.o)
                0x00007dcc                svcMessageGet
 .text.rt_init_stack
                0x00007e74       0xa4 C:/ProgramData/MATLAB/SupportPackages/R2020a/3P.instrset/cmsis.instrset/CMSIS/RTOS/RTX/LIB/GCC/libRTX_CM4.a(hal_cm.o)
                0x00007e74                rt_init_stack
 .text.rt_ret_val
                0x00007f18       0x14 C:/ProgramData/MATLAB/SupportPackages/R2020a/3P.instrset/cmsis.instrset/CMSIS/RTOS/RTX/LIB/GCC/libRTX_CM4.a(hal_cm.o)
                0x00007f18                rt_ret_val
 .text.rt_ret_val2
                0x00007f2c       0x24 C:/ProgramData/MATLAB/SupportPackages/R2020a/3P.instrset/cmsis.instrset/CMSIS/RTOS/RTX/LIB/GCC/libRTX_CM4.a(hal_cm.o)
                0x00007f2c                rt_ret_val2
 .text.dbg_init
                0x00007f50       0x34 C:/ProgramData/MATLAB/SupportPackages/R2020a/3P.instrset/cmsis.instrset/CMSIS/RTOS/RTX/LIB/GCC/libRTX_CM4.a(hal_cm.o)
                0x00007f50                dbg_init
 .text.dbg_task_notify
                0x00007f84       0x2c C:/ProgramData/MATLAB/SupportPackages/R2020a/3P.instrset/cmsis.instrset/CMSIS/RTOS/RTX/LIB/GCC/libRTX_CM4.a(hal_cm.o)
                0x00007f84                dbg_task_notify
 .text.dbg_task_switch
                0x00007fb0       0x14 C:/ProgramData/MATLAB/SupportPackages/R2020a/3P.instrset/cmsis.instrset/CMSIS/RTOS/RTX/LIB/GCC/libRTX_CM4.a(hal_cm.o)
                0x00007fb0                dbg_task_switch
 .text.rt_init_mem
                0x00007fc4       0x1c C:/ProgramData/MATLAB/SupportPackages/R2020a/3P.instrset/cmsis.instrset/CMSIS/RTOS/RTX/LIB/GCC/libRTX_CM4.a(rt_memory.o)
                0x00007fc4                rt_init_mem
 .text.rt_alloc_mem
                0x00007fe0       0x50 C:/ProgramData/MATLAB/SupportPackages/R2020a/3P.instrset/cmsis.instrset/CMSIS/RTOS/RTX/LIB/GCC/libRTX_CM4.a(rt_memory.o)
                0x00007fe0                rt_alloc_mem
 .text.rt_free_mem
                0x00008030       0x44 C:/ProgramData/MATLAB/SupportPackages/R2020a/3P.instrset/cmsis.instrset/CMSIS/RTOS/RTX/LIB/GCC/libRTX_CM4.a(rt_memory.o)
                0x00008030                rt_free_mem
 .text._init_box
                0x00008074       0x58 C:/ProgramData/MATLAB/SupportPackages/R2020a/3P.instrset/cmsis.instrset/CMSIS/RTOS/RTX/LIB/GCC/libRTX_CM4.a(rt_membox.o)
                0x00008074                _init_box
 .text.rt_alloc_box
                0x000080cc       0x1c C:/ProgramData/MATLAB/SupportPackages/R2020a/3P.instrset/cmsis.instrset/CMSIS/RTOS/RTX/LIB/GCC/libRTX_CM4.a(rt_membox.o)
                0x000080cc                rt_alloc_box
 .text.rt_free_box
                0x000080e8       0x28 C:/ProgramData/MATLAB/SupportPackages/R2020a/3P.instrset/cmsis.instrset/CMSIS/RTOS/RTX/LIB/GCC/libRTX_CM4.a(rt_membox.o)
                0x000080e8                rt_free_box
 .text.rt_sem_psh
                0x00008110       0x34 C:/ProgramData/MATLAB/SupportPackages/R2020a/3P.instrset/cmsis.instrset/CMSIS/RTOS/RTX/LIB/GCC/libRTX_CM4.a(rt_semaphore.o)
                0x00008110                rt_sem_psh
 .text.rt_mbx_init
                0x00008144       0x1c C:/ProgramData/MATLAB/SupportPackages/R2020a/3P.instrset/cmsis.instrset/CMSIS/RTOS/RTX/LIB/GCC/libRTX_CM4.a(rt_mailbox.o)
                0x00008144                rt_mbx_init
 .text.rt_mbx_wait
                0x00008160       0xa8 C:/ProgramData/MATLAB/SupportPackages/R2020a/3P.instrset/cmsis.instrset/CMSIS/RTOS/RTX/LIB/GCC/libRTX_CM4.a(rt_mailbox.o)
                0x00008160                rt_mbx_wait
 .text.rt_mbx_check
                0x00008208        0x8 C:/ProgramData/MATLAB/SupportPackages/R2020a/3P.instrset/cmsis.instrset/CMSIS/RTOS/RTX/LIB/GCC/libRTX_CM4.a(rt_mailbox.o)
                0x00008208                rt_mbx_check
 .text.isr_mbx_send
                0x00008210       0x10 C:/ProgramData/MATLAB/SupportPackages/R2020a/3P.instrset/cmsis.instrset/CMSIS/RTOS/RTX/LIB/GCC/libRTX_CM4.a(rt_mailbox.o)
                0x00008210                isr_mbx_send
 .text.rt_mbx_psh
                0x00008220       0xe4 C:/ProgramData/MATLAB/SupportPackages/R2020a/3P.instrset/cmsis.instrset/CMSIS/RTOS/RTX/LIB/GCC/libRTX_CM4.a(rt_mailbox.o)
                0x00008220                rt_mbx_psh
 .text.rt_put_prio
                0x00008304       0x50 C:/ProgramData/MATLAB/SupportPackages/R2020a/3P.instrset/cmsis.instrset/CMSIS/RTOS/RTX/LIB/GCC/libRTX_CM4.a(rt_list.o)
                0x00008304                rt_put_prio
 .text.rt_get_first
                0x00008354       0x28 C:/ProgramData/MATLAB/SupportPackages/R2020a/3P.instrset/cmsis.instrset/CMSIS/RTOS/RTX/LIB/GCC/libRTX_CM4.a(rt_list.o)
                0x00008354                rt_get_first
 .text.rt_put_rdy_first
                0x0000837c       0x14 C:/ProgramData/MATLAB/SupportPackages/R2020a/3P.instrset/cmsis.instrset/CMSIS/RTOS/RTX/LIB/GCC/libRTX_CM4.a(rt_list.o)
                0x0000837c                rt_put_rdy_first
 .text.rt_resort_prio
                0x00008390       0x94 C:/ProgramData/MATLAB/SupportPackages/R2020a/3P.instrset/cmsis.instrset/CMSIS/RTOS/RTX/LIB/GCC/libRTX_CM4.a(rt_list.o)
                0x00008390                rt_resort_prio
 .text.rt_put_dly
                0x00008424       0x60 C:/ProgramData/MATLAB/SupportPackages/R2020a/3P.instrset/cmsis.instrset/CMSIS/RTOS/RTX/LIB/GCC/libRTX_CM4.a(rt_list.o)
                0x00008424                rt_put_dly
 .text.rt_dec_dly
                0x00008484       0xd8 C:/ProgramData/MATLAB/SupportPackages/R2020a/3P.instrset/cmsis.instrset/CMSIS/RTOS/RTX/LIB/GCC/libRTX_CM4.a(rt_list.o)
                0x00008484                rt_dec_dly
 .text.rt_rmv_list
                0x0000855c       0x2c C:/ProgramData/MATLAB/SupportPackages/R2020a/3P.instrset/cmsis.instrset/CMSIS/RTOS/RTX/LIB/GCC/libRTX_CM4.a(rt_list.o)
                0x0000855c                rt_rmv_list
 .text.rt_rmv_dly
                0x00008588       0x2c C:/ProgramData/MATLAB/SupportPackages/R2020a/3P.instrset/cmsis.instrset/CMSIS/RTOS/RTX/LIB/GCC/libRTX_CM4.a(rt_list.o)
                0x00008588                rt_rmv_dly
 .text.rt_psq_enq
                0x000085b4       0x44 C:/ProgramData/MATLAB/SupportPackages/R2020a/3P.instrset/cmsis.instrset/CMSIS/RTOS/RTX/LIB/GCC/libRTX_CM4.a(rt_list.o)
                0x000085b4                rt_psq_enq
 .text.rt_evt_wait
                0x000085f8       0x4c C:/ProgramData/MATLAB/SupportPackages/R2020a/3P.instrset/cmsis.instrset/CMSIS/RTOS/RTX/LIB/GCC/libRTX_CM4.a(rt_event.o)
                0x000085f8                rt_evt_wait
 .text.rt_evt_set
                0x00008644       0x58 C:/ProgramData/MATLAB/SupportPackages/R2020a/3P.instrset/cmsis.instrset/CMSIS/RTOS/RTX/LIB/GCC/libRTX_CM4.a(rt_event.o)
                0x00008644                rt_evt_set
 .text.rt_evt_clr
                0x0000869c       0x18 C:/ProgramData/MATLAB/SupportPackages/R2020a/3P.instrset/cmsis.instrset/CMSIS/RTOS/RTX/LIB/GCC/libRTX_CM4.a(rt_event.o)
                0x0000869c                rt_evt_clr
 .text.isr_evt_set
                0x000086b4       0x24 C:/ProgramData/MATLAB/SupportPackages/R2020a/3P.instrset/cmsis.instrset/CMSIS/RTOS/RTX/LIB/GCC/libRTX_CM4.a(rt_event.o)
                0x000086b4                isr_evt_set
 .text.rt_evt_psh
                0x000086d8       0x50 C:/ProgramData/MATLAB/SupportPackages/R2020a/3P.instrset/cmsis.instrset/CMSIS/RTOS/RTX/LIB/GCC/libRTX_CM4.a(rt_event.o)
                0x000086d8                rt_evt_psh
 .text.rt_psh_req
                0x00008728       0x20 C:/ProgramData/MATLAB/SupportPackages/R2020a/3P.instrset/cmsis.instrset/CMSIS/RTOS/RTX/LIB/GCC/libRTX_CM4.a(rt_system.o)
                0x00008728                rt_psh_req
 .text.rt_pop_req
                0x00008748       0x78 C:/ProgramData/MATLAB/SupportPackages/R2020a/3P.instrset/cmsis.instrset/CMSIS/RTOS/RTX/LIB/GCC/libRTX_CM4.a(rt_system.o)
                0x00008748                rt_pop_req
 .text.os_tick_init
                0x000087c0       0x40 C:/ProgramData/MATLAB/SupportPackages/R2020a/3P.instrset/cmsis.instrset/CMSIS/RTOS/RTX/LIB/GCC/libRTX_CM4.a(rt_system.o)
                0x000087c0                os_tick_init
 .text.os_tick_irqack
                0x00008800        0x4 C:/ProgramData/MATLAB/SupportPackages/R2020a/3P.instrset/cmsis.instrset/CMSIS/RTOS/RTX/LIB/GCC/libRTX_CM4.a(rt_system.o)
                0x00008800                os_tick_irqack
 .text.rt_systick
                0x00008804       0x3c C:/ProgramData/MATLAB/SupportPackages/R2020a/3P.instrset/cmsis.instrset/CMSIS/RTOS/RTX/LIB/GCC/libRTX_CM4.a(rt_system.o)
                0x00008804                rt_systick
 .text.rt_stk_check
                0x00008840       0x24 C:/ProgramData/MATLAB/SupportPackages/R2020a/3P.instrset/cmsis.instrset/CMSIS/RTOS/RTX/LIB/GCC/libRTX_CM4.a(rt_system.o)
                0x00008840                rt_stk_check
 .text.rt_switch_req
                0x00008864       0x24 C:/ProgramData/MATLAB/SupportPackages/R2020a/3P.instrset/cmsis.instrset/CMSIS/RTOS/RTX/LIB/GCC/libRTX_CM4.a(rt_task.o)
                0x00008864                rt_switch_req
 .text.rt_dispatch
                0x00008888       0x7c C:/ProgramData/MATLAB/SupportPackages/R2020a/3P.instrset/cmsis.instrset/CMSIS/RTOS/RTX/LIB/GCC/libRTX_CM4.a(rt_task.o)
                0x00008888                rt_dispatch
 .text.rt_block
                0x00008904       0x50 C:/ProgramData/MATLAB/SupportPackages/R2020a/3P.instrset/cmsis.instrset/CMSIS/RTOS/RTX/LIB/GCC/libRTX_CM4.a(rt_task.o)
                0x00008904                rt_block
 .text.rt_tsk_self
                0x00008954       0x10 C:/ProgramData/MATLAB/SupportPackages/R2020a/3P.instrset/cmsis.instrset/CMSIS/RTOS/RTX/LIB/GCC/libRTX_CM4.a(rt_task.o)
                0x00008954                rt_tsk_self
 .text.rt_tsk_prio
                0x00008964       0xf8 C:/ProgramData/MATLAB/SupportPackages/R2020a/3P.instrset/cmsis.instrset/CMSIS/RTOS/RTX/LIB/GCC/libRTX_CM4.a(rt_task.o)
                0x00008964                rt_tsk_prio
 .text.rt_tsk_create
                0x00008a5c      0x110 C:/ProgramData/MATLAB/SupportPackages/R2020a/3P.instrset/cmsis.instrset/CMSIS/RTOS/RTX/LIB/GCC/libRTX_CM4.a(rt_task.o)
                0x00008a5c                rt_tsk_create
 .text.rt_tsk_delete
                0x00008b6c      0x1c4 C:/ProgramData/MATLAB/SupportPackages/R2020a/3P.instrset/cmsis.instrset/CMSIS/RTOS/RTX/LIB/GCC/libRTX_CM4.a(rt_task.o)
                0x00008b6c                rt_tsk_delete
 .text.rt_sys_init
                0x00008d30       0xec C:/ProgramData/MATLAB/SupportPackages/R2020a/3P.instrset/cmsis.instrset/CMSIS/RTOS/RTX/LIB/GCC/libRTX_CM4.a(rt_task.o)
                0x00008d30                rt_sys_init
 .text.rt_sys_start
                0x00008e1c       0x8c C:/ProgramData/MATLAB/SupportPackages/R2020a/3P.instrset/cmsis.instrset/CMSIS/RTOS/RTX/LIB/GCC/libRTX_CM4.a(rt_task.o)
                0x00008e1c                rt_sys_start
 .text.OSA_TimeInit
                0x00008ea8       0x44 C:/ProgramData/MATLAB/SupportPackages/R2020a/toolbox/target/supportpackages/freedomk64f/src/ksdk_armgcc_lib/bm/libksdk_platform.a(fsl_os_abstraction_bm.o)
                0x00008ea8                OSA_TimeInit
 .text.OSA_TimeDiff
                0x00008eec        0xe C:/ProgramData/MATLAB/SupportPackages/R2020a/toolbox/target/supportpackages/freedomk64f/src/ksdk_armgcc_lib/bm/libksdk_platform.a(fsl_os_abstraction_bm.o)
                0x00008eec                OSA_TimeDiff
 *fill*         0x00008efa        0x2 
 .text.OSA_SemaCreate
                0x00008efc       0x2c C:/ProgramData/MATLAB/SupportPackages/R2020a/toolbox/target/supportpackages/freedomk64f/src/ksdk_armgcc_lib/bm/libksdk_platform.a(fsl_os_abstraction_bm.o)
                0x00008efc                OSA_SemaCreate
 .text.OSA_SemaPost
                0x00008f28       0x3c C:/ProgramData/MATLAB/SupportPackages/R2020a/toolbox/target/supportpackages/freedomk64f/src/ksdk_armgcc_lib/bm/libksdk_platform.a(fsl_os_abstraction_bm.o)
                0x00008f28                OSA_SemaPost
 .text.task_init
                0x00008f64       0x38 C:/ProgramData/MATLAB/SupportPackages/R2020a/toolbox/target/supportpackages/freedomk64f/src/ksdk_armgcc_lib/bm/libksdk_platform.a(fsl_os_abstraction_bm.o)
                0x00008f64                task_init
 .text.OSA_TimeGetMsec
                0x00008f9c        0xc C:/ProgramData/MATLAB/SupportPackages/R2020a/toolbox/target/supportpackages/freedomk64f/src/ksdk_armgcc_lib/bm/libksdk_platform.a(fsl_os_abstraction_bm.o)
                0x00008f9c                OSA_TimeGetMsec
 .text.OSA_TimeDelay
                0x00008fa8       0x1c C:/ProgramData/MATLAB/SupportPackages/R2020a/toolbox/target/supportpackages/freedomk64f/src/ksdk_armgcc_lib/bm/libksdk_platform.a(fsl_os_abstraction_bm.o)
                0x00008fa8                OSA_TimeDelay
 .text.OSA_Init
                0x00008fc4        0xe C:/ProgramData/MATLAB/SupportPackages/R2020a/toolbox/target/supportpackages/freedomk64f/src/ksdk_armgcc_lib/bm/libksdk_platform.a(fsl_os_abstraction_bm.o)
                0x00008fc4                OSA_Init
 *fill*         0x00008fd2        0x2 
 .text.CLOCK_SYS_SetMcgPeeToFbe
                0x00008fd4       0x34 C:/ProgramData/MATLAB/SupportPackages/R2020a/toolbox/target/supportpackages/freedomk64f/src/ksdk_armgcc_lib/bm/libksdk_platform.a(fsl_clock_manager.o)
 .text.CLOCK_SYS_SetMcgMode
                0x00009008      0x124 C:/ProgramData/MATLAB/SupportPackages/R2020a/toolbox/target/supportpackages/freedomk64f/src/ksdk_armgcc_lib/bm/libksdk_platform.a(fsl_clock_manager.o)
                0x00009008                CLOCK_SYS_SetMcgMode
 .text.CLOCK_SYS_SetOscerConfigration
                0x0000912c       0x1c C:/ProgramData/MATLAB/SupportPackages/R2020a/toolbox/target/supportpackages/freedomk64f/src/ksdk_armgcc_lib/bm/libksdk_platform.a(fsl_clock_manager.o)
                0x0000912c                CLOCK_SYS_SetOscerConfigration
 .text.CLOCK_SYS_OscInit
                0x00009148       0x9c C:/ProgramData/MATLAB/SupportPackages/R2020a/toolbox/target/supportpackages/freedomk64f/src/ksdk_armgcc_lib/bm/libksdk_platform.a(fsl_clock_manager.o)
                0x00009148                CLOCK_SYS_OscInit
 .text.CLOCK_SYS_RtcOscInit
                0x000091e4       0x68 C:/ProgramData/MATLAB/SupportPackages/R2020a/toolbox/target/supportpackages/freedomk64f/src/ksdk_armgcc_lib/bm/libksdk_platform.a(fsl_clock_manager.o)
                0x000091e4                CLOCK_SYS_RtcOscInit
 .text.SIM_HAL_EnableClock.constprop.10
                0x0000924c       0x1c C:/ProgramData/MATLAB/SupportPackages/R2020a/toolbox/target/supportpackages/freedomk64f/src/ksdk_armgcc_lib/bm/libksdk_platform.a(fsl_clock_MK64F12.o)
 .text.CLOCK_SYS_GetCoreClockFreq
                0x00009268       0x24 C:/ProgramData/MATLAB/SupportPackages/R2020a/toolbox/target/supportpackages/freedomk64f/src/ksdk_armgcc_lib/bm/libksdk_platform.a(fsl_clock_MK64F12.o)
                0x00009268                CLOCK_SYS_GetCoreClockFreq
 .text.CLOCK_SYS_SetConfiguration
                0x0000928c       0x94 C:/ProgramData/MATLAB/SupportPackages/R2020a/toolbox/target/supportpackages/freedomk64f/src/ksdk_armgcc_lib/bm/libksdk_platform.a(fsl_clock_MK64F12.o)
                0x0000928c                CLOCK_SYS_SetConfiguration
 .text.CLOCK_SYS_FllStableDelay
                0x00009320       0x1a C:/ProgramData/MATLAB/SupportPackages/R2020a/toolbox/target/supportpackages/freedomk64f/src/ksdk_armgcc_lib/bm/libksdk_platform.a(fsl_clock_MK64F12.o)
 *fill*         0x0000933a        0x2 
 .text.CLOCK_SYS_GetBusClockFreq
                0x0000933c       0x24 C:/ProgramData/MATLAB/SupportPackages/R2020a/toolbox/target/supportpackages/freedomk64f/src/ksdk_armgcc_lib/bm/libksdk_platform.a(fsl_clock_MK64F12.o)
                0x0000933c                CLOCK_SYS_GetBusClockFreq
 .text.CLOCK_SYS_GetUartFreq
                0x00009360       0x1a C:/ProgramData/MATLAB/SupportPackages/R2020a/toolbox/target/supportpackages/freedomk64f/src/ksdk_armgcc_lib/bm/libksdk_platform.a(fsl_clock_MK64F12.o)
                0x00009360                CLOCK_SYS_GetUartFreq
 *fill*         0x0000937a        0x2 
 .text.CLOCK_SYS_GetFtmExternalFreq
                0x0000937c       0x20 C:/ProgramData/MATLAB/SupportPackages/R2020a/toolbox/target/supportpackages/freedomk64f/src/ksdk_armgcc_lib/bm/libksdk_platform.a(fsl_clock_MK64F12.o)
                0x0000937c                CLOCK_SYS_GetFtmExternalFreq
 .text.CLOCK_SYS_EnablePortClock
                0x0000939c       0x30 C:/ProgramData/MATLAB/SupportPackages/R2020a/toolbox/target/supportpackages/freedomk64f/src/ksdk_armgcc_lib/bm/libksdk_platform.a(fsl_clock_MK64F12.o)
                0x0000939c                CLOCK_SYS_EnablePortClock
 .text.CLOCK_SYS_EnableFtmClock
                0x000093cc       0x30 C:/ProgramData/MATLAB/SupportPackages/R2020a/toolbox/target/supportpackages/freedomk64f/src/ksdk_armgcc_lib/bm/libksdk_platform.a(fsl_clock_MK64F12.o)
                0x000093cc                CLOCK_SYS_EnableFtmClock
 .text.CLOCK_SYS_EnableI2cClock
                0x000093fc       0x30 C:/ProgramData/MATLAB/SupportPackages/R2020a/toolbox/target/supportpackages/freedomk64f/src/ksdk_armgcc_lib/bm/libksdk_platform.a(fsl_clock_MK64F12.o)
                0x000093fc                CLOCK_SYS_EnableI2cClock
 .text.CLOCK_SYS_EnableUartClock
                0x0000942c       0x30 C:/ProgramData/MATLAB/SupportPackages/R2020a/toolbox/target/supportpackages/freedomk64f/src/ksdk_armgcc_lib/bm/libksdk_platform.a(fsl_clock_MK64F12.o)
                0x0000942c                CLOCK_SYS_EnableUartClock
 .text.INT_SYS_EnableIRQGlobal
                0x0000945c       0x14 C:/ProgramData/MATLAB/SupportPackages/R2020a/toolbox/target/supportpackages/freedomk64f/src/ksdk_armgcc_lib/bm/libksdk_platform.a(fsl_interrupt_manager.o)
                0x0000945c                INT_SYS_EnableIRQGlobal
 .text.INT_SYS_DisableIRQGlobal
                0x00009470       0x10 C:/ProgramData/MATLAB/SupportPackages/R2020a/toolbox/target/supportpackages/freedomk64f/src/ksdk_armgcc_lib/bm/libksdk_platform.a(fsl_interrupt_manager.o)
                0x00009470                INT_SYS_DisableIRQGlobal
 .text.EDMA_HAL_SetErrorIntCmd
                0x00009480        0xa C:/ProgramData/MATLAB/SupportPackages/R2020a/toolbox/target/supportpackages/freedomk64f/src/ksdk_armgcc_lib/bm/libksdk_platform.a(fsl_edma_hal.o)
                0x00009480                EDMA_HAL_SetErrorIntCmd
 .text.EDMA_HAL_SetDmaRequestCmd
                0x0000948a        0xa C:/ProgramData/MATLAB/SupportPackages/R2020a/toolbox/target/supportpackages/freedomk64f/src/ksdk_armgcc_lib/bm/libksdk_platform.a(fsl_edma_hal.o)
                0x0000948a                EDMA_HAL_SetDmaRequestCmd
 .text.EDMA_HAL_HTCDClearReg
                0x00009494       0x4a C:/ProgramData/MATLAB/SupportPackages/R2020a/toolbox/target/supportpackages/freedomk64f/src/ksdk_armgcc_lib/bm/libksdk_platform.a(fsl_edma_hal.o)
                0x00009494                EDMA_HAL_HTCDClearReg
 .text.EDMA_HAL_Init
                0x000094de       0x28 C:/ProgramData/MATLAB/SupportPackages/R2020a/toolbox/target/supportpackages/freedomk64f/src/ksdk_armgcc_lib/bm/libksdk_platform.a(fsl_edma_hal.o)
                0x000094de                EDMA_HAL_Init
 *fill*         0x00009506        0x2 
 .text.EDMA_HAL_HTCDSetAttribute
                0x00009508       0x48 C:/ProgramData/MATLAB/SupportPackages/R2020a/toolbox/target/supportpackages/freedomk64f/src/ksdk_armgcc_lib/bm/libksdk_platform.a(fsl_edma_hal.o)
                0x00009508                EDMA_HAL_HTCDSetAttribute
 .text.EDMA_HAL_HTCDSetNbytes
                0x00009550       0x70 C:/ProgramData/MATLAB/SupportPackages/R2020a/toolbox/target/supportpackages/freedomk64f/src/ksdk_armgcc_lib/bm/libksdk_platform.a(fsl_edma_hal.o)
                0x00009550                EDMA_HAL_HTCDSetNbytes
 .text.EDMA_HAL_HTCDGetNbytes
                0x000095c0       0x60 C:/ProgramData/MATLAB/SupportPackages/R2020a/toolbox/target/supportpackages/freedomk64f/src/ksdk_armgcc_lib/bm/libksdk_platform.a(fsl_edma_hal.o)
                0x000095c0                EDMA_HAL_HTCDGetNbytes
 .text.EDMA_HAL_HTCDSetChannelMinorLink
                0x00009620       0x74 C:/ProgramData/MATLAB/SupportPackages/R2020a/toolbox/target/supportpackages/freedomk64f/src/ksdk_armgcc_lib/bm/libksdk_platform.a(fsl_edma_hal.o)
                0x00009620                EDMA_HAL_HTCDSetChannelMinorLink
 .text.EDMA_HAL_HTCDSetMajorCount
                0x00009694       0x68 C:/ProgramData/MATLAB/SupportPackages/R2020a/toolbox/target/supportpackages/freedomk64f/src/ksdk_armgcc_lib/bm/libksdk_platform.a(fsl_edma_hal.o)
                0x00009694                EDMA_HAL_HTCDSetMajorCount
 .text.EDMA_HAL_HTCDGetUnfinishedBytes
                0x000096fc       0x54 C:/ProgramData/MATLAB/SupportPackages/R2020a/toolbox/target/supportpackages/freedomk64f/src/ksdk_armgcc_lib/bm/libksdk_platform.a(fsl_edma_hal.o)
                0x000096fc                EDMA_HAL_HTCDGetUnfinishedBytes
 .text.INT_SYS_EnableIRQ
                0x00009750       0x48 C:/ProgramData/MATLAB/SupportPackages/R2020a/toolbox/target/supportpackages/freedomk64f/src/ksdk_armgcc_lib/bm/libksdk_platform.a(fsl_edma_driver.o)
 .text.EDMA_DRV_ClaimChannel
                0x00009798       0x6c C:/ProgramData/MATLAB/SupportPackages/R2020a/toolbox/target/supportpackages/freedomk64f/src/ksdk_armgcc_lib/bm/libksdk_platform.a(fsl_edma_driver.o)
 .text.EDMA_DRV_Init
                0x00009804       0x7c C:/ProgramData/MATLAB/SupportPackages/R2020a/toolbox/target/supportpackages/freedomk64f/src/ksdk_armgcc_lib/bm/libksdk_platform.a(fsl_edma_driver.o)
                0x00009804                EDMA_DRV_Init
 .text.EDMA_DRV_InstallCallback
                0x00009880        0x8 C:/ProgramData/MATLAB/SupportPackages/R2020a/toolbox/target/supportpackages/freedomk64f/src/ksdk_armgcc_lib/bm/libksdk_platform.a(fsl_edma_driver.o)
                0x00009880                EDMA_DRV_InstallCallback
 .text.EDMA_DRV_RequestChannel
                0x00009888       0x70 C:/ProgramData/MATLAB/SupportPackages/R2020a/toolbox/target/supportpackages/freedomk64f/src/ksdk_armgcc_lib/bm/libksdk_platform.a(fsl_edma_driver.o)
                0x00009888                EDMA_DRV_RequestChannel
 .text.EDMA_DRV_IRQHandler
                0x000098f8       0x30 C:/ProgramData/MATLAB/SupportPackages/R2020a/toolbox/target/supportpackages/freedomk64f/src/ksdk_armgcc_lib/bm/libksdk_platform.a(fsl_edma_driver.o)
                0x000098f8                EDMA_DRV_IRQHandler
 .text.EDMA_DRV_ErrorIRQHandler
                0x00009928       0x88 C:/ProgramData/MATLAB/SupportPackages/R2020a/toolbox/target/supportpackages/freedomk64f/src/ksdk_armgcc_lib/bm/libksdk_platform.a(fsl_edma_driver.o)
                0x00009928                EDMA_DRV_ErrorIRQHandler
 .text.FTM_HAL_SetClockSource
                0x000099b0       0x12 C:/ProgramData/MATLAB/SupportPackages/R2020a/toolbox/target/supportpackages/freedomk64f/src/ksdk_armgcc_lib/bm/libksdk_platform.a(fsl_ftm_driver.o)
 *fill*         0x000099c2        0x2 
 .text.unlikely.FTM_HAL_SetChnCountVal.part.2
                0x000099c4       0x1c C:/ProgramData/MATLAB/SupportPackages/R2020a/toolbox/target/supportpackages/freedomk64f/src/ksdk_armgcc_lib/bm/libksdk_platform.a(fsl_ftm_driver.o)
 .text.FTM_DRV_Init
                0x000099e0      0x108 C:/ProgramData/MATLAB/SupportPackages/R2020a/toolbox/target/supportpackages/freedomk64f/src/ksdk_armgcc_lib/bm/libksdk_platform.a(fsl_ftm_driver.o)
                0x000099e0                FTM_DRV_Init
 .text.FTM_DRV_SetClock
                0x00009ae8       0x54 C:/ProgramData/MATLAB/SupportPackages/R2020a/toolbox/target/supportpackages/freedomk64f/src/ksdk_armgcc_lib/bm/libksdk_platform.a(fsl_ftm_driver.o)
                0x00009ae8                FTM_DRV_SetClock
 .text.FTM_DRV_GetClock
                0x00009b3c       0x68 C:/ProgramData/MATLAB/SupportPackages/R2020a/toolbox/target/supportpackages/freedomk64f/src/ksdk_armgcc_lib/bm/libksdk_platform.a(fsl_ftm_driver.o)
                0x00009b3c                FTM_DRV_GetClock
 .text.FTM_DRV_PwmStart
                0x00009ba4      0x1c8 C:/ProgramData/MATLAB/SupportPackages/R2020a/toolbox/target/supportpackages/freedomk64f/src/ksdk_armgcc_lib/bm/libksdk_platform.a(fsl_ftm_driver.o)
                0x00009ba4                FTM_DRV_PwmStart
 .text.unlikely.PORT_HAL_SetMuxMode.part.0
                0x00009d6c       0x1c C:/ProgramData/MATLAB/SupportPackages/R2020a/toolbox/target/supportpackages/freedomk64f/src/ksdk_armgcc_lib/bm/libksdk_platform.a(fsl_gpio_driver.o)
 .text.GPIO_DRV_InputPinInit
                0x00009d88       0xe0 C:/ProgramData/MATLAB/SupportPackages/R2020a/toolbox/target/supportpackages/freedomk64f/src/ksdk_armgcc_lib/bm/libksdk_platform.a(fsl_gpio_driver.o)
                0x00009d88                GPIO_DRV_InputPinInit
 .text.GPIO_DRV_OutputPinInit
                0x00009e68       0x70 C:/ProgramData/MATLAB/SupportPackages/R2020a/toolbox/target/supportpackages/freedomk64f/src/ksdk_armgcc_lib/bm/libksdk_platform.a(fsl_gpio_driver.o)
                0x00009e68                GPIO_DRV_OutputPinInit
 .text.GPIO_DRV_WritePinOutput
                0x00009ed8       0x1c C:/ProgramData/MATLAB/SupportPackages/R2020a/toolbox/target/supportpackages/freedomk64f/src/ksdk_armgcc_lib/bm/libksdk_platform.a(fsl_gpio_driver.o)
                0x00009ed8                GPIO_DRV_WritePinOutput
 .text.GPIO_DRV_ReadPinInput
                0x00009ef4       0x3c C:/ProgramData/MATLAB/SupportPackages/R2020a/toolbox/target/supportpackages/freedomk64f/src/ksdk_armgcc_lib/bm/libksdk_platform.a(fsl_gpio_driver.o)
                0x00009ef4                GPIO_DRV_ReadPinInput
 .text.I2C_HAL_Init
                0x00009f30       0x1c C:/ProgramData/MATLAB/SupportPackages/R2020a/toolbox/target/supportpackages/freedomk64f/src/ksdk_armgcc_lib/bm/libksdk_platform.a(fsl_i2c_hal.o)
                0x00009f30                I2C_HAL_Init
 .text.I2C_HAL_SetBaudRate
                0x00009f4c       0x70 C:/ProgramData/MATLAB/SupportPackages/R2020a/toolbox/target/supportpackages/freedomk64f/src/ksdk_armgcc_lib/bm/libksdk_platform.a(fsl_i2c_hal.o)
                0x00009f4c                I2C_HAL_SetBaudRate
 .text.I2C_HAL_SendStart
                0x00009fbc       0x1c C:/ProgramData/MATLAB/SupportPackages/R2020a/toolbox/target/supportpackages/freedomk64f/src/ksdk_armgcc_lib/bm/libksdk_platform.a(fsl_i2c_hal.o)
                0x00009fbc                I2C_HAL_SendStart
 .text.I2C_HAL_SendStop
                0x00009fd8       0x4c C:/ProgramData/MATLAB/SupportPackages/R2020a/toolbox/target/supportpackages/freedomk64f/src/ksdk_armgcc_lib/bm/libksdk_platform.a(fsl_i2c_hal.o)
                0x00009fd8                I2C_HAL_SendStop
 .text.LPTMR_HAL_SetTimerWorkingMode
                0x0000a024       0x3c C:/ProgramData/MATLAB/SupportPackages/R2020a/toolbox/target/supportpackages/freedomk64f/src/ksdk_armgcc_lib/bm/libksdk_platform.a(fsl_lptmr_hal.o)
                0x0000a024                LPTMR_HAL_SetTimerWorkingMode
 .text.LPTMR_HAL_SetPrescalerMode
                0x0000a060       0x1a C:/ProgramData/MATLAB/SupportPackages/R2020a/toolbox/target/supportpackages/freedomk64f/src/ksdk_armgcc_lib/bm/libksdk_platform.a(fsl_lptmr_hal.o)
                0x0000a060                LPTMR_HAL_SetPrescalerMode
 .text.LPTMR_HAL_GetCounterValue
                0x0000a07a        0xe C:/ProgramData/MATLAB/SupportPackages/R2020a/toolbox/target/supportpackages/freedomk64f/src/ksdk_armgcc_lib/bm/libksdk_platform.a(fsl_lptmr_hal.o)
                0x0000a07a                LPTMR_HAL_GetCounterValue
 .text.CLOCK_HAL_TestOscFreq
                0x0000a088       0x28 C:/ProgramData/MATLAB/SupportPackages/R2020a/toolbox/target/supportpackages/freedomk64f/src/ksdk_armgcc_lib/bm/libksdk_platform.a(fsl_mcg_hal.o)
                0x0000a088                CLOCK_HAL_TestOscFreq
 .text.CLOCK_HAL_GetMcgExternalClkFreq
                0x0000a0b0        0xa C:/ProgramData/MATLAB/SupportPackages/R2020a/toolbox/target/supportpackages/freedomk64f/src/ksdk_armgcc_lib/bm/libksdk_platform.a(fsl_mcg_hal.o)
 .text.CLOCK_HAL_TestFllExternalRefFreq
                0x0000a0ba       0x32 C:/ProgramData/MATLAB/SupportPackages/R2020a/toolbox/target/supportpackages/freedomk64f/src/ksdk_armgcc_lib/bm/libksdk_platform.a(fsl_mcg_hal.o)
                0x0000a0ba                CLOCK_HAL_TestFllExternalRefFreq
 .text.CLOCK_HAL_GetFllRefClk
                0x0000a0ec       0x3c C:/ProgramData/MATLAB/SupportPackages/R2020a/toolbox/target/supportpackages/freedomk64f/src/ksdk_armgcc_lib/bm/libksdk_platform.a(fsl_mcg_hal.o)
                0x0000a0ec                CLOCK_HAL_GetFllRefClk
 .text.CLOCK_HAL_TestFllFreq
                0x0000a128       0x34 C:/ProgramData/MATLAB/SupportPackages/R2020a/toolbox/target/supportpackages/freedomk64f/src/ksdk_armgcc_lib/bm/libksdk_platform.a(fsl_mcg_hal.o)
                0x0000a128                CLOCK_HAL_TestFllFreq
 .text.CLOCK_HAL_GetFllClk
                0x0000a15c       0x36 C:/ProgramData/MATLAB/SupportPackages/R2020a/toolbox/target/supportpackages/freedomk64f/src/ksdk_armgcc_lib/bm/libksdk_platform.a(fsl_mcg_hal.o)
                0x0000a15c                CLOCK_HAL_GetFllClk
 .text.CLOCK_HAL_UpdateFastClkInternalRefDiv
                0x0000a192       0x52 C:/ProgramData/MATLAB/SupportPackages/R2020a/toolbox/target/supportpackages/freedomk64f/src/ksdk_armgcc_lib/bm/libksdk_platform.a(fsl_mcg_hal.o)
                0x0000a192                CLOCK_HAL_UpdateFastClkInternalRefDiv
 .text.CLOCK_HAL_GetPll0Clk
                0x0000a1e4       0x3e C:/ProgramData/MATLAB/SupportPackages/R2020a/toolbox/target/supportpackages/freedomk64f/src/ksdk_armgcc_lib/bm/libksdk_platform.a(fsl_mcg_hal.o)
                0x0000a1e4                CLOCK_HAL_GetPll0Clk
 .text.CLOCK_HAL_EnablePll0InFllMode
                0x0000a222       0x38 C:/ProgramData/MATLAB/SupportPackages/R2020a/toolbox/target/supportpackages/freedomk64f/src/ksdk_armgcc_lib/bm/libksdk_platform.a(fsl_mcg_hal.o)
                0x0000a222                CLOCK_HAL_EnablePll0InFllMode
 *fill*         0x0000a25a        0x2 
 .text.CLOCK_HAL_GetInternalRefClk
                0x0000a25c       0x3c C:/ProgramData/MATLAB/SupportPackages/R2020a/toolbox/target/supportpackages/freedomk64f/src/ksdk_armgcc_lib/bm/libksdk_platform.a(fsl_mcg_hal.o)
                0x0000a25c                CLOCK_HAL_GetInternalRefClk
 .text.CLOCK_HAL_GetOutClk
                0x0000a298       0x22 C:/ProgramData/MATLAB/SupportPackages/R2020a/toolbox/target/supportpackages/freedomk64f/src/ksdk_armgcc_lib/bm/libksdk_platform.a(fsl_mcg_hal.o)
                0x0000a298                CLOCK_HAL_GetOutClk
 .text.CLOCK_HAL_GetFixedFreqClk
                0x0000a2ba       0x20 C:/ProgramData/MATLAB/SupportPackages/R2020a/toolbox/target/supportpackages/freedomk64f/src/ksdk_armgcc_lib/bm/libksdk_platform.a(fsl_mcg_hal.o)
                0x0000a2ba                CLOCK_HAL_GetFixedFreqClk
 .text.CLOCK_HAL_SetOsc0Mode
                0x0000a2da       0x24 C:/ProgramData/MATLAB/SupportPackages/R2020a/toolbox/target/supportpackages/freedomk64f/src/ksdk_armgcc_lib/bm/libksdk_platform.a(fsl_mcg_hal.o)
                0x0000a2da                CLOCK_HAL_SetOsc0Mode
 .text.CLOCK_HAL_PrepareOsc
                0x0000a2fe       0x2c C:/ProgramData/MATLAB/SupportPackages/R2020a/toolbox/target/supportpackages/freedomk64f/src/ksdk_armgcc_lib/bm/libksdk_platform.a(fsl_mcg_hal_modes.o)
 .text.CLOCK_HAL_GetMcgMode
                0x0000a32a       0x72 C:/ProgramData/MATLAB/SupportPackages/R2020a/toolbox/target/supportpackages/freedomk64f/src/ksdk_armgcc_lib/bm/libksdk_platform.a(fsl_mcg_hal_modes.o)
                0x0000a32a                CLOCK_HAL_GetMcgMode
 .text.CLOCK_HAL_SetFbiMode
                0x0000a39c       0xb8 C:/ProgramData/MATLAB/SupportPackages/R2020a/toolbox/target/supportpackages/freedomk64f/src/ksdk_armgcc_lib/bm/libksdk_platform.a(fsl_mcg_hal_modes.o)
                0x0000a39c                CLOCK_HAL_SetFbiMode
 .text.CLOCK_HAL_SetFbeMode
                0x0000a454       0xea C:/ProgramData/MATLAB/SupportPackages/R2020a/toolbox/target/supportpackages/freedomk64f/src/ksdk_armgcc_lib/bm/libksdk_platform.a(fsl_mcg_hal_modes.o)
                0x0000a454                CLOCK_HAL_SetFbeMode
 *fill*         0x0000a53e        0x2 
 .text.CLOCK_HAL_SetPbeMode
                0x0000a540       0xd0 C:/ProgramData/MATLAB/SupportPackages/R2020a/toolbox/target/supportpackages/freedomk64f/src/ksdk_armgcc_lib/bm/libksdk_platform.a(fsl_mcg_hal_modes.o)
                0x0000a540                CLOCK_HAL_SetPbeMode
 .text.OSC_HAL_SetCapacitor
                0x0000a610        0xe C:/ProgramData/MATLAB/SupportPackages/R2020a/toolbox/target/supportpackages/freedomk64f/src/ksdk_armgcc_lib/bm/libksdk_platform.a(fsl_osc_hal.o)
                0x0000a610                OSC_HAL_SetCapacitor
 .text.CLOCK_HAL_SetOutDiv
                0x0000a61e       0x28 C:/ProgramData/MATLAB/SupportPackages/R2020a/toolbox/target/supportpackages/freedomk64f/src/ksdk_armgcc_lib/bm/libksdk_platform.a(fsl_sim_hal_MK64F12.o)
                0x0000a61e                CLOCK_HAL_SetOutDiv
 *fill*         0x0000a646        0x2 
 .text.SIM_HAL_GetFtmExternalClkPinMode
                0x0000a648       0x50 C:/ProgramData/MATLAB/SupportPackages/R2020a/toolbox/target/supportpackages/freedomk64f/src/ksdk_armgcc_lib/bm/libksdk_platform.a(fsl_sim_hal_MK64F12.o)
                0x0000a648                SIM_HAL_GetFtmExternalClkPinMode
 .text.UART_DRV_CompleteSendData
                0x0000a698       0x54 C:/ProgramData/MATLAB/SupportPackages/R2020a/toolbox/target/supportpackages/freedomk64f/src/ksdk_armgcc_lib/bm/libksdk_platform.a(fsl_uart_driver.o)
 .text.UART_DRV_CompleteReceiveData
                0x0000a6ec       0x5c C:/ProgramData/MATLAB/SupportPackages/R2020a/toolbox/target/supportpackages/freedomk64f/src/ksdk_armgcc_lib/bm/libksdk_platform.a(fsl_uart_driver.o)
 .text.UART_DRV_IRQHandler
                0x0000a748       0xdc C:/ProgramData/MATLAB/SupportPackages/R2020a/toolbox/target/supportpackages/freedomk64f/src/ksdk_armgcc_lib/bm/libksdk_platform.a(fsl_uart_driver.o)
                0x0000a748                UART_DRV_IRQHandler
 .text.EDMA_HAL_HTCDSetIntCmd
                0x0000a824       0x14 C:/ProgramData/MATLAB/SupportPackages/R2020a/toolbox/target/supportpackages/freedomk64f/src/ksdk_armgcc_lib/bm/libksdk_platform.a(fsl_uart_edma_driver.o)
 .text.UART_DRV_EdmaCompleteSendData
                0x0000a838       0x60 C:/ProgramData/MATLAB/SupportPackages/R2020a/toolbox/target/supportpackages/freedomk64f/src/ksdk_armgcc_lib/bm/libksdk_platform.a(fsl_uart_edma_driver.o)
 .text.UART_DRV_EdmaTxCallback
                0x0000a898        0x4 C:/ProgramData/MATLAB/SupportPackages/R2020a/toolbox/target/supportpackages/freedomk64f/src/ksdk_armgcc_lib/bm/libksdk_platform.a(fsl_uart_edma_driver.o)
 .text.UART_DRV_EdmaCompleteReceiveData
                0x0000a89c       0x64 C:/ProgramData/MATLAB/SupportPackages/R2020a/toolbox/target/supportpackages/freedomk64f/src/ksdk_armgcc_lib/bm/libksdk_platform.a(fsl_uart_edma_driver.o)
 .text.UART_DRV_EdmaRxCallback
                0x0000a900        0x4 C:/ProgramData/MATLAB/SupportPackages/R2020a/toolbox/target/supportpackages/freedomk64f/src/ksdk_armgcc_lib/bm/libksdk_platform.a(fsl_uart_edma_driver.o)
 .text.UART_DRV_EdmaStartSendData
                0x0000a904       0x70 C:/ProgramData/MATLAB/SupportPackages/R2020a/toolbox/target/supportpackages/freedomk64f/src/ksdk_armgcc_lib/bm/libksdk_platform.a(fsl_uart_edma_driver.o)
 .text.UART_DRV_EdmaInit
                0x0000a974      0x23c C:/ProgramData/MATLAB/SupportPackages/R2020a/toolbox/target/supportpackages/freedomk64f/src/ksdk_armgcc_lib/bm/libksdk_platform.a(fsl_uart_edma_driver.o)
                0x0000a974                UART_DRV_EdmaInit
 .text.UART_DRV_EdmaSendData
                0x0000abb0       0x48 C:/ProgramData/MATLAB/SupportPackages/R2020a/toolbox/target/supportpackages/freedomk64f/src/ksdk_armgcc_lib/bm/libksdk_platform.a(fsl_uart_edma_driver.o)
                0x0000abb0                UART_DRV_EdmaSendData
 .text.UART_DRV_EdmaGetTransmitStatus
                0x0000abf8       0x58 C:/ProgramData/MATLAB/SupportPackages/R2020a/toolbox/target/supportpackages/freedomk64f/src/ksdk_armgcc_lib/bm/libksdk_platform.a(fsl_uart_edma_driver.o)
                0x0000abf8                UART_DRV_EdmaGetTransmitStatus
 .text.DMAMUX_HAL_Init
                0x0000ac50       0x1e C:/ProgramData/MATLAB/SupportPackages/R2020a/toolbox/target/supportpackages/freedomk64f/src/ksdk_armgcc_lib/bm/libksdk_platform.a(fsl_dmamux_hal.o)
                0x0000ac50                DMAMUX_HAL_Init
 *fill*         0x0000ac6e        0x2 
 .text.unlikely.FTM_HAL_SetChnEdgeLevel.part.0
                0x0000ac70       0x1c C:/ProgramData/MATLAB/SupportPackages/R2020a/toolbox/target/supportpackages/freedomk64f/src/ksdk_armgcc_lib/bm/libksdk_platform.a(fsl_ftm_hal.o)
 .text.FTM_HAL_Init
                0x0000ac8c       0x38 C:/ProgramData/MATLAB/SupportPackages/R2020a/toolbox/target/supportpackages/freedomk64f/src/ksdk_armgcc_lib/bm/libksdk_platform.a(fsl_ftm_hal.o)
                0x0000ac8c                FTM_HAL_Init
 .text.FTM_HAL_SetSyncMode
                0x0000acc4       0x94 C:/ProgramData/MATLAB/SupportPackages/R2020a/toolbox/target/supportpackages/freedomk64f/src/ksdk_armgcc_lib/bm/libksdk_platform.a(fsl_ftm_hal.o)
                0x0000acc4                FTM_HAL_SetSyncMode
 .text.FTM_HAL_Reset
                0x0000ad58       0x3e C:/ProgramData/MATLAB/SupportPackages/R2020a/toolbox/target/supportpackages/freedomk64f/src/ksdk_armgcc_lib/bm/libksdk_platform.a(fsl_ftm_hal.o)
                0x0000ad58                FTM_HAL_Reset
 .text.FTM_HAL_GetChnPairIndex
                0x0000ad96       0x1e C:/ProgramData/MATLAB/SupportPackages/R2020a/toolbox/target/supportpackages/freedomk64f/src/ksdk_armgcc_lib/bm/libksdk_platform.a(fsl_ftm_hal.o)
                0x0000ad96                FTM_HAL_GetChnPairIndex
 .text.FTM_HAL_EnablePwmMode
                0x0000adb4       0xcc C:/ProgramData/MATLAB/SupportPackages/R2020a/toolbox/target/supportpackages/freedomk64f/src/ksdk_armgcc_lib/bm/libksdk_platform.a(fsl_ftm_hal.o)
                0x0000adb4                FTM_HAL_EnablePwmMode
 .text.GPIO_HAL_SetPinDir
                0x0000ae80       0x34 C:/ProgramData/MATLAB/SupportPackages/R2020a/toolbox/target/supportpackages/freedomk64f/src/ksdk_armgcc_lib/bm/libksdk_platform.a(fsl_gpio_hal.o)
                0x0000ae80                GPIO_HAL_SetPinDir
 .text.GPIO_HAL_WritePinOutput
                0x0000aeb4       0x30 C:/ProgramData/MATLAB/SupportPackages/R2020a/toolbox/target/supportpackages/freedomk64f/src/ksdk_armgcc_lib/bm/libksdk_platform.a(fsl_gpio_hal.o)
                0x0000aeb4                GPIO_HAL_WritePinOutput
 .text.UART_HAL_Init
                0x0000aee4       0x2a C:/ProgramData/MATLAB/SupportPackages/R2020a/toolbox/target/supportpackages/freedomk64f/src/ksdk_armgcc_lib/bm/libksdk_platform.a(fsl_uart_hal.o)
                0x0000aee4                UART_HAL_Init
 .text.UART_HAL_SetBaudRate
                0x0000af0e       0x42 C:/ProgramData/MATLAB/SupportPackages/R2020a/toolbox/target/supportpackages/freedomk64f/src/ksdk_armgcc_lib/bm/libksdk_platform.a(fsl_uart_hal.o)
                0x0000af0e                UART_HAL_SetBaudRate
 .text.UART_HAL_SetParityMode
                0x0000af50       0x14 C:/ProgramData/MATLAB/SupportPackages/R2020a/toolbox/target/supportpackages/freedomk64f/src/ksdk_armgcc_lib/bm/libksdk_platform.a(fsl_uart_hal.o)
                0x0000af50                UART_HAL_SetParityMode
 .text.UART_HAL_Putchar
                0x0000af64        0x6 C:/ProgramData/MATLAB/SupportPackages/R2020a/toolbox/target/supportpackages/freedomk64f/src/ksdk_armgcc_lib/bm/libksdk_platform.a(fsl_uart_hal.o)
                0x0000af64                UART_HAL_Putchar
 .text.UART_HAL_Getchar
                0x0000af6a        0x8 C:/ProgramData/MATLAB/SupportPackages/R2020a/toolbox/target/supportpackages/freedomk64f/src/ksdk_armgcc_lib/bm/libksdk_platform.a(fsl_uart_hal.o)
                0x0000af6a                UART_HAL_Getchar
 .text.UART_HAL_SetIntMode
                0x0000af72       0x66 C:/ProgramData/MATLAB/SupportPackages/R2020a/toolbox/target/supportpackages/freedomk64f/src/ksdk_armgcc_lib/bm/libksdk_platform.a(fsl_uart_hal.o)
                0x0000af72                UART_HAL_SetIntMode
 .text.UART_HAL_SetTxDmaCmd
                0x0000afd8       0x24 C:/ProgramData/MATLAB/SupportPackages/R2020a/toolbox/target/supportpackages/freedomk64f/src/ksdk_armgcc_lib/bm/libksdk_platform.a(fsl_uart_hal.o)
                0x0000afd8                UART_HAL_SetTxDmaCmd
 .text.UART_HAL_SetRxDmaCmd
                0x0000affc       0x16 C:/ProgramData/MATLAB/SupportPackages/R2020a/toolbox/target/supportpackages/freedomk64f/src/ksdk_armgcc_lib/bm/libksdk_platform.a(fsl_uart_hal.o)
                0x0000affc                UART_HAL_SetRxDmaCmd
 .text.UART_HAL_GetStatusFlag
                0x0000b012       0x2a C:/ProgramData/MATLAB/SupportPackages/R2020a/toolbox/target/supportpackages/freedomk64f/src/ksdk_armgcc_lib/bm/libksdk_platform.a(fsl_uart_hal.o)
                0x0000b012                UART_HAL_GetStatusFlag
 .text.UART_HAL_ClearStatusFlag
                0x0000b03c       0x64 C:/ProgramData/MATLAB/SupportPackages/R2020a/toolbox/target/supportpackages/freedomk64f/src/ksdk_armgcc_lib/bm/libksdk_platform.a(fsl_uart_hal.o)
                0x0000b03c                UART_HAL_ClearStatusFlag
 .text.ceil     0x0000b0a0      0x110 c:/progra~3/matlab/suppor~1/r2020a/3p778c~1.ins/gnuarm~1.ins/win/bin/../lib/gcc/arm-none-eabi/7.2.1/../../../../arm-none-eabi/lib/thumb/v7e-m/fpv4-sp/hard\libm.a(lib_a-s_ceil.o)
                0x0000b0a0                ceil
 .text.fabs     0x0000b1b0       0x14 c:/progra~3/matlab/suppor~1/r2020a/3p778c~1.ins/gnuarm~1.ins/win/bin/../lib/gcc/arm-none-eabi/7.2.1/../../../../arm-none-eabi/lib/thumb/v7e-m/fpv4-sp/hard\libm.a(lib_a-s_fabs.o)
                0x0000b1b0                fabs
 *fill*         0x0000b1c4        0x4 
 .text.floor    0x0000b1c8      0x110 c:/progra~3/matlab/suppor~1/r2020a/3p778c~1.ins/gnuarm~1.ins/win/bin/../lib/gcc/arm-none-eabi/7.2.1/../../../../arm-none-eabi/lib/thumb/v7e-m/fpv4-sp/hard\libm.a(lib_a-s_floor.o)
                0x0000b1c8                floor
 .text.abort    0x0000b2d8       0x10 c:/progra~3/matlab/suppor~1/r2020a/3p778c~1.ins/gnuarm~1.ins/win/bin/../lib/gcc/arm-none-eabi/7.2.1/../../../../arm-none-eabi/lib/thumb/v7e-m/fpv4-sp/hard\libg.a(lib_a-abort.o)
                0x0000b2d8                abort
 .text.__assert_func
                0x0000b2e8       0x3c c:/progra~3/matlab/suppor~1/r2020a/3p778c~1.ins/gnuarm~1.ins/win/bin/../lib/gcc/arm-none-eabi/7.2.1/../../../../arm-none-eabi/lib/thumb/v7e-m/fpv4-sp/hard\libg.a(lib_a-assert.o)
                0x0000b2e8                __assert_func
 .text.atexit   0x0000b324        0xc c:/progra~3/matlab/suppor~1/r2020a/3p778c~1.ins/gnuarm~1.ins/win/bin/../lib/gcc/arm-none-eabi/7.2.1/../../../../arm-none-eabi/lib/thumb/v7e-m/fpv4-sp/hard\libg.a(lib_a-atexit.o)
                0x0000b324                atexit
 .text.__errno  0x0000b330        0xc c:/progra~3/matlab/suppor~1/r2020a/3p778c~1.ins/gnuarm~1.ins/win/bin/../lib/gcc/arm-none-eabi/7.2.1/../../../../arm-none-eabi/lib/thumb/v7e-m/fpv4-sp/hard\libg.a(lib_a-errno.o)
                0x0000b330                __errno
 .text.exit     0x0000b33c       0x20 c:/progra~3/matlab/suppor~1/r2020a/3p778c~1.ins/gnuarm~1.ins/win/bin/../lib/gcc/arm-none-eabi/7.2.1/../../../../arm-none-eabi/lib/thumb/v7e-m/fpv4-sp/hard\libg.a(lib_a-exit.o)
                0x0000b33c                exit
 .text.__libc_fini_array
                0x0000b35c       0x34 c:/progra~3/matlab/suppor~1/r2020a/3p778c~1.ins/gnuarm~1.ins/win/bin/../lib/gcc/arm-none-eabi/7.2.1/../../../../arm-none-eabi/lib/thumb/v7e-m/fpv4-sp/hard\libg.a(lib_a-fini.o)
                0x0000b35c                __libc_fini_array
 .text.fiprintf
                0x0000b390       0x28 c:/progra~3/matlab/suppor~1/r2020a/3p778c~1.ins/gnuarm~1.ins/win/bin/../lib/gcc/arm-none-eabi/7.2.1/../../../../arm-none-eabi/lib/thumb/v7e-m/fpv4-sp/hard\libg.a(lib_a-fiprintf.o)
                0x0000b390                fiprintf
 .text.__libc_init_array
                0x0000b3b8       0x48 c:/progra~3/matlab/suppor~1/r2020a/3p778c~1.ins/gnuarm~1.ins/win/bin/../lib/gcc/arm-none-eabi/7.2.1/../../../../arm-none-eabi/lib/thumb/v7e-m/fpv4-sp/hard\libg.a(lib_a-init.o)
                0x0000b3b8                __libc_init_array
 .text.malloc   0x0000b400       0x10 c:/progra~3/matlab/suppor~1/r2020a/3p778c~1.ins/gnuarm~1.ins/win/bin/../lib/gcc/arm-none-eabi/7.2.1/../../../../arm-none-eabi/lib/thumb/v7e-m/fpv4-sp/hard\libg.a(lib_a-malloc.o)
                0x0000b400                malloc
 .text.free     0x0000b410       0x10 c:/progra~3/matlab/suppor~1/r2020a/3p778c~1.ins/gnuarm~1.ins/win/bin/../lib/gcc/arm-none-eabi/7.2.1/../../../../arm-none-eabi/lib/thumb/v7e-m/fpv4-sp/hard\libg.a(lib_a-malloc.o)
                0x0000b410                free
 .text._malloc_r
                0x0000b420      0x548 c:/progra~3/matlab/suppor~1/r2020a/3p778c~1.ins/gnuarm~1.ins/win/bin/../lib/gcc/arm-none-eabi/7.2.1/../../../../arm-none-eabi/lib/thumb/v7e-m/fpv4-sp/hard\libg.a(lib_a-mallocr.o)
                0x0000b420                _malloc_r
 .text.memset   0x0000b968       0x94 c:/progra~3/matlab/suppor~1/r2020a/3p778c~1.ins/gnuarm~1.ins/win/bin/../lib/gcc/arm-none-eabi/7.2.1/../../../../arm-none-eabi/lib/thumb/v7e-m/fpv4-sp/hard\libg.a(lib_a-memset.o)
                0x0000b968                memset
 .text.__malloc_lock
                0x0000b9fc        0xc c:/progra~3/matlab/suppor~1/r2020a/3p778c~1.ins/gnuarm~1.ins/win/bin/../lib/gcc/arm-none-eabi/7.2.1/../../../../arm-none-eabi/lib/thumb/v7e-m/fpv4-sp/hard\libg.a(lib_a-mlock.o)
                0x0000b9fc                __malloc_lock
 .text.__malloc_unlock
                0x0000ba08        0xc c:/progra~3/matlab/suppor~1/r2020a/3p778c~1.ins/gnuarm~1.ins/win/bin/../lib/gcc/arm-none-eabi/7.2.1/../../../../arm-none-eabi/lib/thumb/v7e-m/fpv4-sp/hard\libg.a(lib_a-mlock.o)
                0x0000ba08                __malloc_unlock
 .text._sbrk_r  0x0000ba14       0x24 c:/progra~3/matlab/suppor~1/r2020a/3p778c~1.ins/gnuarm~1.ins/win/bin/../lib/gcc/arm-none-eabi/7.2.1/../../../../arm-none-eabi/lib/thumb/v7e-m/fpv4-sp/hard\libg.a(lib_a-sbrkr.o)
                0x0000ba14                _sbrk_r
 .text._raise_r
                0x0000ba38       0x58 c:/progra~3/matlab/suppor~1/r2020a/3p778c~1.ins/gnuarm~1.ins/win/bin/../lib/gcc/arm-none-eabi/7.2.1/../../../../arm-none-eabi/lib/thumb/v7e-m/fpv4-sp/hard\libg.a(lib_a-signal.o)
                0x0000ba38                _raise_r
 .text.raise    0x0000ba90       0x10 c:/progra~3/matlab/suppor~1/r2020a/3p778c~1.ins/gnuarm~1.ins/win/bin/../lib/gcc/arm-none-eabi/7.2.1/../../../../arm-none-eabi/lib/thumb/v7e-m/fpv4-sp/hard\libg.a(lib_a-signal.o)
                0x0000ba90                raise
 .text._kill_r  0x0000baa0       0x28 c:/progra~3/matlab/suppor~1/r2020a/3p778c~1.ins/gnuarm~1.ins/win/bin/../lib/gcc/arm-none-eabi/7.2.1/../../../../arm-none-eabi/lib/thumb/v7e-m/fpv4-sp/hard\libg.a(lib_a-signalr.o)
                0x0000baa0                _kill_r
 .text._getpid_r
                0x0000bac8        0x4 c:/progra~3/matlab/suppor~1/r2020a/3p778c~1.ins/gnuarm~1.ins/win/bin/../lib/gcc/arm-none-eabi/7.2.1/../../../../arm-none-eabi/lib/thumb/v7e-m/fpv4-sp/hard\libg.a(lib_a-signalr.o)
                0x0000bac8                _getpid_r
 .text.__sprint_r.part.0
                0x0000bacc       0x78 c:/progra~3/matlab/suppor~1/r2020a/3p778c~1.ins/gnuarm~1.ins/win/bin/../lib/gcc/arm-none-eabi/7.2.1/../../../../arm-none-eabi/lib/thumb/v7e-m/fpv4-sp/hard\libg.a(lib_a-vfiprintf.o)
 .text._vfiprintf_r
                0x0000bb44      0xc24 c:/progra~3/matlab/suppor~1/r2020a/3p778c~1.ins/gnuarm~1.ins/win/bin/../lib/gcc/arm-none-eabi/7.2.1/../../../../arm-none-eabi/lib/thumb/v7e-m/fpv4-sp/hard\libg.a(lib_a-vfiprintf.o)
                0x0000bb44                _vfiprintf_r
 .text.__sbprintf
                0x0000c768       0x84 c:/progra~3/matlab/suppor~1/r2020a/3p778c~1.ins/gnuarm~1.ins/win/bin/../lib/gcc/arm-none-eabi/7.2.1/../../../../arm-none-eabi/lib/thumb/v7e-m/fpv4-sp/hard\libg.a(lib_a-vfiprintf.o)
 .text.__swsetup_r
                0x0000c7ec       0xcc c:/progra~3/matlab/suppor~1/r2020a/3p778c~1.ins/gnuarm~1.ins/win/bin/../lib/gcc/arm-none-eabi/7.2.1/../../../../arm-none-eabi/lib/thumb/v7e-m/fpv4-sp/hard\libg.a(lib_a-wsetup.o)
                0x0000c7ec                __swsetup_r
 .text.__register_exitproc
                0x0000c8b8       0xc0 c:/progra~3/matlab/suppor~1/r2020a/3p778c~1.ins/gnuarm~1.ins/win/bin/../lib/gcc/arm-none-eabi/7.2.1/../../../../arm-none-eabi/lib/thumb/v7e-m/fpv4-sp/hard\libg.a(lib_a-__atexit.o)
                0x0000c8b8                __register_exitproc
 .text.startup.register_fini
                0x0000c978       0x14 c:/progra~3/matlab/suppor~1/r2020a/3p778c~1.ins/gnuarm~1.ins/win/bin/../lib/gcc/arm-none-eabi/7.2.1/../../../../arm-none-eabi/lib/thumb/v7e-m/fpv4-sp/hard\libg.a(lib_a-__call_atexit.o)
 .text.__call_exitprocs
                0x0000c98c       0xe8 c:/progra~3/matlab/suppor~1/r2020a/3p778c~1.ins/gnuarm~1.ins/win/bin/../lib/gcc/arm-none-eabi/7.2.1/../../../../arm-none-eabi/lib/thumb/v7e-m/fpv4-sp/hard\libg.a(lib_a-__call_atexit.o)
                0x0000c98c                __call_exitprocs
 .text.__sflush_r
                0x0000ca74      0x154 c:/progra~3/matlab/suppor~1/r2020a/3p778c~1.ins/gnuarm~1.ins/win/bin/../lib/gcc/arm-none-eabi/7.2.1/../../../../arm-none-eabi/lib/thumb/v7e-m/fpv4-sp/hard\libg.a(lib_a-fflush.o)
                0x0000ca74                __sflush_r
 .text._fflush_r
                0x0000cbc8       0x5c c:/progra~3/matlab/suppor~1/r2020a/3p778c~1.ins/gnuarm~1.ins/win/bin/../lib/gcc/arm-none-eabi/7.2.1/../../../../arm-none-eabi/lib/thumb/v7e-m/fpv4-sp/hard\libg.a(lib_a-fflush.o)